Archive member included because of file (symbol)

C:/Users/bkirii/Desktop/c/base_test_14/TRAINAPP/lib/FMG_TPlus.a(VGE_FMG.o)
                              Obj/GNU_ARM_DEBUG_TETRA/Entry.o (FMG_Init)
C:/Users/bkirii/Desktop/c/base_test_14/TRAINAPP/lib/FMG_TPlus.a(md5.o)
                              C:/Users/bkirii/Desktop/c/base_test_14/TRAINAPP/lib/FMG_TPlus.a(VGE_FMG.o) (md5_init)
C:/Program Files/TeliumSDK/SDK11.16.8.02/SDKTPLUS/HW_TETRA/gnu_473/lib/Platform/ExtraGPRS.lib(gprs_GetInformation.o)
                              Obj/GNU_ARM_DEBUG_TETRA/ComGPRS.o (gprs_GetInformation)
C:/Program Files/TeliumSDK/SDK11.16.8.02/SDKTPLUS/HW_TETRA/gnu_473/lib/Platform/ExtraGPRS.lib(gprs_SetPinModeFree.o)
                              Obj/GNU_ARM_DEBUG_TETRA/ComGPRS.o (gprs_SetPinModeFree)
C:/Program Files/TeliumSDK/SDK11.16.8.02/SDKTPLUS/HW_TETRA/gnu_473/lib/Platform/ExtraGPRS.lib(gprs_SubmitPuk.o)
                              Obj/GNU_ARM_DEBUG_TETRA/ComGPRS.o (gprs_SubmitPuk)
C:/Program Files/TeliumSDK/SDK11.16.8.02/SDKTPLUS/HW_TETRA/gnu_473/lib/Platform/ExtraGPRS.lib(LIBGPRS_asm_link.o)
                              C:/Program Files/TeliumSDK/SDK11.16.8.02/SDKTPLUS/HW_TETRA/gnu_473/lib/Platform/ExtraGPRS.lib(gprs_GetInformation.o) (LIBGPRS_InitFuncAndBranch)
C:/Program Files/TeliumSDK/SDK11.16.8.02/SDKTPLUS/HW_TETRA/gnu_473/lib/Platform/ExtraGPRS.lib(LIBGPRS_link.o)
                              C:/Program Files/TeliumSDK/SDK11.16.8.02/SDKTPLUS/HW_TETRA/gnu_473/lib/Platform/ExtraGPRS.lib(LIBGPRS_asm_link.o) (LIBGPRS_GetProcAddress)
C:/Program Files/TeliumSDK/SDK11.16.8.02/SDKTPLUS/HW_TETRA/gnu_473/lib/Platform/liblinklayer.lib(LL_ClearReceiveBuffer.o)
                              Obj/GNU_ARM_DEBUG_TETRA/ComGPRS.o (LL_ClearReceiveBuffer)
C:/Program Files/TeliumSDK/SDK11.16.8.02/SDKTPLUS/HW_TETRA/gnu_473/lib/Platform/liblinklayer.lib(LL_ClearSendBuffer.o)
                              Obj/GNU_ARM_DEBUG_TETRA/ComGPRS.o (LL_ClearSendBuffer)
C:/Program Files/TeliumSDK/SDK11.16.8.02/SDKTPLUS/HW_TETRA/gnu_473/lib/Platform/liblinklayer.lib(LL_Configure.o)
                              Obj/GNU_ARM_DEBUG_TETRA/ComGPRS.o (LL_Configure)
C:/Program Files/TeliumSDK/SDK11.16.8.02/SDKTPLUS/HW_TETRA/gnu_473/lib/Platform/liblinklayer.lib(LL_Connect.o)
                              Obj/GNU_ARM_DEBUG_TETRA/ComGPRS.o (LL_Connect)
C:/Program Files/TeliumSDK/SDK11.16.8.02/SDKTPLUS/HW_TETRA/gnu_473/lib/Platform/liblinklayer.lib(LL_Disconnect.o)
                              Obj/GNU_ARM_DEBUG_TETRA/ComGPRS.o (LL_Disconnect)
C:/Program Files/TeliumSDK/SDK11.16.8.02/SDKTPLUS/HW_TETRA/gnu_473/lib/Platform/liblinklayer.lib(LL_GetLastError.o)
                              Obj/GNU_ARM_DEBUG_TETRA/ComGPRS.o (LL_GetLastError)
C:/Program Files/TeliumSDK/SDK11.16.8.02/SDKTPLUS/HW_TETRA/gnu_473/lib/Platform/liblinklayer.lib(LL_GPRS_Connect.o)
                              Obj/GNU_ARM_DEBUG_TETRA/ComGPRS.o (LL_GPRS_Connect)
C:/Program Files/TeliumSDK/SDK11.16.8.02/SDKTPLUS/HW_TETRA/gnu_473/lib/Platform/liblinklayer.lib(LL_GPRS_Start.o)
                              Obj/GNU_ARM_DEBUG_TETRA/ComGPRS.o (LL_GPRS_Start)
C:/Program Files/TeliumSDK/SDK11.16.8.02/SDKTPLUS/HW_TETRA/gnu_473/lib/Platform/liblinklayer.lib(LL_GSM_Start.o)
                              Obj/GNU_ARM_DEBUG_TETRA/ComGPRS.o (LL_GSM_Start)
C:/Program Files/TeliumSDK/SDK11.16.8.02/SDKTPLUS/HW_TETRA/gnu_473/lib/Platform/liblinklayer.lib(LL_Network_GetStatus.o)
                              Obj/GNU_ARM_DEBUG_TETRA/ComGPRS.o (LL_Network_GetStatus)
C:/Program Files/TeliumSDK/SDK11.16.8.02/SDKTPLUS/HW_TETRA/gnu_473/lib/Platform/liblinklayer.lib(LL_Receive.o)
                              Obj/GNU_ARM_DEBUG_TETRA/ComGPRS.o (LL_Receive)
C:/Program Files/TeliumSDK/SDK11.16.8.02/SDKTPLUS/HW_TETRA/gnu_473/lib/Platform/liblinklayer.lib(LL_Send.o)
                              Obj/GNU_ARM_DEBUG_TETRA/ComGPRS.o (LL_Send)
C:/Program Files/TeliumSDK/SDK11.16.8.02/SDKTPLUS/HW_TETRA/gnu_473/lib/Platform/liblinklayer.lib(LINKLAYER_asm_link.o)
                              C:/Program Files/TeliumSDK/SDK11.16.8.02/SDKTPLUS/HW_TETRA/gnu_473/lib/Platform/liblinklayer.lib(LL_ClearReceiveBuffer.o) (LINKLAYER_InitFuncAndBranch)
C:/Program Files/TeliumSDK/SDK11.16.8.02/SDKTPLUS/HW_TETRA/gnu_473/lib/Platform/liblinklayer.lib(LINKLAYER_link.o)
                              C:/Program Files/TeliumSDK/SDK11.16.8.02/SDKTPLUS/HW_TETRA/gnu_473/lib/Platform/liblinklayer.lib(LINKLAYER_asm_link.o) (LINKLAYER_GetProcAddress)
C:/Program Files/TeliumSDK/SDK11.16.8.02/SDKTPLUS/HW_TETRA/gnu_473/lib/Platform/TlvTree.lib(TlvTree_AddChild.o)
                              Obj/GNU_ARM_DEBUG_TETRA/ComGPRS.o (TlvTree_AddChild)
C:/Program Files/TeliumSDK/SDK11.16.8.02/SDKTPLUS/HW_TETRA/gnu_473/lib/Platform/TlvTree.lib(TlvTree_AddChildInteger.o)
                              Obj/GNU_ARM_DEBUG_TETRA/ComGPRS.o (TlvTree_AddChildInteger)
[...]
Memory Configuration

Name             Origin             Length             Attributes
*default*        0x00000000         0xffffffff

Linker script and memory map

LOAD E:/IngeDev_8.18.0.5/toolchains/gnuArm47v7a-4/arm-islero-linux-gnueabi/sysroot/usr/lib/crti.o
LOAD E:/IngeDev_8.18.0.5/toolchains/gnuArm47v7a-4/arm-islero-linux-gnueabi/sysroot/usr/lib/crt1.o
LOAD E:/IngeDev_8.18.0.5/toolchains/gnuArm47v7a-4/lib/gcc/arm-islero-linux-gnueabi/4.7.3/crtbegin.o
LOAD C:/Program Files/TeliumSDK/SDK11.16.8.02/SDKTPLUS/HW_TETRA/gnu_473/startfiles/startup_tplusentry.o
LOAD Obj/GNU_ARM_DEBUG_TETRA/Main.o
LOAD Obj/GNU_ARM_DEBUG_TETRA/Entry.o
LOAD Obj/GNU_ARM_DEBUG_TETRA/Menu.o
LOAD Obj/GNU_ARM_DEBUG_TETRA/ComGPRS.o
LOAD Obj/GNU_ARM_DEBUG_TETRA/Goal.o
LOAD Obj/GNU_ARM_DEBUG_TETRA/Mapapp.o
LOAD Obj/GNU_ARM_DEBUG_TETRA/FMG.o
LOAD Obj/GNU_ARM_DEBUG_TETRA/Utility.o
LOAD Obj/GNU_ARM_DEBUG_TETRA/Timer.o
LOAD Obj/GNU_ARM_DEBUG_TETRA/iso8583.o
LOAD Obj/GNU_ARM_DEBUG_TETRA/transaction.o
LOAD Obj/GNU_ARM_DEBUG_TETRA/globals.o
LOAD Obj/GNU_ARM_DEBUG_TETRA/magnetic.o
LOAD Obj/GNU_ARM_DEBUG_TETRA/schemes.o
LOAD Obj/GNU_ARM_DEBUG_TETRA/amount.o
START GROUP
LOAD C:/Users/bkirii/Desktop/c/base_test_14/TRAINAPP/lib/FMG_TPlus.a
LOAD C:/Program Files/TeliumSDK/SDK11.16.8.02/SDKTPLUS/HW_TETRA/gnu_473/lib/Platform/libSecurityTp.lib
LOAD C:/Program Files/TeliumSDK/SDK11.16.8.02/SDKTPLUS/HW_TETRA/gnu_473/lib/Platform/libpackip.lib
LOAD C:/Program Files/TeliumSDK/SDK11.16.8.02/SDKTPLUS/HW_TETRA/gnu_473/lib/Platform/LIBGRAPHICS.T3L
LOAD C:/Program Files/TeliumSDK/SDK11.16.8.02/SDKTPLUS/HW_TETRA/gnu_473/lib/Platform/SPMCI_TPlus.lib
LOAD C:/Program Files/TeliumSDK/SDK11.16.8.02/SDKTPLUS/HW_TETRA/gnu_473/lib/Platform/ExtraGPRS.lib
LOAD C:/Program Files/TeliumSDK/SDK11.16.8.02/SDKTPLUS/HW_TETRA/gnu_473/lib/Platform/LIBTPLUSMANAGER.LIB
LOAD C:/Program Files/TeliumSDK/SDK11.16.8.02/SDKTPLUS/HW_TETRA/gnu_473/lib/Platform/LIBOS.T3L
LOAD C:/Program Files/TeliumSDK/SDK11.16.8.02/SDKTPLUS/HW_TETRA/gnu_473/lib/Platform/liblinklayer.lib
LOAD C:/Program Files/TeliumSDK/SDK11.16.8.02/SDKTPLUS/HW_TETRA/gnu_473/lib/Platform/SQLITELIB.a
LOAD C:/Program Files/TeliumSDK/SDK11.16.8.02/SDKTPLUS/HW_TETRA/gnu_473/lib/Platform/LIBSERVICE.T3L
LOAD C:/Program Files/TeliumSDK/SDK11.16.8.02/SDKTPLUS/HW_TETRA/gnu_473/lib/Platform/LIBSVCDIRPX.T3L
LOAD C:/Program Files/TeliumSDK/SDK11.16.8.02/SDKTPLUS/HW_TETRA/gnu_473/lib/Platform/LIBSVCDIRSK.T3L
LOAD C:/Program Files/TeliumSDK/SDK11.16.8.02/SDKTPLUS/HW_TETRA/gnu_473/lib/Platform/libSecurityTp.lib
LOAD C:/Program Files/TeliumSDK/SDK11.16.8.02/SDKTPLUS/HW_TETRA/gnu_473/lib/Platform/libbluetooth.lib
LOAD C:/Program Files/TeliumSDK/SDK11.16.8.02/SDKTPLUS/HW_TETRA/gnu_473/lib/Platform/libwifi.lib
LOAD C:/Program Files/TeliumSDK/SDK11.16.8.02/SDKTPLUS/HW_TETRA/gnu_473/lib/Platform/libpackip.lib
LOAD C:/Program Files/TeliumSDK/SDK11.16.8.02/SDKTPLUS/HW_TETRA/gnu_473/lib/Platform/libTmsCall_TPlus.lib
LOAD C:/Program Files/TeliumSDK/SDK11.16.8.02/SDKTPLUS/HW_TETRA/gnu_473/lib/Platform/SPMCI_TPlus.lib
LOAD C:/Program Files/TeliumSDK/SDK11.16.8.02/SDKTPLUS/HW_TETRA/gnu_473/lib/Platform/ExtraGPRS.lib
LOAD C:/Program Files/TeliumSDK/SDK11.16.8.02/SDKTPLUS/HW_TETRA/gnu_473/lib/Platform/libndef.lib
LOAD C:/Program Files/TeliumSDK/SDK11.16.8.02/SDKTPLUS/HW_TETRA/gnu_473/lib/Platform/TlvTree.lib
LOAD C:/Program Files/TeliumSDK/SDK11.16.8.02/SDKTPLUS/HW_TETRA/gnu_473/lib/Platform/libwrapper_tplus.lib
LOAD C:/Program Files/TeliumSDK/SDK11.16.8.02/SDKTPLUS/HW_TETRA/gnu_473/lib/Platform/LIBTPLUSMANAGER.LIB
LOAD C:/Program Files/TeliumSDK/SDK11.16.8.02/SDKTPLUS/HW_TETRA/gnu_473/lib/Platform/LIBPROTOBUF.T3L
LOAD C:/Program Files/TeliumSDK/SDK11.16.8.02/SDKTPLUS/HW_TETRA/gnu_473/lib/Platform/LIBOS.T3L
LOAD C:/Program Files/TeliumSDK/SDK11.16.8.02/SDKTPLUS/HW_TETRA/gnu_473/lib/Platform/liblinklayer.lib
LOAD C:/Program Files/TeliumSDK/SDK11.16.8.02/SDKTPLUS/HW_TETRA/gnu_473/lib/Platform/SQLITELIB.a
LOAD C:/Program Files/TeliumSDK/SDK11.16.8.02/SDKTPLUS/HW_TETRA/gnu_473/lib/Platform/LIBSERVICE.T3L
LOAD C:/Program Files/TeliumSDK/SDK11.16.8.02/SDKTPLUS/HW_TETRA/gnu_473/lib/Platform/LIBSVCDIRPX.T3L
LOAD C:/Program Files/TeliumSDK/SDK11.16.8.02/SDKTPLUS/HW_TETRA/gnu_473/lib/Platform/LIBSVCDIRSK.T3L
LOAD C:/Program Files/TeliumSDK/SDK11.16.8.02/SDKTPLUS/HW_TETRA/gnu_473/lib/Platform/LIBGRAPHICS.T3L
LOAD C:/Program Files/TeliumSDK/SDK11.16.8.02/SDKTPLUS/HW_TETRA/gnu_473/lib/Platform\libSec.a
LOAD C:/Program Files/TeliumSDK/SDK11.16.8.02/SDKTPLUS/HW_TETRA/gnu_473/lib/Platform\libGRAPHICLIB.a
LOAD C:/Program Files/TeliumSDK/SDK11.16.8.02/SDKTPLUS/HW_TETRA/gnu_473/lib/Platform\libOSLAYER.a
LOAD C:/Program Files/TeliumSDK/SDK11.16.8.02/SDKTPLUS/HW_TETRA/gnu_473/lib/OS/libtelinux.so
LOAD C:/Program Files/TeliumSDK/SDK11.16.8.02/SDKTPLUS/HW_TETRA/gnu_473/lib/Platform\libSec.a
LOAD C:/Program Files/TeliumSDK/SDK11.16.8.02/SDKTPLUS/HW_TETRA/gnu_473/lib/Platform\libtpass.a
LOAD C:/Program Files/TeliumSDK/SDK11.16.8.02/SDKTPLUS/HW_TETRA/gnu_473/lib/Platform\libgtl.a
LOAD C:/Program Files/TeliumSDK/SDK11.16.8.02/SDKTPLUS/HW_TETRA/gnu_473/lib/Platform\libOSLAYER.a
LOAD C:/Program Files/TeliumSDK/SDK11.16.8.02/SDKTPLUS/HW_TETRA/gnu_473/lib/Platform\libmifare.a
LOAD C:/Program Files/TeliumSDK/SDK11.16.8.02/SDKTPLUS/HW_TETRA/gnu_473/lib/OS/libtelinux.so
LOAD C:/Program Files/TeliumSDK/SDK11.16.8.02/SDKTPLUS/HW_TETRA/gnu_473/lib/Platform\libGRAPHICLIB.a
LOAD E:/IngeDev_8.18.0.5/toolchains/gnuArm47v7a-4/arm-islero-linux-gnueabi/sysroot/usr/lib/libc.so
START GROUP
LOAD E:/IngeDev_8.18.0.5/toolchains/gnuArm47v7a-4/arm-islero-linux-gnueabi/sysroot/lib/libc.so.6
LOAD E:/IngeDev_8.18.0.5/toolchains/gnuArm47v7a-4/arm-islero-linux-gnueabi/sysroot/usr/lib/libc_nonshared.a
LOAD E:/IngeDev_8.18.0.5/toolchains/gnuArm47v7a-4/arm-islero-linux-gnueabi/sysroot/lib/ld-linux.so.3
END GROUP
START GROUP
LOAD E:/IngeDev_8.18.0.5/toolchains/gnuArm47v7a-4/arm-islero-linux-gnueabi/sysroot/lib/libc.so.6
LOAD E:/IngeDev_8.18.0.5/toolchains/gnuArm47v7a-4/arm-islero-linux-gnueabi/sysroot/usr/lib/libc_nonshared.a
LOAD E:/IngeDev_8.18.0.5/toolchains/gnuArm47v7a-4/arm-islero-linux-gnueabi/sysroot/lib/ld-linux.so.3
END GROUP
LOAD E:/IngeDev_8.18.0.5/toolchains/gnuArm47v7a-4/lib/gcc/arm-islero-linux-gnueabi/4.7.3\libgcc.a
LOAD E:/IngeDev_8.18.0.5/toolchains/gnuArm47v7a-4/arm-islero-linux-gnueabi/lib/libgcc_s.so
START GROUP
LOAD E:/IngeDev_8.18.0.5/toolchains/gnuArm47v7a-4/arm-islero-linux-gnueabi/lib\libgcc_s.so.1
LOAD E:/IngeDev_8.18.0.5/toolchains/gnuArm47v7a-4/lib/gcc/arm-islero-linux-gnueabi/4.7.3\libgcc.a
END GROUP
START GROUP
LOAD E:/IngeDev_8.18.0.5/toolchains/gnuArm47v7a-4/arm-islero-linux-gnueabi/lib\libgcc_s.so.1
LOAD E:/IngeDev_8.18.0.5/toolchains/gnuArm47v7a-4/lib/gcc/arm-islero-linux-gnueabi/4.7.3\libgcc.a
END GROUP
LOAD E:/IngeDev_8.18.0.5/toolchains/gnuArm47v7a-4/arm-islero-linux-gnueabi/lib/libstdc++.so
END GROUP
LOAD E:/IngeDev_8.18.0.5/toolchains/gnuArm47v7a-4/lib/gcc/arm-islero-linux-gnueabi/4.7.3/crtend.o
LOAD E:/IngeDev_8.18.0.5/toolchains/gnuArm47v7a-4/arm-islero-linux-gnueabi/sysroot/usr/lib/crtn.o
LOAD C:/Program Files/TeliumSDK/SDK11.16.8.02/SDKTPLUS/HW_TETRA/gnu_473/startfiles/stapp_legacyexitpoint.o
                0x00008000                PROVIDE (__executable_start, 0x8000)
                0x00008134                . = (0x8000 + SIZEOF_HEADERS)

.interp         0x00008134       0x13
 *(.interp)
 .interp        0x00008134       0x13 E:/IngeDev_8.18.0.5/toolchains/gnuArm47v7a-4/arm-islero-linux-gnueabi/sysroot/usr/lib/crti.o

.note.ABI-tag   0x00008148       0x20
 .note.ABI-tag  0x00008148       0x20 E:/IngeDev_8.18.0.5/toolchains/gnuArm47v7a-4/arm-islero-linux-gnueabi/sysroot/usr/lib/crt1.o

.note.gnu.build-id
 *(.note.gnu.build-id)

.hash           0x00008168      0x178
 *(.hash)
 .hash          0x00008168      0x178 E:/IngeDev_8.18.0.5/toolchains/gnuArm47v7a-4/arm-islero-linux-gnueabi/sysroot/usr/lib/crti.o

.gnu.hash
 *(.gnu.hash)

.dynsym         0x000082e0      0x370
 *(.dynsym)
 .dynsym        0x000082e0      0x370 E:/IngeDev_8.18.0.5/toolchains/gnuArm47v7a-4/arm-islero-linux-gnueabi/sysroot/usr/lib/crti.o

.dynstr         0x00008650      0x2f9
 *(.dynstr)
 .dynstr        0x00008650      0x2f9 E:/IngeDev_8.18.0.5/toolchains/gnuArm47v7a-4/arm-islero-linux-gnueabi/sysroot/usr/lib/crti.o

.gnu.version    0x0000894a       0x6e
 *(.gnu.version)
 .gnu.version   0x0000894a       0x6e E:/IngeDev_8.18.0.5/toolchains/gnuArm47v7a-4/arm-islero-linux-gnueabi/sysroot/usr/lib/crti.o

.gnu.version_d  0x000089b8        0x0
 *(.gnu.version_d)
 .gnu.version_d
                0x00000000        0x0 E:/IngeDev_8.18.0.5/toolchains/gnuArm47v7a-4/arm-islero-linux-gnueabi/sysroot/usr/lib/crti.o

.gnu.version_r  0x000089b8       0x50
 *(.gnu.version_r)
 .gnu.version_r
                0x000089b8       0x50 E:/IngeDev_8.18.0.5/toolchains/gnuArm47v7a-4/arm-islero-linux-gnueabi/sysroot/usr/lib/crti.o

.rel.dyn        0x00008a08       0x28
 *(.rel.init)
 *(.rel.text .rel.text.* .rel.gnu.linkonce.t.*)
 *(.rel.fini)
 *(.rel.rodata .rel.rodata.* .rel.gnu.linkonce.r.*)
 *(.rel.data.rel.ro* .rel.gnu.linkonce.d.rel.ro.*)
 *(.rel.data .rel.data.* .rel.gnu.linkonce.d.*)
 *(.rel.tdata .rel.tdata.* .rel.gnu.linkonce.td.*)
 *(.rel.tbss .rel.tbss.* .rel.gnu.linkonce.tb.*)
 *(.rel.ctors)
 *(.rel.dtors)
 *(.rel.got)
 .rel.got       0x00008a08       0x20 E:/IngeDev_8.18.0.5/toolchains/gnuArm47v7a-4/arm-islero-linux-gnueabi/sysroot/usr/lib/crti.o
 *(.rel.bss .rel.bss.* .rel.gnu.linkonce.b.*)
 .rel.bss       0x00008a28        0x8 E:/IngeDev_8.18.0.5/toolchains/gnuArm47v7a-4/arm-islero-linux-gnueabi/sysroot/usr/lib/crti.o
                0x00008a30                PROVIDE (__rel_iplt_start, .)
 *(.rel.iplt)
                0x00008a30                PROVIDE (__rel_iplt_end, .)
                0x00008a30                PROVIDE (__rela_iplt_start, .)
                0x00008a30                PROVIDE (__rela_iplt_end, .)

.rela.dyn       0x00008a30        0x0
 *(.rela.init)
 *(.rela.text .rela.text.* .rela.gnu.linkonce.t.*)
 *(.rela.fini)
 *(.rela.rodata .rela.rodata.* .rela.gnu.linkonce.r.*)
 *(.rela.data .rela.data.* .rela.gnu.linkonce.d.*)
 *(.rela.tdata .rela.tdata.* .rela.gnu.linkonce.td.*)
 *(.rela.tbss .rela.tbss.* .rela.gnu.linkonce.tb.*)
 *(.rela.ctors)
 *(.rela.dtors)
 *(.rela.got)
 *(.rela.bss .rela.bss.* .rela.gnu.linkonce.b.*)
                0x00008a30                PROVIDE (__rel_iplt_start, .)
                0x00008a30                PROVIDE (__rel_iplt_end, .)
                0x00008a30                PROVIDE (__rela_iplt_start, .)
 *(.rela.iplt)
                0x00008a30                PROVIDE (__rela_iplt_end, .)

.rel.plt        0x00008a30      0x130
 *(.rel.plt)
 .rel.plt       0x00008a30      0x130 E:/IngeDev_8.18.0.5/toolchains/gnuArm47v7a-4/arm-islero-linux-gnueabi/sysroot/usr/lib/crti.o

.rela.plt
 *(.rela.plt)

.init           0x00008b60        0xc
 *(.init)
 .init          0x00008b60        0x8 E:/IngeDev_8.18.0.5/toolchains/gnuArm47v7a-4/arm-islero-linux-gnueabi/sysroot/usr/lib/crti.o
                0x00008b60                _init
 .init          0x00008b68        0x4 E:/IngeDev_8.18.0.5/toolchains/gnuArm47v7a-4/arm-islero-linux-gnueabi/sysroot/usr/lib/crtn.o

.plt            0x00008b6c      0x1e8
 *(.plt)
 .plt           0x00008b6c      0x1e8 E:/IngeDev_8.18.0.5/toolchains/gnuArm47v7a-4/arm-islero-linux-gnueabi/sysroot/usr/lib/crti.o
                0x00008b80                Odm_AppGetCurrentAppliIdentifier
                0x00008b8c                getpid@@GLIBC_2.4
                0x00008b98                iniparser_getint
                0x00008ba4                atoi@@GLIBC_2.4
                0x00008bb0                Odm_AppGetAppliTypeFromAppId
                0x00008bbc                memset@@GLIBC_2.4
                0x00008bc8                Sap_trace_debug
                0x00008bd4                snprintf@@GLIBC_2.4
                0x00008be0                abort@@GLIBC_2.4
                0x00008bec                pause@@GLIBC_2.4
                0x00008bf8                memmove@@GLIBC_2.4
                0x00008c08                kill@@GLIBC_2.4
                0x00008c14                COREDBG_StackOverFlowSet
                0x00008c20                strcpy@@GLIBC_2.4
                0x00008c2c                iniparser_freedict
                0x00008c38                strcat@@GLIBC_2.4
                0x00008c44                OSL_Logger_Log
                0x00008c50                access@@GLIBC_2.4
                0x00008c60                Stapp_LegacyInstall
                0x00008c6c                raise@@GLIBC_2.4
                0x00008c78                memcpy@@GLIBC_2.4
                0x00008c84                strlen@@GLIBC_2.4
                0x00008c90                Sys_GetMode
                0x00008c9c                Stapp_LegacyInstall_end
                0x00008ca8                OSL_InitFuncAndBranch
                0x00008cb4                sprintf@@GLIBC_2.4
                0x00008cc0                Oem_upload_diagnostic_txt
                0x00008cd0                Stapp_LegacyUninstall
                0x00008cdc                strcmp@@GLIBC_2.4
                0x00008ce8                strncpy@@GLIBC_2.4
                0x00008cf4                memcmp@@GLIBC_2.4
                0x00008d00                strrchr@@GLIBC_2.4
                0x00008d0c                getenv@@GLIBC_2.4
                0x00008d18                __libc_start_main@@GLIBC_2.4
                0x00008d24                vsprintf@@GLIBC_2.4
                0x00008d30                iniparser_load
                0x00008d48                strchr@@GLIBC_2.4

.iplt
 *(.iplt)

.text           0x00008d54    0x197c8
 *(.text.unlikely .text.*_unlikely)
 *(.text.exit .text.exit.*)
 .text.exit     0x00008d54      0x104 C:/Program Files/TeliumSDK/SDK11.16.8.02/SDKTPLUS/HW_TETRA/gnu_473/startfiles/stapp_legacyexitpoint.o
                0x00008d54                telinux_after_main_last
                0x00008d90                telinux_gmon_dump_prepare
 *(.text.startup .text.startup.*)
 .text.startup  0x00008e58       0x14 C:/Program Files/TeliumSDK/SDK11.16.8.02/SDKTPLUS/HW_TETRA/gnu_473/startfiles/startup_tplusentry.o
                0x00008e58                main
                0x00008e68                telinux_before_main_first
 *(.text.hot .text.hot.*)
 *(.text .stub .text.* .gnu.linkonce.t.*)
 .text          0x00008e6c       0x24 E:/IngeDev_8.18.0.5/toolchains/gnuArm47v7a-4/arm-islero-linux-gnueabi/sysroot/usr/lib/crti.o
 .text          0x00008e90       0x3c E:/IngeDev_8.18.0.5/toolchains/gnuArm47v7a-4/arm-islero-linux-gnueabi/sysroot/usr/lib/crt1.o
                0x00008e90                _start
 .text          0x00008ecc       0xd8 E:/IngeDev_8.18.0.5/toolchains/gnuArm47v7a-4/lib/gcc/arm-islero-linux-gnueabi/4.7.3/crtbegin.o
 .text          0x00008fa4       0x14 C:/Program Files/TeliumSDK/SDK11.16.8.02/SDKTPLUS/HW_TETRA/gnu_473/startfiles/startup_tplusentry.o
                0x00008fa4                __stack_chk_fail
 .text          0x00008fb8      0x2c4 Obj/GNU_ARM_DEBUG_TETRA/Main.o
                0x00008fb8                Main
 .text          0x0000927c     0x1368 Obj/GNU_ARM_DEBUG_TETRA/Entry.o
                0x000092bc                give_your_domain
                0x00009328                after_reset
                0x00009674                is_name
                0x00009714                is_state
                0x00009774                idle_message
                0x00009838                more_function
                0x00009878                keyboard_event
                0x00009970                state
                0x00009a60                consult
                0x00009b1c                mcall
                0x00009bd8                is_time_function
                0x00009c38                time_function
                0x00009ca0                is_change_init
                0x00009d44                modif_param
                0x00009ddc                is_evol_pg
                0x00009e3c                is_delete
                0x00009e7c                file_received
                0x0000a020                message_received
                0x0000a0dc                is_card_specific
                0x0000a13c                card_inside
                0x0000a18c                is_for_you_after
                0x0000a32c                debit_non_emv
                0x0000a4a4                give_interface
                0x0000a518                entry
 .text          0x0000a5e4      0x45c Obj/GNU_ARM_DEBUG_TETRA/Menu.o
                0x0000a5e4                menuGoalDisplay
                0x0000a76c                initUIContext
                0x0000a888                releaseUIContext
                0x0000a990                ResetPeripherals
 .text          0x0000aa40     0x2500 Obj/GNU_ARM_DEBUG_TETRA/ComGPRS.o
                0x0000bcc8                PromptGPRS
                0x0000c414                ComGPRS
 .text          0x0000cf40     0x24cc Obj/GNU_ARM_DEBUG_TETRA/Goal.o
                0x0000d0d0                GoalCreateScreen
                0x0000d40c                GoalClrScreen
                0x0000d608                GoalRefreshScreen
                0x0000d640                GoalDspLine
                0x0000d9e8                GoalDspMultiLine
                0x0000dcac                GoalGetKey
                0x0000df70                GoalDestroyScreen
                0x0000dfb0                GoalCreateDrawing
                0x0000e184                GoalClrDrawing
                0x0000e2a4                GoalDrawLine
                0x0000e3ec                GoalDrawRect
                0x0000e54c                GoalDrawEllipse
                0x0000e6ac                GoalDrawText
                0x0000e848                GoalDestroyDrawing
                0x0000e888                GoalCreatePicture
                0x0000ea88                GoalClrPicture
                0x0000ebe8                GoalDspPicture
                0x0000ee98                GoalDestroyPicture
                0x0000eed8                GoalCreateDocument
                0x0000ef50                GoalPrnLine
                0x0000f130                GoalPrnMultiLine
                0x0000f2cc                GoalPrnPicture
                0x0000f374                GoalPrnDocument
                0x0000f3cc                GoalDestroyDocument
 .text          0x0000f40c      0x3dc Obj/GNU_ARM_DEBUG_TETRA/Mapapp.o
                0x0000f40c                getAppCmpDat
                0x0000f444                getAppCmpTim
                0x0000f47c                appLen
                0x0000f4e0                appReset
                0x0000f638                appPut
                0x0000f708                appGet
 .text          0x0000f7e8      0xa54 Obj/GNU_ARM_DEBUG_TETRA/FMG.o
                0x0000f7e8                FMGCreateBatch
                0x0000f8ec                FMGDeleteBatch
                0x0000faa4                FMGAddDelTransactions
                0x0000fe94                FMGReadTransactions
 .text          0x0001023c     0x1220 Obj/GNU_ARM_DEBUG_TETRA/Utility.o
                0x0001023c                FMG_ErrorMsg
                0x0001040c                LL_ErrorMsg
                0x00010b18                SEC_ErrorMsg
                0x00010dc8                OpenConverter
                0x00010fcc                SetParity
                0x000110b0                CheckParity
                0x00011174                parseStr
                0x000111f8                UintToIp
                0x00011278                IpToUint
                0x000113a0                ParamExist
                0x00011408                AppliExist
 .text          0x0001145c      0x358 Obj/GNU_ARM_DEBUG_TETRA/Timer.o
                0x0001145c                TimerStart
                0x000114fc                TimerGet
                0x00011584                TimerStop
                0x000115e4                Timer
 .text          0x000117b4       0x88 Obj/GNU_ARM_DEBUG_TETRA/iso8583.o
                0x000117b4                isoFmt
                0x000117f8                isoFmt_Gateway
 .text          0x0001183c      0xc48 Obj/GNU_ARM_DEBUG_TETRA/transaction.o
                0x00011e2c                getLen_
                0x00011ea8                getLen_fmt
                0x00012130                reqBuild
                0x00012370                doTransaction
 .text          0x00012484     0x4878 Obj/GNU_ARM_DEBUG_TETRA/globals.o
                0x00012484                bPtr
                0x000124cc                wPtr
                0x00012514                cPtr
                0x0001255c                dPtr
                0x000125e8                num2dec
                0x00012830                dec2num
                0x00012948                num2hex
                0x00012a20                hex2num
                0x00012b10                bin2hex
                0x00012bb0                hex2bin
                0x00012c74                Hex2Text
                0x00012d68                bin2num
                0x00012de4                num2bin
                0x00012e58                tmrStart
                0x00012ed4                tmrGet
                0x00012f44                tmrStop
                0x00012f98                tmrPause
                0x00012ff0                bufReset
                0x00013038                bufInit
                0x00013088                bufDim
                0x000130c0                bufPtr
                0x000130f8                bufLen
                0x00013130                bufSet
                0x000131ac                bufIns
                0x00013298                bufOwr
                0x00013318                bufDel
                0x000133b0                bufApp
                0x000133f8                bufCat
                0x0001344c                bufCpy
                0x00013494                bufGet
                0x000134e0                queReset
                0x00013530                queInit
                0x00013570                quePut
                0x00013630                queNxt
                0x000136a4                queGet
                0x00013738                queLen
                0x00013770                queRewind
                0x000137b0                quePutTag
                0x00013800                quePutTlv
                0x00013888                queGetTag
                0x000138d4                queGetTlv
                0x00013930                queFindTlv
                0x000139a8                queMergeTlv
                0x00013ad4                bitOn
                0x00013b40                bitOff
                0x00013bb0                bitTest
                0x00013c18                tbxParity
                0x00013cf4                tbxCheckParity
                0x00013dc4                fmtSbs
                0x00013e20                fmtTok
                0x00013ec8                fmtPad
                0x00013f78                fmtCnt
                0x000140c0                fmtIns
                0x0001419c                fmtAmt
                0x00014384                fmtMut
                0x0001448c                fmtDel
                0x00014550                fmtTcp
                0x000145e4                fmtDate
                0x0001468c                fmtTime
                0x00014734                isSorted
                0x00014ac0                addStr
                0x00014b4c                subStr
                0x00014be4                stdPow
                0x00014c3c                stdLrc
                0x00014ca0                trk2Lrc
                0x00014d18                stdGetAcc
                0x00014dac                stdLuhnCheck
                0x00014ec0                stdArgMsgCrc16
                0x00014f38                stdCrc16
                0x00014ffc                xor
                0x0001506c                stdParity
                0x000156bc                stdDES
                0x000156fc                stdSED
                0x0001573c                stdEDE
                0x0001579c                stdDED
                0x00015880                hashJerkinsBin
                0x00015950                bmpWdt
                0x00015998                bmpHgt
                0x000159e0                bmpDat
                0x00015a18                Radix64Encode
                0x00015b64                Radix64Decode
                0x00015e74                BaseToDec
                0x00015f58                stdOWF
                0x00016218                ts2dt
                0x00016334                dt2ts
                0x00016468                count_chars
                0x000164d8                begKey
                0x00016528                mapGet
                0x000165a8                mapDatLen
                0x0001660c                mapPut
                0x0001678c                getDateTime
                0x00016a10                strFormatDatTim
                0x00016afc                message_RemoveCard
                0x00016be0                strtouppercase
                0x00016c54                kbdKey
                0x00016cb0                basename
 .text          0x00016cfc      0x7c4 Obj/GNU_ARM_DEBUG_TETRA/magnetic.o
                0x00016cfc                IsoError
                0x00016e0c                Magnetic
 .text          0x000174c0     0x24d0 Obj/GNU_ARM_DEBUG_TETRA/schemes.o
                0x000177c4                GetPpdDisplay
                0x00017ed8                SetConfig
                0x000181a4                GetConfig
                0x00018bdc                CreateSecret
                0x00018d28                FreeSecret
                0x00018dc8                LoadIso9564Key
                0x00018f20                LoadMacKey
                0x000190ec                Iso9564PinEntry
                0x00019510                MacCalculation
                0x00019948                LoadKeysAuto
 .text          0x00019990       0xf4 Obj/GNU_ARM_DEBUG_TETRA/amount.o
                0x00019990                amount
 .text          0x00019a84     0x4948 C:/Users/bkirii/Desktop/c/base_test_14/TRAINAPP/lib/FMG_TPlus.a(VGE_FMG.o)
                0x00019a84                CreateOrMountDisk
                0x00019b10                SaveMangementFile
                0x00019bd4                ExtraireFileID
                0x00019c80                DeleteFileFromTable
                0x00019d1c                AddModifyRecordBegin
                0x0001a03c                AddModifyRecordBeginWithCkecksum
                0x0001a458                AddModifyRecordMiddle
                0x0001a870                AddModifyRecordMiddleWithCkecksum
                0x0001ada0                AddModifyRecordEnd
                0x0001b25c                AddModifyRecordEndWithCkecksum
                0x0001b674                DeleteRecordBegin
                0x0001b8e8                DeleteRecordBeginWithCkecksum
                0x0001bc18                DeleteRecordMiddle
                0x0001bf58                DeleteRecordMiddleWithCkecksum
                0x0001c384                DeleteRecordEnd
                0x0001c6c0                DeleteRecordEndWithCkecksum
                0x0001ca0c                IsFileEmpty
                0x0001ca64                FMG_Init
                0x0001cc6c                FMG_GetFileDescription
                0x0001ccc4                FMG_CreateFile
                0x0001ce88                FMG_DeleteFile
                0x0001cf68                FMG_CreateFileType
                0x0001d18c                FMG_DeleteFileType
                0x0001d29c                FMG_CheckFileCoherence
                0x0001d4e0                FMG_CheckRecordCoherence
                0x0001d55c                FMG_CalculMD5
                0x0001d5d0                FMG_AddRecord
                0x0001d8e8                FMG_ModifyRecord
                0x0001dc34                FMG_ReadRecord
                0x0001e0b8                FMG_DeleteRecord
 .text          0x0001e3cc      0xfbc C:/Users/bkirii/Desktop/c/base_test_14/TRAINAPP/lib/FMG_TPlus.a(md5.o)
                0x0001f12c                md5_init
                0x0001f1a0                md5_append
                0x0001f2b8                md5_finish
 .text          0x0001f388       0x24 C:/Program Files/TeliumSDK/SDK11.16.8.02/SDKTPLUS/HW_TETRA/gnu_473/lib/Platform/ExtraGPRS.lib(gprs_GetInformation.o)
                0x0001f392                gprs_GetInformation
 .text          0x0001f3ac       0x24 C:/Program Files/TeliumSDK/SDK11.16.8.02/SDKTPLUS/HW_TETRA/gnu_473/lib/Platform/ExtraGPRS.lib(gprs_SetPinModeFree.o)
                0x0001f3b6                gprs_SetPinModeFree
 .text          0x0001f3d0       0x24 C:/Program Files/TeliumSDK/SDK11.16.8.02/SDKTPLUS/HW_TETRA/gnu_473/lib/Platform/ExtraGPRS.lib(gprs_SubmitPuk.o)
                0x0001f3da                gprs_SubmitPuk
 .text          0x0001f3f4       0x10 C:/Program Files/TeliumSDK/SDK11.16.8.02/SDKTPLUS/HW_TETRA/gnu_473/lib/Platform/ExtraGPRS.lib(LIBGPRS_asm_link.o)
                0x0001f3f4                LIBGPRS_InitFuncAndBranch
 .text          0x0001f404       0x98 C:/Program Files/TeliumSDK/SDK11.16.8.02/SDKTPLUS/HW_TETRA/gnu_473/lib/Platform/ExtraGPRS.lib(LIBGPRS_link.o)
                0x0001f404                LIBGPRS_GetProcAddressWithoutExit
                0x0001f464                LIBGPRS_GetProcAddress
                0x0001f48c                LIBGPRS_IsPresent
 .text          0x0001f49c       0x24 C:/Program Files/TeliumSDK/SDK11.16.8.02/SDKTPLUS/HW_TETRA/gnu_473/lib/Platform/liblinklayer.lib(LL_ClearReceiveBuffer.o)
                0x0001f4a6                LL_ClearReceiveBuffer
 .text          0x0001f4c0       0x24 C:/Program Files/TeliumSDK/SDK11.16.8.02/SDKTPLUS/HW_TETRA/gnu_473/lib/Platform/liblinklayer.lib(LL_ClearSendBuffer.o)
                0x0001f4ca                LL_ClearSendBuffer
 .text          0x0001f4e4       0x24 C:/Program Files/TeliumSDK/SDK11.16.8.02/SDKTPLUS/HW_TETRA/gnu_473/lib/Platform/liblinklayer.lib(LL_Configure.o)
                0x0001f4ee                LL_Configure
 .text          0x0001f508       0x24 C:/Program Files/TeliumSDK/SDK11.16.8.02/SDKTPLUS/HW_TETRA/gnu_473/lib/Platform/liblinklayer.lib(LL_Connect.o)
                0x0001f512                LL_Connect
 .text          0x0001f52c       0x24 C:/Program Files/TeliumSDK/SDK11.16.8.02/SDKTPLUS/HW_TETRA/gnu_473/lib/Platform/liblinklayer.lib(LL_Disconnect.o)
                0x0001f536                LL_Disconnect
 .text          0x0001f550       0x24 C:/Program Files/TeliumSDK/SDK11.16.8.02/SDKTPLUS/HW_TETRA/gnu_473/lib/Platform/liblinklayer.lib(LL_GetLastError.o)
                0x0001f55a                LL_GetLastError
 .text          0x0001f574       0x24 C:/Program Files/TeliumSDK/SDK11.16.8.02/SDKTPLUS/HW_TETRA/gnu_473/lib/Platform/liblinklayer.lib(LL_GPRS_Connect.o)
                0x0001f57e                LL_GPRS_Connect
 .text          0x0001f598       0x24 C:/Program Files/TeliumSDK/SDK11.16.8.02/SDKTPLUS/HW_TETRA/gnu_473/lib/Platform/liblinklayer.lib(LL_GPRS_Start.o)
                0x0001f5a2                LL_GPRS_Start
 .text          0x0001f5bc       0x24 C:/Program Files/TeliumSDK/SDK11.16.8.02/SDKTPLUS/HW_TETRA/gnu_473/lib/Platform/liblinklayer.lib(LL_GSM_Start.o)
                0x0001f5c6                LL_GSM_Start
 .text          0x0001f5e0       0x24 C:/Program Files/TeliumSDK/SDK11.16.8.02/SDKTPLUS/HW_TETRA/gnu_473/lib/Platform/liblinklayer.lib(LL_Network_GetStatus.o)
                0x0001f5ea                LL_Network_GetStatus
 .text          0x0001f604       0x24 C:/Program Files/TeliumSDK/SDK11.16.8.02/SDKTPLUS/HW_TETRA/gnu_473/lib/Platform/liblinklayer.lib(LL_Receive.o)
                0x0001f60e                LL_Receive
 .text          0x0001f628       0x24 C:/Program Files/TeliumSDK/SDK11.16.8.02/SDKTPLUS/HW_TETRA/gnu_473/lib/Platform/liblinklayer.lib(LL_Send.o)
                0x0001f632                LL_Send
 .text          0x0001f64c       0x10 C:/Program Files/TeliumSDK/SDK11.16.8.02/SDKTPLUS/HW_TETRA/gnu_473/lib/Platform/liblinklayer.lib(LINKLAYER_asm_link.o)
                0x0001f64c                LINKLAYER_InitFuncAndBranch
 .text          0x0001f65c       0x98 C:/Program Files/TeliumSDK/SDK11.16.8.02/SDKTPLUS/HW_TETRA/gnu_473/lib/Platform/liblinklayer.lib(LINKLAYER_link.o)
                0x0001f65c                LINKLAYER_GetProcAddressWithoutExit
                0x0001f6bc                LINKLAYER_GetProcAddress
                0x0001f6e4                LINKLAYER_IsPresent
 .text          0x0001f6f4       0x24 C:/Program Files/TeliumSDK/SDK11.16.8.02/SDKTPLUS/HW_TETRA/gnu_473/lib/Platform/TlvTree.lib(TlvTree_AddChild.o)
                0x0001f6fe                TlvTree_AddChild
 .text          0x0001f718       0x24 C:/Program Files/TeliumSDK/SDK11.16.8.02/SDKTPLUS/HW_TETRA/gnu_473/lib/Platform/TlvTree.lib(TlvTree_AddChildInteger.o)
                0x0001f722                TlvTree_AddChildInteger
 .text          0x0001f73c       0x24 C:/Program Files/TeliumSDK/SDK11.16.8.02/SDKTPLUS/HW_TETRA/gnu_473/lib/Platform/TlvTree.lib(TlvTree_AddChildString.o)
                0x0001f746                TlvTree_AddChildString
 .text          0x0001f760       0x24 C:/Program Files/TeliumSDK/SDK11.16.8.02/SDKTPLUS/HW_TETRA/gnu_473/lib/Platform/TlvTree.lib(TlvTree_New.o)
                0x0001f76a                TlvTree_New
 .text          0x0001f784       0x24 C:/Program Files/TeliumSDK/SDK11.16.8.02/SDKTPLUS/HW_TETRA/gnu_473/lib/Platform/TlvTree.lib(TlvTree_Release.o)
                0x0001f78e                TlvTree_Release
 .text          0x0001f7a8       0x10 C:/Program Files/TeliumSDK/SDK11.16.8.02/SDKTPLUS/HW_TETRA/gnu_473/lib/Platform/TlvTree.lib(TLV_TREE_DLL_asm_link.o)
                0x0001f7a8                TLV_TREE_DLL_InitFuncAndBranch
 .text          0x0001f7b8       0x98 C:/Program Files/TeliumSDK/SDK11.16.8.02/SDKTPLUS/HW_TETRA/gnu_473/lib/Platform/TlvTree.lib(TLV_TREE_DLL_link.o)
                0x0001f7b8                TLV_TREE_DLL_GetProcAddressWithoutExit
                0x0001f818                TLV_TREE_DLL_GetProcAddress
                0x0001f840                TLV_TREE_DLL_IsPresent
 .text          0x0001f850       0x60 C:/Program Files/TeliumSDK/SDK11.16.8.02/SDKTPLUS/HW_TETRA/gnu_473/lib/Platform/libwrapper_tplus.lib(DLLExist.o)
                0x0001f85c                DLLExist
 .text          0x0001f8b0       0x60 C:/Program Files/TeliumSDK/SDK11.16.8.02/SDKTPLUS/HW_TETRA/gnu_473/lib/Platform/libwrapper_tplus.lib(d_tolong.o)
                0x0001f8bc                d_tolong
 .text          0x0001f910       0x5c C:/Program Files/TeliumSDK/SDK11.16.8.02/SDKTPLUS/HW_TETRA/gnu_473/lib/Platform/libwrapper_tplus.lib(stdcam0.o)
                0x0001f918                stdcam0
 .text          0x0001f96c       0x7c C:/Program Files/TeliumSDK/SDK11.16.8.02/SDKTPLUS/HW_TETRA/gnu_473/lib/Platform/libwrapper_tplus.lib(extenstp1.o)
                0x0001f96c                GetProcAddressExtens
                0x0001f98c                extenslib_open
                0x0001f9d0                extenslib_close
 .text          0x0001f9e8       0x64 C:/Program Files/TeliumSDK/SDK11.16.8.02/SDKTPLUS/HW_TETRA/gnu_473/lib/Platform/libwrapper_tplus.lib(Telium_Fclose.o)
                0x0001f9f8                Telium_Fclose
 .text          0x0001fa4c       0x64 C:/Program Files/TeliumSDK/SDK11.16.8.02/SDKTPLUS/HW_TETRA/gnu_473/lib/Platform/libwrapper_tplus.lib(Telium_Fopen.o)
                0x0001fa5c                Telium_Fopen
 .text          0x0001fab0       0x60 C:/Program Files/TeliumSDK/SDK11.16.8.02/SDKTPLUS/HW_TETRA/gnu_473/lib/Platform/libwrapper_tplus.lib(Telium_Getc.o)
                0x0001fabc                Telium_Getc
 .text          0x0001fb10       0x64 C:/Program Files/TeliumSDK/SDK11.16.8.02/SDKTPLUS/HW_TETRA/gnu_473/lib/Platform/libwrapper_tplus.lib(Telium_Is_iso1.o)
                0x0001fb20                Telium_Is_iso1
 .text          0x0001fb74       0x64 C:/Program Files/TeliumSDK/SDK11.16.8.02/SDKTPLUS/HW_TETRA/gnu_473/lib/Platform/libwrapper_tplus.lib(Telium_Is_iso2.o)
                0x0001fb84                Telium_Is_iso2
 .text          0x0001fbd8       0x64 C:/Program Files/TeliumSDK/SDK11.16.8.02/SDKTPLUS/HW_TETRA/gnu_473/lib/Platform/libwrapper_tplus.lib(Telium_Is_iso3.o)
                0x0001fbe8                Telium_Is_iso3
 .text          0x0001fc3c       0x60 C:/Program Files/TeliumSDK/SDK11.16.8.02/SDKTPLUS/HW_TETRA/gnu_473/lib/Platform/libwrapper_tplus.lib(Telium_Reset_buf.o)
                0x0001fc50                Telium_Reset_buf
 .text          0x0001fc9c       0x60 C:/Program Files/TeliumSDK/SDK11.16.8.02/SDKTPLUS/HW_TETRA/gnu_473/lib/Platform/libwrapper_tplus.lib(Telium_Status.o)
                0x0001fcac                Telium_Status
 .text          0x0001fcfc       0x64 C:/Program Files/TeliumSDK/SDK11.16.8.02/SDKTPLUS/HW_TETRA/gnu_473/lib/Platform/libwrapper_tplus.lib(Telium_Stdin.o)
                0x0001fd0c                Telium_Stdin
 .text          0x0001fd60       0x64 C:/Program Files/TeliumSDK/SDK11.16.8.02/SDKTPLUS/HW_TETRA/gnu_473/lib/Platform/libwrapper_tplus.lib(Telium_Stdout.o)
                0x0001fd70                Telium_Stdout
 .text          0x0001fdc4       0x64 C:/Program Files/TeliumSDK/SDK11.16.8.02/SDKTPLUS/HW_TETRA/gnu_473/lib/Platform/libwrapper_tplus.lib(Telium_Stdperif.o)
                0x0001fdd4                Telium_Stdperif
 .text          0x0001fe28       0x64 C:/Program Files/TeliumSDK/SDK11.16.8.02/SDKTPLUS/HW_TETRA/gnu_473/lib/Platform/libwrapper_tplus.lib(Telium_Ttestall.o)
                0x0001fe38                Telium_Ttestall
 .text          0x0001fe8c       0x50 C:/Program Files/TeliumSDK/SDK11.16.8.02/SDKTPLUS/HW_TETRA/gnu_473/lib/Platform/libwrapper_tplus.lib(buzzer.o)
                0x0001fe94                buzzer
 .text          0x0001fedc       0x64 C:/Program Files/TeliumSDK/SDK11.16.8.02/SDKTPLUS/HW_TETRA/gnu_473/lib/Platform/libwrapper_tplus.lib(DrawExtendedString.o)
                0x0001fef0                DrawExtendedString
 .text          0x0001ff40       0x5c C:/Program Files/TeliumSDK/SDK11.16.8.02/SDKTPLUS/HW_TETRA/gnu_473/lib/Platform/libwrapper_tplus.lib(InitContexteGraphique.o)
                0x0001ff58                InitContexteGraphique
 .text          0x0001ff9c       0x58 C:/Program Files/TeliumSDK/SDK11.16.8.02/SDKTPLUS/HW_TETRA/gnu_473/lib/Platform/libwrapper_tplus.lib(PaintGraphics.o)
                0x0001ffac                PaintGraphics
 .text          0x0001fff4       0x64 C:/Program Files/TeliumSDK/SDK11.16.8.02/SDKTPLUS/HW_TETRA/gnu_473/lib/Platform/libwrapper_tplus.lib(_DrawExtendedString.o)
                0x00020008                _DrawExtendedString
 .text          0x00020058       0x7c C:/Program Files/TeliumSDK/SDK11.16.8.02/SDKTPLUS/HW_TETRA/gnu_473/lib/Platform/libwrapper_tplus.lib(libgrtp1.o)
                0x00020058                GetProcAddressLibgr
                0x00020078                libgrlib_open
                0x000200bc                libgrlib_close
 .text          0x000200d4       0x64 C:/Program Files/TeliumSDK/SDK11.16.8.02/SDKTPLUS/HW_TETRA/gnu_473/lib/Platform/libwrapper_tplus.lib(PSQ_Est_pinpad.o)
                0x000200e4                PSQ_Est_pinpad
 .text          0x00020138       0x6c C:/Program Files/TeliumSDK/SDK11.16.8.02/SDKTPLUS/HW_TETRA/gnu_473/lib/Platform/libwrapper_tplus.lib(PSQ_donner_type_pinpad.o)
                0x00020150                PSQ_donner_type_pinpad
 .text          0x000201a4       0x7c C:/Program Files/TeliumSDK/SDK11.16.8.02/SDKTPLUS/HW_TETRA/gnu_473/lib/Platform/libwrapper_tplus.lib(paramtp1.o)
                0x000201a4                GetProcAddressParam
                0x000201c4                paramlib_open
                0x00020208                paramlib_close
 .text          0x00020220       0x64 C:/Program Files/TeliumSDK/SDK11.16.8.02/SDKTPLUS/HW_TETRA/gnu_473/lib/Platform/libwrapper_tplus.lib(IsPPSConnected.o)
                0x00020230                IsPPSConnected
 .text          0x00020284       0x74 C:/Program Files/TeliumSDK/SDK11.16.8.02/SDKTPLUS/HW_TETRA/gnu_473/lib/Platform/libwrapper_tplus.lib(PPS_SendTerminalRefRequestCommand.o)
                0x000202a4                PPS_SendTerminalRefRequestCommand
 .text          0x000202f8       0x60 C:/Program Files/TeliumSDK/SDK11.16.8.02/SDKTPLUS/HW_TETRA/gnu_473/lib/Platform/libwrapper_tplus.lib(PPS_firstline.o)
                0x00020308                PPS_firstline
 .text          0x00020358       0x5c C:/Program Files/TeliumSDK/SDK11.16.8.02/SDKTPLUS/HW_TETRA/gnu_473/lib/Platform/libwrapper_tplus.lib(PPS_newline.o)
                0x00020364                PPS_newline
 .text          0x000203b4       0x7c C:/Program Files/TeliumSDK/SDK11.16.8.02/SDKTPLUS/HW_TETRA/gnu_473/lib/Platform/libwrapper_tplus.lib(pinpadtp1.o)
                0x000203b4                GetProcAddressPinpad
                0x000203d4                pinpadlib_open
                0x00020418                pinpadlib_close
 .text          0x00020430       0x60 C:/Program Files/TeliumSDK/SDK11.16.8.02/SDKTPLUS/HW_TETRA/gnu_473/lib/Platform/libwrapper_tplus.lib(PPS_Display.o)
                0x0002043c                PPS_Display
 .text          0x00020490       0x60 C:/Program Files/TeliumSDK/SDK11.16.8.02/SDKTPLUS/HW_TETRA/gnu_473/lib/Platform/libwrapper_tplus.lib(Telium_Read_date.o)
                0x000204a4                Telium_Read_date
 .text          0x000204f0       0x60 C:/Program Files/TeliumSDK/SDK11.16.8.02/SDKTPLUS/HW_TETRA/gnu_473/lib/Platform/libwrapper_tplus.lib(BoosterType.o)
                0x000204fc                BoosterType
 .text          0x00020550       0x64 C:/Program Files/TeliumSDK/SDK11.16.8.02/SDKTPLUS/HW_TETRA/gnu_473/lib/Platform/libwrapper_tplus.lib(IsColorDisplay.o)
                0x00020560                IsColorDisplay
 .text          0x000205b4       0x5c C:/Program Files/TeliumSDK/SDK11.16.8.02/SDKTPLUS/HW_TETRA/gnu_473/lib/Platform/libwrapper_tplus.lib(IsISO1.o)
                0x000205bc                IsISO1
 .text          0x00020610       0x5c C:/Program Files/TeliumSDK/SDK11.16.8.02/SDKTPLUS/HW_TETRA/gnu_473/lib/Platform/libwrapper_tplus.lib(IsISO2.o)
                0x00020618                IsISO2
 .text          0x0002066c       0x5c C:/Program Files/TeliumSDK/SDK11.16.8.02/SDKTPLUS/HW_TETRA/gnu_473/lib/Platform/libwrapper_tplus.lib(IsISO3.o)
                0x00020674                IsISO3
 .text          0x000206c8       0x60 C:/Program Files/TeliumSDK/SDK11.16.8.02/SDKTPLUS/HW_TETRA/gnu_473/lib/Platform/libwrapper_tplus.lib(IsPrinter.o)
                0x000206d4                IsPrinter
 .text          0x00020728       0x64 C:/Program Files/TeliumSDK/SDK11.16.8.02/SDKTPLUS/HW_TETRA/gnu_473/lib/Platform/libwrapper_tplus.lib(Telium_ServiceRegister.o)
                0x00020740                Telium_ServiceRegister
 .text          0x0002078c       0x2e C:/Program Files/TeliumSDK/SDK11.16.8.02/SDKTPLUS/HW_TETRA/gnu_473/lib/Platform/libwrapper_tplus.lib(Telium_Pprintf.o)
                0x0002078c                Telium_Pprintf
 .text          0x000207ba       0x20 C:/Program Files/TeliumSDK/SDK11.16.8.02/SDKTPLUS/HW_TETRA/gnu_473/lib/Platform/libwrapper_tplus.lib(Telium_Printf.o)
                0x000207ba                Telium_Printf
 *fill*         0x000207da        0x2 00000000
 .text          0x000207dc       0x20 C:/Program Files/TeliumSDK/SDK11.16.8.02/SDKTPLUS/HW_TETRA/gnu_473/lib/Platform/libwrapper_tplus.lib(Telium_Stdprt.o)
                0x000207e4                Telium_Stdprt
 .text          0x000207fc       0x20 C:/Program Files/TeliumSDK/SDK11.16.8.02/SDKTPLUS/HW_TETRA/gnu_473/lib/Platform/libwrapper_tplus.lib(Telium_Sprintf.o)
                0x000207fc                Telium_Sprintf
 .text          0x0002081c       0x64 C:/Program Files/TeliumSDK/SDK11.16.8.02/SDKTPLUS/HW_TETRA/gnu_473/lib/Platform/libwrapper_tplus.lib(ApplicationGetCurrent.o)
                0x00020834                ApplicationGetCurrent
 .text          0x00020880       0x58 C:/Program Files/TeliumSDK/SDK11.16.8.02/SDKTPLUS/HW_TETRA/gnu_473/lib/Platform/libwrapper_tplus.lib(FS_close.o)
                0x0002088c                FS_close
 .text          0x000208d8       0x5c C:/Program Files/TeliumSDK/SDK11.16.8.02/SDKTPLUS/HW_TETRA/gnu_473/lib/Platform/libwrapper_tplus.lib(FS_dskcreate.o)
                0x000208e8                FS_dskcreate
 .text          0x00020934       0x58 C:/Program Files/TeliumSDK/SDK11.16.8.02/SDKTPLUS/HW_TETRA/gnu_473/lib/Platform/libwrapper_tplus.lib(FS_exist.o)
                0x00020940                FS_exist
 .text          0x0002098c       0x58 C:/Program Files/TeliumSDK/SDK11.16.8.02/SDKTPLUS/HW_TETRA/gnu_473/lib/Platform/libwrapper_tplus.lib(FS_length.o)
                0x00020998                FS_length
 .text          0x000209e4       0x58 C:/Program Files/TeliumSDK/SDK11.16.8.02/SDKTPLUS/HW_TETRA/gnu_473/lib/Platform/libwrapper_tplus.lib(FS_mount.o)
                0x000209f0                FS_mount
 .text          0x00020a3c       0x54 C:/Program Files/TeliumSDK/SDK11.16.8.02/SDKTPLUS/HW_TETRA/gnu_473/lib/Platform/libwrapper_tplus.lib(FS_open.o)
                0x00020a44                FS_open
 .text          0x00020a90       0x54 C:/Program Files/TeliumSDK/SDK11.16.8.02/SDKTPLUS/HW_TETRA/gnu_473/lib/Platform/libwrapper_tplus.lib(FS_read.o)
                0x00020a98                FS_read
 .text          0x00020ae4       0x58 C:/Program Files/TeliumSDK/SDK11.16.8.02/SDKTPLUS/HW_TETRA/gnu_473/lib/Platform/libwrapper_tplus.lib(FS_rename.o)
                0x00020af0                FS_rename
 .text          0x00020b3c       0x50 C:/Program Files/TeliumSDK/SDK11.16.8.02/SDKTPLUS/HW_TETRA/gnu_473/lib/Platform/libwrapper_tplus.lib(FS_seek.o)
                0x00020b44                FS_seek
 .text          0x00020b8c       0x58 C:/Program Files/TeliumSDK/SDK11.16.8.02/SDKTPLUS/HW_TETRA/gnu_473/lib/Platform/libwrapper_tplus.lib(FS_unlink.o)
                0x00020b98                FS_unlink
 .text          0x00020be4       0x58 C:/Program Files/TeliumSDK/SDK11.16.8.02/SDKTPLUS/HW_TETRA/gnu_473/lib/Platform/libwrapper_tplus.lib(FS_unmount.o)
                0x00020bf0                FS_unmount
 .text          0x00020c3c       0x58 C:/Program Files/TeliumSDK/SDK11.16.8.02/SDKTPLUS/HW_TETRA/gnu_473/lib/Platform/libwrapper_tplus.lib(FS_write.o)
                0x00020c48                FS_write
 .text          0x00020c94       0x60 C:/Program Files/TeliumSDK/SDK11.16.8.02/SDKTPLUS/HW_TETRA/gnu_473/lib/Platform/libwrapper_tplus.lib(ObjectGetDescriptor.o)
                0x00020ca8                ObjectGetDescriptor
 .text          0x00020cf4       0x5c C:/Program Files/TeliumSDK/SDK11.16.8.02/SDKTPLUS/HW_TETRA/gnu_473/lib/Platform/libwrapper_tplus.lib(ObjectGetInfo.o)
                0x00020d04                ObjectGetInfo
 .text          0x00020d50       0x54 C:/Program Files/TeliumSDK/SDK11.16.8.02/SDKTPLUS/HW_TETRA/gnu_473/lib/Platform/libwrapper_tplus.lib(PageAlloc.o)
                0x00020d5c                PageAlloc
 .text          0x00020da4       0x58 C:/Program Files/TeliumSDK/SDK11.16.8.02/SDKTPLUS/HW_TETRA/gnu_473/lib/Platform/libwrapper_tplus.lib(PageFree.o)
                0x00020db0                PageFree
 .text          0x00020dfc       0x58 C:/Program Files/TeliumSDK/SDK11.16.8.02/SDKTPLUS/HW_TETRA/gnu_473/lib/Platform/libwrapper_tplus.lib(first_init.o)
                0x00020e08                first_init
 .text          0x00020e54       0x58 C:/Program Files/TeliumSDK/SDK11.16.8.02/SDKTPLUS/HW_TETRA/gnu_473/lib/Platform/libwrapper_tplus.lib(raz_init.o)
                0x00020e60                raz_init
 .text          0x00020eac       0x60 C:/Program Files/TeliumSDK/SDK11.16.8.02/SDKTPLUS/HW_TETRA/gnu_473/lib/Platform/libwrapper_tplus.lib(DisplayFooter.o)
                0x00020ec0                DisplayFooter
 .text          0x00020f0c       0x60 C:/Program Files/TeliumSDK/SDK11.16.8.02/SDKTPLUS/HW_TETRA/gnu_473/lib/Platform/libwrapper_tplus.lib(DisplayHeader.o)
                0x00020f20                DisplayHeader
 .text          0x00020f6c       0x5c C:/Program Files/TeliumSDK/SDK11.16.8.02/SDKTPLUS/HW_TETRA/gnu_473/lib/Platform/libwrapper_tplus.lib(DisplayLeds.o)
                0x00020f7c                DisplayLeds
 .text          0x00020fc8       0x5c C:/Program Files/TeliumSDK/SDK11.16.8.02/SDKTPLUS/HW_TETRA/gnu_473/lib/Platform/libwrapper_tplus.lib(IsFooter.o)
                0x00020fd8                IsFooter
 .text          0x00021024       0x64 C:/Program Files/TeliumSDK/SDK11.16.8.02/SDKTPLUS/HW_TETRA/gnu_473/lib/Platform/libwrapper_tplus.lib(IsHeader.o)
                0x0002103c                IsHeader
 .text          0x00021088       0x5c C:/Program Files/TeliumSDK/SDK11.16.8.02/SDKTPLUS/HW_TETRA/gnu_473/lib/Platform/libwrapper_tplus.lib(Telium_Exit.o)
                0x00021098                Telium_Exit
 .text          0x000210e4       0x68 C:/Program Files/TeliumSDK/SDK11.16.8.02/SDKTPLUS/HW_TETRA/gnu_473/lib/Platform/libwrapper_tplus.lib(upload_diagnostic_txt.o)
                0x00021100                upload_diagnostic_txt
 .text          0x0002114c       0x70 C:/Program Files/TeliumSDK/SDK11.16.8.02/SDKTPLUS/HW_TETRA/gnu_473/lib/Platform/libwrapper_tplus.lib(emulationtp1.o)
                0x0002114c                GetProcAddressEmulation
                0x0002116c                emulationlib_open
                0x000211a4                emulationlib_close
 .text          0x000211bc       0x70 C:/Program Files/TeliumSDK/SDK11.16.8.02/SDKTPLUS/HW_TETRA/gnu_473/lib/Platform/libwrapper_tplus.lib(TM_InitContexteGraphique.o)
                0x000211d8                TM_InitContexteGraphique
 .text          0x0002122c       0x50 C:/Program Files/TeliumSDK/SDK11.16.8.02/SDKTPLUS/HW_TETRA/gnu_473/lib/Platform/libwrapper_tplus.lib(extensttrois9.o)
                0x0002122c                Telium_Vfprintf
 .text          0x0002127c       0x7c C:/Program Files/TeliumSDK/SDK11.16.8.02/SDKTPLUS/HW_TETRA/gnu_473/lib/Platform/libwrapper_tplus.lib(toolstp1.o)
                0x0002127c                GetProcAddressTools
                0x0002129c                toolslib_open
                0x000212e0                toolslib_close
 .text          0x000212f8       0x70 C:/Program Files/TeliumSDK/SDK11.16.8.02/SDKTPLUS/HW_TETRA/gnu_473/lib/Platform/libwrapper_tplus.lib(wrappertp1.o)
                0x000212f8                GetProcAddressWrapper
                0x00021318                wrapperlib_open
                0x00021350                wrapperlib_close
 .text          0x00021368       0x24 C:/Program Files/TeliumSDK/SDK11.16.8.02/SDKTPLUS/HW_TETRA/gnu_473/lib/Platform\libSec.a(SEC_ComputeMAC.o)
                0x00021372                SEC_ComputeMAC
 .text          0x0002138c       0x24 C:/Program Files/TeliumSDK/SDK11.16.8.02/SDKTPLUS/HW_TETRA/gnu_473/lib/Platform\libSec.a(SEC_GetConfig.o)
                0x00021396                SEC_GetConfig
 .text          0x000213b0       0x24 C:/Program Files/TeliumSDK/SDK11.16.8.02/SDKTPLUS/HW_TETRA/gnu_473/lib/Platform\libSec.a(SEC_Iso9564.o)
                0x000213ba                SEC_Iso9564
 .text          0x000213d4       0x24 C:/Program Files/TeliumSDK/SDK11.16.8.02/SDKTPLUS/HW_TETRA/gnu_473/lib/Platform\libSec.a(SEC_isSecretArea.o)
                0x000213de                SEC_isSecretArea
 .text          0x000213f8       0x24 C:/Program Files/TeliumSDK/SDK11.16.8.02/SDKTPLUS/HW_TETRA/gnu_473/lib/Platform\libSec.a(SEC_KeyVerify.o)
                0x00021402                SEC_KeyVerify
 .text          0x0002141c       0x24 C:/Program Files/TeliumSDK/SDK11.16.8.02/SDKTPLUS/HW_TETRA/gnu_473/lib/Platform\libSec.a(SEC_listSecureId.o)
                0x00021426                SEC_listSecureId
 .text          0x00021440       0x24 C:/Program Files/TeliumSDK/SDK11.16.8.02/SDKTPLUS/HW_TETRA/gnu_473/lib/Platform\libSec.a(SEC_listTLVKeys.o)
                0x0002144a                SEC_listTLVKeys
 .text          0x00021464       0x24 C:/Program Files/TeliumSDK/SDK11.16.8.02/SDKTPLUS/HW_TETRA/gnu_473/lib/Platform\libSec.a(SEC_LoadKey.o)
                0x0002146e                SEC_LoadKey
 .text          0x00021488       0x24 C:/Program Files/TeliumSDK/SDK11.16.8.02/SDKTPLUS/HW_TETRA/gnu_473/lib/Platform\libSec.a(SEC_PinEntry.o)
                0x00021492                SEC_PinEntry
 .text          0x000214ac       0x24 C:/Program Files/TeliumSDK/SDK11.16.8.02/SDKTPLUS/HW_TETRA/gnu_473/lib/Platform\libSec.a(SEC_PinEntryInit.o)
                0x000214b6                SEC_PinEntryInit
 .text          0x000214d0       0x24 C:/Program Files/TeliumSDK/SDK11.16.8.02/SDKTPLUS/HW_TETRA/gnu_473/lib/Platform\libSec.a(SEC_SetConfig.o)
                0x000214da                SEC_SetConfig
 .text          0x000214f4       0x50 C:/Program Files/TeliumSDK/SDK11.16.8.02/SDKTPLUS/HW_TETRA/gnu_473/lib/Platform\libSec.a(Telium3.o)
                0x000214f4                SEClib_Version
                0x000214fc                SEClib_Open
                0x00021528                SEClib_Close
                0x00021540                LIBSEC_IsPresent
 .text          0x00021544       0x10 C:/Program Files/TeliumSDK/SDK11.16.8.02/SDKTPLUS/HW_TETRA/gnu_473/lib/Platform\libSec.a(LIBSECV2_asm_link.o)
                0x00021544                LIBSECV2_InitFuncAndBranch
 .text          0x00021554       0x98 C:/Program Files/TeliumSDK/SDK11.16.8.02/SDKTPLUS/HW_TETRA/gnu_473/lib/Platform\libSec.a(LIBSECV2_link.o)
                0x00021554                LIBSECV2_GetProcAddressWithoutExit
                0x000215b4                LIBSECV2_GetProcAddress
                0x000215dc                LIBSECV2_IsPresent
 .text          0x000215ec       0x24 C:/Program Files/TeliumSDK/SDK11.16.8.02/SDKTPLUS/HW_TETRA/gnu_473/lib/Platform\libGRAPHICLIB.a(GL_Button_Create.o)
                0x000215f8                GL_Button_Create
 .text          0x00021610       0x24 C:/Program Files/TeliumSDK/SDK11.16.8.02/SDKTPLUS/HW_TETRA/gnu_473/lib/Platform\libGRAPHICLIB.a(GL_Dialog_Amount.o)
                0x0002161c                GL_Dialog_Amount
 .text          0x00021634       0x24 C:/Program Files/TeliumSDK/SDK11.16.8.02/SDKTPLUS/HW_TETRA/gnu_473/lib/Platform\libGRAPHICLIB.a(GL_Dialog_Choice.o)
                0x00021640                GL_Dialog_Choice
 .text          0x00021658       0x24 C:/Program Files/TeliumSDK/SDK11.16.8.02/SDKTPLUS/HW_TETRA/gnu_473/lib/Platform\libGRAPHICLIB.a(GL_Dialog_Menu.o)
                0x00021664                GL_Dialog_Menu
 .text          0x0002167c       0x24 C:/Program Files/TeliumSDK/SDK11.16.8.02/SDKTPLUS/HW_TETRA/gnu_473/lib/Platform\libGRAPHICLIB.a(GL_Dialog_Message.o)
                0x00021688                GL_Dialog_Message
 .text          0x000216a0       0x24 C:/Program Files/TeliumSDK/SDK11.16.8.02/SDKTPLUS/HW_TETRA/gnu_473/lib/Platform\libGRAPHICLIB.a(GL_Dialog_Password.o)
                0x000216ac                GL_Dialog_Password
 .text          0x000216c4       0x24 C:/Program Files/TeliumSDK/SDK11.16.8.02/SDKTPLUS/HW_TETRA/gnu_473/lib/Platform\libGRAPHICLIB.a(GL_Dialog_Progress.o)
                0x000216d0                GL_Dialog_Progress
 .text          0x000216e8       0x24 C:/Program Files/TeliumSDK/SDK11.16.8.02/SDKTPLUS/HW_TETRA/gnu_473/lib/Platform\libGRAPHICLIB.a(GL_Dialog_Text.o)
                0x000216f4                GL_Dialog_Text
 .text          0x0002170c       0x24 C:/Program Files/TeliumSDK/SDK11.16.8.02/SDKTPLUS/HW_TETRA/gnu_473/lib/Platform\libGRAPHICLIB.a(GL_Dialog_VirtualKeyboard.o)
                0x00021718                GL_Dialog_VirtualKeyboard
 .text          0x00021730       0x24 C:/Program Files/TeliumSDK/SDK11.16.8.02/SDKTPLUS/HW_TETRA/gnu_473/lib/Platform\libGRAPHICLIB.a(GL_Document_Create.o)
                0x0002173c                GL_Document_Create
 .text          0x00021754       0x24 C:/Program Files/TeliumSDK/SDK11.16.8.02/SDKTPLUS/HW_TETRA/gnu_473/lib/Platform\libGRAPHICLIB.a(GL_Document_Print.o)
                0x00021760                GL_Document_Print
 .text          0x00021778       0x24 C:/Program Files/TeliumSDK/SDK11.16.8.02/SDKTPLUS/HW_TETRA/gnu_473/lib/Platform\libGRAPHICLIB.a(GL_Drawing_Clear.o)
                0x00021784                GL_Drawing_Clear
 .text          0x0002179c       0x24 C:/Program Files/TeliumSDK/SDK11.16.8.02/SDKTPLUS/HW_TETRA/gnu_473/lib/Platform\libGRAPHICLIB.a(GL_Drawing_Create.o)
                0x000217a8                GL_Drawing_Create
 .text          0x000217c0       0x24 C:/Program Files/TeliumSDK/SDK11.16.8.02/SDKTPLUS/HW_TETRA/gnu_473/lib/Platform\libGRAPHICLIB.a(GL_Drawing_DrawEllipse.o)
                0x000217cc                GL_Drawing_DrawEllipse
 .text          0x000217e4       0x24 C:/Program Files/TeliumSDK/SDK11.16.8.02/SDKTPLUS/HW_TETRA/gnu_473/lib/Platform\libGRAPHICLIB.a(GL_Drawing_DrawLine.o)
                0x000217f0                GL_Drawing_DrawLine
 .text          0x00021808       0x24 C:/Program Files/TeliumSDK/SDK11.16.8.02/SDKTPLUS/HW_TETRA/gnu_473/lib/Platform\libGRAPHICLIB.a(GL_Drawing_DrawRect.o)
                0x00021814                GL_Drawing_DrawRect
 .text          0x0002182c       0x24 C:/Program Files/TeliumSDK/SDK11.16.8.02/SDKTPLUS/HW_TETRA/gnu_473/lib/Platform\libGRAPHICLIB.a(GL_Drawing_DrawText.o)
                0x00021838                GL_Drawing_DrawText
 .text          0x00021850       0x24 C:/Program Files/TeliumSDK/SDK11.16.8.02/SDKTPLUS/HW_TETRA/gnu_473/lib/Platform\libGRAPHICLIB.a(GL_Drawing_SetBrush.o)
                0x0002185c                GL_Drawing_SetBrush
 .text          0x00021874       0x24 C:/Program Files/TeliumSDK/SDK11.16.8.02/SDKTPLUS/HW_TETRA/gnu_473/lib/Platform\libGRAPHICLIB.a(GL_Drawing_SetFont.o)
                0x00021880                GL_Drawing_SetFont
 .text          0x00021898       0x24 C:/Program Files/TeliumSDK/SDK11.16.8.02/SDKTPLUS/HW_TETRA/gnu_473/lib/Platform\libGRAPHICLIB.a(GL_Drawing_SetPen.o)
                0x000218a4                GL_Drawing_SetPen
 .text          0x000218bc       0x24 C:/Program Files/TeliumSDK/SDK11.16.8.02/SDKTPLUS/HW_TETRA/gnu_473/lib/Platform\libGRAPHICLIB.a(GL_GraphicLib_BindSingleKey.o)
                0x000218c8                GL_GraphicLib_BindSingleKey
 .text          0x000218e0       0x80 C:/Program Files/TeliumSDK/SDK11.16.8.02/SDKTPLUS/HW_TETRA/gnu_473/lib/Platform\libGRAPHICLIB.a(GL_GraphicLib_Create.o)
                0x000218e0                GL_GraphicLib_Create
                0x00021940                GL_GraphicLib_Create_Init
 .text          0x00021960       0x24 C:/Program Files/TeliumSDK/SDK11.16.8.02/SDKTPLUS/HW_TETRA/gnu_473/lib/Platform\libGRAPHICLIB.a(GL_GraphicLib_IsTouchPresent.o)
                0x0002196c                GL_GraphicLib_IsTouchPresent
 .text          0x00021984       0x24 C:/Program Files/TeliumSDK/SDK11.16.8.02/SDKTPLUS/HW_TETRA/gnu_473/lib/Platform\libGRAPHICLIB.a(GL_GraphicLib_SetCharset.o)
                0x00021990                GL_GraphicLib_SetCharset
 .text          0x000219a8       0x24 C:/Program Files/TeliumSDK/SDK11.16.8.02/SDKTPLUS/HW_TETRA/gnu_473/lib/Platform\libGRAPHICLIB.a(GL_GraphicLib_UnbindKey.o)
                0x000219b4                GL_GraphicLib_UnbindKey
 .text          0x000219cc       0x24 C:/Program Files/TeliumSDK/SDK11.16.8.02/SDKTPLUS/HW_TETRA/gnu_473/lib/Platform\libGRAPHICLIB.a(GL_Label_Create.o)
                0x000219d8                GL_Label_Create
 .text          0x000219f0       0x24 C:/Program Files/TeliumSDK/SDK11.16.8.02/SDKTPLUS/HW_TETRA/gnu_473/lib/Platform\libGRAPHICLIB.a(GL_Layout_Create.o)
                0x000219fc                GL_Layout_Create
 .text          0x00021a14       0x24 C:/Program Files/TeliumSDK/SDK11.16.8.02/SDKTPLUS/HW_TETRA/gnu_473/lib/Platform\libGRAPHICLIB.a(GL_Message_GetKey.o)
                0x00021a20                GL_Message_GetKey
 .text          0x00021a38       0x24 C:/Program Files/TeliumSDK/SDK11.16.8.02/SDKTPLUS/HW_TETRA/gnu_473/lib/Platform\libGRAPHICLIB.a(GL_Message_GetWidget.o)
                0x00021a44                GL_Message_GetWidget
 .text          0x00021a5c       0x24 C:/Program Files/TeliumSDK/SDK11.16.8.02/SDKTPLUS/HW_TETRA/gnu_473/lib/Platform\libGRAPHICLIB.a(GL_Message_SetResult.o)
                0x00021a68                GL_Message_SetResult
 .text          0x00021a80       0x24 C:/Program Files/TeliumSDK/SDK11.16.8.02/SDKTPLUS/HW_TETRA/gnu_473/lib/Platform\libGRAPHICLIB.a(GL_Message_SetUserData.o)
                0x00021a8c                GL_Message_SetUserData
 .text          0x00021aa4       0x24 C:/Program Files/TeliumSDK/SDK11.16.8.02/SDKTPLUS/HW_TETRA/gnu_473/lib/Platform\libGRAPHICLIB.a(GL_Picture_Create.o)
                0x00021ab0                GL_Picture_Create
 .text          0x00021ac8       0x24 C:/Program Files/TeliumSDK/SDK11.16.8.02/SDKTPLUS/HW_TETRA/gnu_473/lib/Platform\libGRAPHICLIB.a(GL_Print_Create.o)
                0x00021ad4                GL_Print_Create
 .text          0x00021aec       0x24 C:/Program Files/TeliumSDK/SDK11.16.8.02/SDKTPLUS/HW_TETRA/gnu_473/lib/Platform\libGRAPHICLIB.a(GL_Timer_Create.o)
                0x00021af8                GL_Timer_Create
 .text          0x00021b10       0x24 C:/Program Files/TeliumSDK/SDK11.16.8.02/SDKTPLUS/HW_TETRA/gnu_473/lib/Platform\libGRAPHICLIB.a(GL_Timer_SetInterval.o)
                0x00021b1c                GL_Timer_SetInterval
 .text          0x00021b34       0x24 C:/Program Files/TeliumSDK/SDK11.16.8.02/SDKTPLUS/HW_TETRA/gnu_473/lib/Platform\libGRAPHICLIB.a(GL_Timer_Stop.o)
                0x00021b40                GL_Timer_Stop
 .text          0x00021b58       0x24 C:/Program Files/TeliumSDK/SDK11.16.8.02/SDKTPLUS/HW_TETRA/gnu_473/lib/Platform\libGRAPHICLIB.a(GL_Widget_Destroy.o)
                0x00021b64                GL_Widget_Destroy
 .text          0x00021b7c       0x24 C:/Program Files/TeliumSDK/SDK11.16.8.02/SDKTPLUS/HW_TETRA/gnu_473/lib/Platform\libGRAPHICLIB.a(GL_Widget_GetUserData.o)
                0x00021b88                GL_Widget_GetUserData
 .text          0x00021ba0       0x24 C:/Program Files/TeliumSDK/SDK11.16.8.02/SDKTPLUS/HW_TETRA/gnu_473/lib/Platform\libGRAPHICLIB.a(GL_Widget_RegisterCallback.o)
                0x00021bac                GL_Widget_RegisterCallback
 .text          0x00021bc4       0x24 C:/Program Files/TeliumSDK/SDK11.16.8.02/SDKTPLUS/HW_TETRA/gnu_473/lib/Platform\libGRAPHICLIB.a(GL_Widget_SearchId.o)
                0x00021bd0                GL_Widget_SearchId
 .text          0x00021be8       0x24 C:/Program Files/TeliumSDK/SDK11.16.8.02/SDKTPLUS/HW_TETRA/gnu_473/lib/Platform\libGRAPHICLIB.a(GL_Widget_SetBackAlign.o)
                0x00021bf4                GL_Widget_SetBackAlign
 .text          0x00021c0c       0x24 C:/Program Files/TeliumSDK/SDK11.16.8.02/SDKTPLUS/HW_TETRA/gnu_473/lib/Platform\libGRAPHICLIB.a(GL_Widget_SetBackColor.o)
                0x00021c18                GL_Widget_SetBackColor
 .text          0x00021c30       0x24 C:/Program Files/TeliumSDK/SDK11.16.8.02/SDKTPLUS/HW_TETRA/gnu_473/lib/Platform\libGRAPHICLIB.a(GL_Widget_SetBorders.o)
                0x00021c3c                GL_Widget_SetBorders
 .text          0x00021c54       0x24 C:/Program Files/TeliumSDK/SDK11.16.8.02/SDKTPLUS/HW_TETRA/gnu_473/lib/Platform\libGRAPHICLIB.a(GL_Widget_SetExpand.o)
                0x00021c60                GL_Widget_SetExpand
 .text          0x00021c78       0x24 C:/Program Files/TeliumSDK/SDK11.16.8.02/SDKTPLUS/HW_TETRA/gnu_473/lib/Platform\libGRAPHICLIB.a(GL_Widget_SetFocusable.o)
                0x00021c84                GL_Widget_SetFocusable
 .text          0x00021c9c       0x24 C:/Program Files/TeliumSDK/SDK11.16.8.02/SDKTPLUS/HW_TETRA/gnu_473/lib/Platform\libGRAPHICLIB.a(GL_Widget_SetFontName.o)
                0x00021ca8                GL_Widget_SetFontName
 .text          0x00021cc0       0x24 C:/Program Files/TeliumSDK/SDK11.16.8.02/SDKTPLUS/HW_TETRA/gnu_473/lib/Platform\libGRAPHICLIB.a(GL_Widget_SetFontScale.o)
                0x00021ccc                GL_Widget_SetFontScale
 .text          0x00021ce4       0x24 C:/Program Files/TeliumSDK/SDK11.16.8.02/SDKTPLUS/HW_TETRA/gnu_473/lib/Platform\libGRAPHICLIB.a(GL_Widget_SetFontStyle.o)
                0x00021cf0                GL_Widget_SetFontStyle
 .text          0x00021d08       0x24 C:/Program Files/TeliumSDK/SDK11.16.8.02/SDKTPLUS/HW_TETRA/gnu_473/lib/Platform\libGRAPHICLIB.a(GL_Widget_SetForeColor.o)
                0x00021d14                GL_Widget_SetForeColor
 .text          0x00021d2c       0x24 C:/Program Files/TeliumSDK/SDK11.16.8.02/SDKTPLUS/HW_TETRA/gnu_473/lib/Platform\libGRAPHICLIB.a(GL_Widget_SetGrow.o)
                0x00021d38                GL_Widget_SetGrow
 .text          0x00021d50       0x24 C:/Program Files/TeliumSDK/SDK11.16.8.02/SDKTPLUS/HW_TETRA/gnu_473/lib/Platform\libGRAPHICLIB.a(GL_Widget_SetId.o)
                0x00021d5c                GL_Widget_SetId
 .text          0x00021d74       0x24 C:/Program Files/TeliumSDK/SDK11.16.8.02/SDKTPLUS/HW_TETRA/gnu_473/lib/Platform\libGRAPHICLIB.a(GL_Widget_SetItem.o)
                0x00021d80                GL_Widget_SetItem
 .text          0x00021d98       0x24 C:/Program Files/TeliumSDK/SDK11.16.8.02/SDKTPLUS/HW_TETRA/gnu_473/lib/Platform\libGRAPHICLIB.a(GL_Widget_SetMargins.o)
                0x00021da4                GL_Widget_SetMargins
 .text          0x00021dbc       0x24 C:/Program Files/TeliumSDK/SDK11.16.8.02/SDKTPLUS/HW_TETRA/gnu_473/lib/Platform\libGRAPHICLIB.a(GL_Widget_SetMinSize.o)
                0x00021dc8                GL_Widget_SetMinSize
 .text          0x00021de0       0x24 C:/Program Files/TeliumSDK/SDK11.16.8.02/SDKTPLUS/HW_TETRA/gnu_473/lib/Platform\libGRAPHICLIB.a(GL_Widget_SetShortcut.o)
                0x00021dec                GL_Widget_SetShortcut
 .text          0x00021e04       0x24 C:/Program Files/TeliumSDK/SDK11.16.8.02/SDKTPLUS/HW_TETRA/gnu_473/lib/Platform\libGRAPHICLIB.a(GL_Widget_SetShrink.o)
                0x00021e10                GL_Widget_SetShrink
 .text          0x00021e28       0x24 C:/Program Files/TeliumSDK/SDK11.16.8.02/SDKTPLUS/HW_TETRA/gnu_473/lib/Platform\libGRAPHICLIB.a(GL_Widget_SetSize.o)
                0x00021e34                GL_Widget_SetSize
 .text          0x00021e4c       0x24 C:/Program Files/TeliumSDK/SDK11.16.8.02/SDKTPLUS/HW_TETRA/gnu_473/lib/Platform\libGRAPHICLIB.a(GL_Widget_SetSource.o)
                0x00021e58                GL_Widget_SetSource
 .text          0x00021e70       0x24 C:/Program Files/TeliumSDK/SDK11.16.8.02/SDKTPLUS/HW_TETRA/gnu_473/lib/Platform\libGRAPHICLIB.a(GL_Widget_SetText.o)
                0x00021e7c                GL_Widget_SetText
 .text          0x00021e94       0x24 C:/Program Files/TeliumSDK/SDK11.16.8.02/SDKTPLUS/HW_TETRA/gnu_473/lib/Platform\libGRAPHICLIB.a(GL_Widget_SetTextAlign.o)
                0x00021ea0                GL_Widget_SetTextAlign
 .text          0x00021eb8       0x24 C:/Program Files/TeliumSDK/SDK11.16.8.02/SDKTPLUS/HW_TETRA/gnu_473/lib/Platform\libGRAPHICLIB.a(GL_Widget_SetTextPaddings.o)
                0x00021ec4                GL_Widget_SetTextPaddings
 .text          0x00021edc       0x24 C:/Program Files/TeliumSDK/SDK11.16.8.02/SDKTPLUS/HW_TETRA/gnu_473/lib/Platform\libGRAPHICLIB.a(GL_Widget_SetTransformation.o)
                0x00021ee8                GL_Widget_SetTransformation
 .text          0x00021f00       0x24 C:/Program Files/TeliumSDK/SDK11.16.8.02/SDKTPLUS/HW_TETRA/gnu_473/lib/Platform\libGRAPHICLIB.a(GL_Widget_SetVisible.o)
                0x00021f0c                GL_Widget_SetVisible
 .text          0x00021f24       0x24 C:/Program Files/TeliumSDK/SDK11.16.8.02/SDKTPLUS/HW_TETRA/gnu_473/lib/Platform\libGRAPHICLIB.a(GL_Widget_SetWrap.o)
                0x00021f30                GL_Widget_SetWrap
 .text          0x00021f48       0x24 C:/Program Files/TeliumSDK/SDK11.16.8.02/SDKTPLUS/HW_TETRA/gnu_473/lib/Platform\libGRAPHICLIB.a(GL_Widget_UnregisterCallback.o)
                0x00021f54                GL_Widget_UnregisterCallback
 .text          0x00021f6c       0x24 C:/Program Files/TeliumSDK/SDK11.16.8.02/SDKTPLUS/HW_TETRA/gnu_473/lib/Platform\libGRAPHICLIB.a(GL_Window_Create.o)
                0x00021f78                GL_Window_Create
 .text          0x00021f90       0x24 C:/Program Files/TeliumSDK/SDK11.16.8.02/SDKTPLUS/HW_TETRA/gnu_473/lib/Platform\libGRAPHICLIB.a(GL_Window_Dispatch.o)
                0x00021f9c                GL_Window_Dispatch
 .text          0x00021fb4       0x24 C:/Program Files/TeliumSDK/SDK11.16.8.02/SDKTPLUS/HW_TETRA/gnu_473/lib/Platform\libGRAPHICLIB.a(GL_Window_GetResult.o)
                0x00021fc0                GL_Window_GetResult
 .text          0x00021fd8       0x24 C:/Program Files/TeliumSDK/SDK11.16.8.02/SDKTPLUS/HW_TETRA/gnu_473/lib/Platform\libGRAPHICLIB.a(GL_Window_MainLoop.o)
                0x00021fe4                GL_Window_MainLoop
 .text          0x00021ffc       0x8c C:/Program Files/TeliumSDK/SDK11.16.8.02/SDKTPLUS/HW_TETRA/gnu_473/lib/Platform\libGRAPHICLIB.a(GL_link.o)
                0x00021ffc                GL_GetProcAddressWithoutExit
                0x0002205c                GL_GetProcAddress
                0x00022078                GL_IsPresent
 .text          0x00022088       0x2c C:/Program Files/TeliumSDK/SDK11.16.8.02/SDKTPLUS/HW_TETRA/gnu_473/lib/Platform\libGRAPHICLIB.a(gl_asm_link.o)
                0x00022088                GL_InitFuncAndBranch
                0x00022098                GL_Swi_ObjectLoad
                0x000220a6                GL_Swi_DllLink
 .text          0x000220b4       0x20 C:/Program Files/TeliumSDK/SDK11.16.8.02/SDKTPLUS/HW_TETRA/gnu_473/lib/Platform\libOSLAYER.a(OSL_Dll_Close.o)
                0x000220be                OSL_Dll_Close
 .text          0x000220d4       0x20 C:/Program Files/TeliumSDK/SDK11.16.8.02/SDKTPLUS/HW_TETRA/gnu_473/lib/Platform\libOSLAYER.a(OSL_Dll_GetSymbolByName.o)
                0x000220de                OSL_Dll_GetSymbolByName
 .text          0x000220f4       0x20 C:/Program Files/TeliumSDK/SDK11.16.8.02/SDKTPLUS/HW_TETRA/gnu_473/lib/Platform\libOSLAYER.a(OSL_Dll_IsPresent.o)
                0x000220fe                OSL_Dll_IsPresent
 .text          0x00022114       0x20 C:/Program Files/TeliumSDK/SDK11.16.8.02/SDKTPLUS/HW_TETRA/gnu_473/lib/Platform\libOSLAYER.a(OSL_Dll_Open.o)
                0x0002211e                OSL_Dll_Open
 .text          0x00022134       0x20 C:/Program Files/TeliumSDK/SDK11.16.8.02/SDKTPLUS/HW_TETRA/gnu_473/lib/Platform\libOSLAYER.a(OSL_Dll_OpenByAppliType.o)
                0x0002213e                OSL_Dll_OpenByAppliType
 .text          0x00022154       0x20 C:/Program Files/TeliumSDK/SDK11.16.8.02/SDKTPLUS/HW_TETRA/gnu_473/lib/Platform\libOSLAYER.a(OSL_TimeStp_ElapsedMs.o)
                0x0002215e                OSL_TimeStp_ElapsedMs
 .text          0x00022174       0x20 C:/Program Files/TeliumSDK/SDK11.16.8.02/SDKTPLUS/HW_TETRA/gnu_473/lib/Platform\libOSLAYER.a(OSL_TimeStp_Now.o)
                0x0002217e                OSL_TimeStp_Now
 .text          0x00022194       0xa4 C:/Program Files/TeliumSDK/SDK11.16.8.02/SDKTPLUS/HW_TETRA/gnu_473/lib/Platform\libgtl.a(GTL_StdTimer.o)
                0x00022194                GTL_StdTimer_GetCurrent
                0x000221c0                GTL_StdTimer_GetElapsed
                0x000221ec                GTL_StdTimer_GetRemaining
 .text          0x00022238       0x68 E:/IngeDev_8.18.0.5/toolchains/gnuArm47v7a-4/arm-islero-linux-gnueabi/sysroot/usr/lib/libc_nonshared.a(elf-init.oS)
                0x00022238                __libc_csu_init
                0x0002229c                __libc_csu_fini
 .text          0x000222a0      0x20c E:/IngeDev_8.18.0.5/toolchains/gnuArm47v7a-4/lib/gcc/arm-islero-linux-gnueabi/4.7.3\libgcc.a(_udivsi3.o)
                0x000222a0                __aeabi_uidiv
                0x000222a0                __udivsi3
                0x0002248c                __aeabi_uidivmod
 .text          0x000224ac       0x10 E:/IngeDev_8.18.0.5/toolchains/gnuArm47v7a-4/lib/gcc/arm-islero-linux-gnueabi/4.7.3\libgcc.a(_dvmd_lnx.o)
                0x000224ac                __aeabi_ldiv0
                0x000224ac                __aeabi_idiv0
 .text          0x000224bc       0x60 C:/Program Files/TeliumSDK/SDK11.16.8.02/SDKTPLUS/HW_TETRA/gnu_473/lib/Platform/libwrapper_tplus.lib(TMT_Retrieve_Clock.o)
                0x000224d0                TMT_Retrieve_Clock
 .text          0x0002251c        0x0 E:/IngeDev_8.18.0.5/toolchains/gnuArm47v7a-4/lib/gcc/arm-islero-linux-gnueabi/4.7.3/crtend.o
 .text          0x0002251c        0x0 E:/IngeDev_8.18.0.5/toolchains/gnuArm47v7a-4/arm-islero-linux-gnueabi/sysroot/usr/lib/crtn.o
 .text          0x0002251c        0x0 C:/Program Files/TeliumSDK/SDK11.16.8.02/SDKTPLUS/HW_TETRA/gnu_473/startfiles/stapp_legacyexitpoint.o
 *(.gnu.warning)
 *(.glue_7t)
 .glue_7t       0x00000000        0x0 linker stubs
 *(.glue_7)
 .glue_7        0x00000000        0x0 linker stubs
 *(.vfp11_veneer)
 .vfp11_veneer  0x00000000        0x0 linker stubs
 *(.v4_bx)
 .v4_bx         0x00000000        0x0 linker stubs

.fini           0x0002251c        0x8
 *(.fini)
 .fini          0x0002251c        0x4 E:/IngeDev_8.18.0.5/toolchains/gnuArm47v7a-4/arm-islero-linux-gnueabi/sysroot/usr/lib/crti.o
                0x0002251c                _fini
 .fini          0x00022520        0x4 E:/IngeDev_8.18.0.5/toolchains/gnuArm47v7a-4/arm-islero-linux-gnueabi/sysroot/usr/lib/crtn.o
                0x00022524                PROVIDE (__etext, .)
                0x00022524                PROVIDE (_etext, .)
                0x00022524                PROVIDE (etext, .)

.rodata         0x00022524     0x402c
 *(.rodata .rodata.* .gnu.linkonce.r.*)
 .rodata.cst4   0x00022524        0x4 E:/IngeDev_8.18.0.5/toolchains/gnuArm47v7a-4/arm-islero-linux-gnueabi/sysroot/usr/lib/crt1.o
                0x00022524                _IO_stdin_used
 .rodata        0x00022528      0x340 Obj/GNU_ARM_DEBUG_TETRA/Entry.o
 .rodata        0x00022868      0x134 Obj/GNU_ARM_DEBUG_TETRA/Menu.o
 .rodata        0x0002299c      0x784 Obj/GNU_ARM_DEBUG_TETRA/ComGPRS.o
 .rodata        0x00023120       0x84 Obj/GNU_ARM_DEBUG_TETRA/Goal.o
 .rodata        0x000231a4      0x1bc Obj/GNU_ARM_DEBUG_TETRA/Mapapp.o
 .rodata        0x00023360      0xb44 Obj/GNU_ARM_DEBUG_TETRA/FMG.o
 .rodata        0x00023ea4      0x7c0 Obj/GNU_ARM_DEBUG_TETRA/Utility.o
 .rodata        0x00024664      0x258 Obj/GNU_ARM_DEBUG_TETRA/Timer.o
 .rodata        0x000248bc       0x24 Obj/GNU_ARM_DEBUG_TETRA/transaction.o
 .rodata        0x000248e0      0x38c Obj/GNU_ARM_DEBUG_TETRA/globals.o
 .rodata        0x00024c6c      0x718 Obj/GNU_ARM_DEBUG_TETRA/magnetic.o
 .rodata        0x00025384      0xeb4 Obj/GNU_ARM_DEBUG_TETRA/schemes.o
                0x00025b38                zRootKeyPlainText
                0x00025b4c                zIso9564PinKey
                0x00025b60                zMacKey
 .rodata        0x00026238       0x28 Obj/GNU_ARM_DEBUG_TETRA/amount.o
 .rodata        0x00026260       0x6c C:/Users/bkirii/Desktop/c/base_test_14/TRAINAPP/lib/FMG_TPlus.a(VGE_FMG.o)
 .rodata        0x000262cc       0x44 C:/Users/bkirii/Desktop/c/base_test_14/TRAINAPP/lib/FMG_TPlus.a(md5.o)
 .rodata.str1.1
                0x00026310       0x40 C:/Program Files/TeliumSDK/SDK11.16.8.02/SDKTPLUS/HW_TETRA/gnu_473/lib/Platform/ExtraGPRS.lib(LIBGPRS_link.o)
 .rodata.str1.1
                0x00026350       0x46 C:/Program Files/TeliumSDK/SDK11.16.8.02/SDKTPLUS/HW_TETRA/gnu_473/lib/Platform/liblinklayer.lib(LINKLAYER_link.o)
 .rodata.str1.1
                0x00026396       0x52 C:/Program Files/TeliumSDK/SDK11.16.8.02/SDKTPLUS/HW_TETRA/gnu_473/lib/Platform/TlvTree.lib(TLV_TREE_DLL_link.o)
 .rodata.str1.1
                0x000263e8        0x8 C:/Program Files/TeliumSDK/SDK11.16.8.02/SDKTPLUS/HW_TETRA/gnu_473/lib/Platform/libwrapper_tplus.lib(extenstp1.o)
 .rodata.str1.1
                0x00000000        0x8 C:/Program Files/TeliumSDK/SDK11.16.8.02/SDKTPLUS/HW_TETRA/gnu_473/lib/Platform/libwrapper_tplus.lib(libgrtp1.o)
 .rodata.str1.1
                0x00000000        0x8 C:/Program Files/TeliumSDK/SDK11.16.8.02/SDKTPLUS/HW_TETRA/gnu_473/lib/Platform/libwrapper_tplus.lib(paramtp1.o)
 .rodata.str1.1
                0x00000000        0x8 C:/Program Files/TeliumSDK/SDK11.16.8.02/SDKTPLUS/HW_TETRA/gnu_473/lib/Platform/libwrapper_tplus.lib(pinpadtp1.o)
 .rodata.str1.1
                0x000263f0       0x10 C:/Program Files/TeliumSDK/SDK11.16.8.02/SDKTPLUS/HW_TETRA/gnu_473/lib/Platform/libwrapper_tplus.lib(extensttrois9.o)
 .rodata.str1.1
                0x00000000        0x8 C:/Program Files/TeliumSDK/SDK11.16.8.02/SDKTPLUS/HW_TETRA/gnu_473/lib/Platform/libwrapper_tplus.lib(toolstp1.o)
 .rodata.str1.1
                0x00026400        0x9 C:/Program Files/TeliumSDK/SDK11.16.8.02/SDKTPLUS/HW_TETRA/gnu_473/lib/Platform\libSec.a(Telium3.o)
 .rodata.str1.1
                0x00026409       0x3a C:/Program Files/TeliumSDK/SDK11.16.8.02/SDKTPLUS/HW_TETRA/gnu_473/lib/Platform\libSec.a(LIBSECV2_link.o)
                                 0x43 (size before relaxing)
 .rodata.str1.1
                0x00026443       0x6a C:/Program Files/TeliumSDK/SDK11.16.8.02/SDKTPLUS/HW_TETRA/gnu_473/lib/Platform\libGRAPHICLIB.a(GL_link.o)
 *fill*         0x000264ad        0x3 00
 .rodata        0x000264b0       0x18 C:/Program Files/TeliumSDK/SDK11.16.8.02/SDKTPLUS/HW_TETRA/gnu_473/startfiles/stapp_legacyexitpoint.o
 .rodata.str1.4
                0x000264c8       0x88 C:/Program Files/TeliumSDK/SDK11.16.8.02/SDKTPLUS/HW_TETRA/gnu_473/startfiles/stapp_legacyexitpoint.o
                                 0x86 (size before relaxing)

.rodata1
 *(.rodata1)

.ARM.extab      0x00026550        0x0
 *(.ARM.extab* .gnu.linkonce.armextab.*)
 .ARM.extab     0x00026550        0x0 E:/IngeDev_8.18.0.5/toolchains/gnuArm47v7a-4/arm-islero-linux-gnueabi/sysroot/usr/lib/crt1.o
                0x00026550                PROVIDE (__exidx_start, .)

.ARM.exidx      0x00026550        0x8
 *(.ARM.exidx* .gnu.linkonce.armexidx.*)
 .ARM.exidx     0x00026550        0x8 E:/IngeDev_8.18.0.5/toolchains/gnuArm47v7a-4/arm-islero-linux-gnueabi/sysroot/usr/lib/crt1.o
                0x00026558                PROVIDE (__exidx_end, .)

.eh_frame_hdr
 *(.eh_frame_hdr)

.eh_frame       0x00026558        0x4
 *(.eh_frame)
 .eh_frame      0x00026558        0x4 E:/IngeDev_8.18.0.5/toolchains/gnuArm47v7a-4/lib/gcc/arm-islero-linux-gnueabi/4.7.3/crtend.o

.gcc_except_table
 *(.gcc_except_table .gcc_except_table.*)
                0x0002655c                . = (ALIGN (0x8000) - ((0x8000 - .) & 0x7fff))
                0x0002f000                . = DATA_SEGMENT_ALIGN (0x8000, 0x1000)

.eh_frame
 *(.eh_frame)

.gcc_except_table
 *(.gcc_except_table .gcc_except_table.*)

.tdata
 *(.tdata .tdata.* .gnu.linkonce.td.*)

.tbss
 *(.tbss .tbss.* .gnu.linkonce.tb.*)
 *(.tcommon)

.preinit_array  0x0002f000        0x0
                0x0002f000                PROVIDE (__preinit_array_start, .)
 *(.preinit_array)
                0x0002f000                PROVIDE (__preinit_array_end, .)

.init_array     0x0002f000        0x8
                0x0002f000                PROVIDE (__init_array_start, .)
 *(SORT(.init_array.*))
 .init_array.00101
                0x0002f000        0x4 C:/Program Files/TeliumSDK/SDK11.16.8.02/SDKTPLUS/HW_TETRA/gnu_473/startfiles/startup_tplusentry.o
 *(.init_array)
 .init_array    0x0002f004        0x4 E:/IngeDev_8.18.0.5/toolchains/gnuArm47v7a-4/lib/gcc/arm-islero-linux-gnueabi/4.7.3/crtbegin.o
                0x0002f008                PROVIDE (__init_array_end, .)

.fini_array     0x0002f008        0xc
                0x0002f008                PROVIDE (__fini_array_start, .)
 *(SORT(.fini_array.*))
 .fini_array.00101
                0x0002f008        0x4 C:/Program Files/TeliumSDK/SDK11.16.8.02/SDKTPLUS/HW_TETRA/gnu_473/startfiles/stapp_legacyexitpoint.o
 .fini_array.00201
                0x0002f00c        0x4 C:/Program Files/TeliumSDK/SDK11.16.8.02/SDKTPLUS/HW_TETRA/gnu_473/startfiles/stapp_legacyexitpoint.o
 *(.fini_array)
 .fini_array    0x0002f010        0x4 E:/IngeDev_8.18.0.5/toolchains/gnuArm47v7a-4/lib/gcc/arm-islero-linux-gnueabi/4.7.3/crtbegin.o
                0x0002f014                PROVIDE (__fini_array_end, .)

.ctors
 *crtbegin.o(.ctors)
 *crtbegin?.o(.ctors)
 *(EXCLUDE_FILE(*crtend?.o *crtend.o) .ctors)
 *(SORT(.ctors.*))
 *(.ctors)

.dtors
 *crtbegin.o(.dtors)
 *crtbegin?.o(.dtors)
 *(EXCLUDE_FILE(*crtend?.o *crtend.o) .dtors)
 *(SORT(.dtors.*))
 *(.dtors)

.jcr            0x0002f014        0x4
 *(.jcr)
 .jcr           0x0002f014        0x0 E:/IngeDev_8.18.0.5/toolchains/gnuArm47v7a-4/lib/gcc/arm-islero-linux-gnueabi/4.7.3/crtbegin.o
 .jcr           0x0002f014        0x4 E:/IngeDev_8.18.0.5/toolchains/gnuArm47v7a-4/lib/gcc/arm-islero-linux-gnueabi/4.7.3/crtend.o

.data.rel.ro
 *(.data.rel.ro.local* .gnu.linkonce.d.rel.ro.local.*)
 *(.data.rel.ro* .gnu.linkonce.d.rel.ro.*)

.dynamic        0x0002f018      0x100
 *(.dynamic)
 .dynamic       0x0002f018      0x100 E:/IngeDev_8.18.0.5/toolchains/gnuArm47v7a-4/arm-islero-linux-gnueabi/sysroot/usr/lib/crti.o
                0x0002f018                _DYNAMIC
                0x0002f118                . = DATA_SEGMENT_RELRO_END (., 0x0)

.got            0x0002f118      0x110
 *(.got.plt)
 .got.plt       0x0002f118       0xa4 E:/IngeDev_8.18.0.5/toolchains/gnuArm47v7a-4/arm-islero-linux-gnueabi/sysroot/usr/lib/crti.o
                0x0002f118                _GLOBAL_OFFSET_TABLE_
 *(.igot.plt)
 *(.got)
 .got           0x0002f1bc       0x6c E:/IngeDev_8.18.0.5/toolchains/gnuArm47v7a-4/arm-islero-linux-gnueabi/sysroot/usr/lib/crti.o
 *(.igot)

.data           0x0002f230      0xcb0
                0x0002f230                PROVIDE (__data_start, .)
 *(.data .data.* .gnu.linkonce.d.*)
 .data          0x0002f230        0x0 E:/IngeDev_8.18.0.5/toolchains/gnuArm47v7a-4/arm-islero-linux-gnueabi/sysroot/usr/lib/crti.o
 .data          0x0002f230        0x4 E:/IngeDev_8.18.0.5/toolchains/gnuArm47v7a-4/arm-islero-linux-gnueabi/sysroot/usr/lib/crt1.o
                0x0002f230                __data_start
                0x0002f230                data_start
 .data          0x0002f234        0x4 E:/IngeDev_8.18.0.5/toolchains/gnuArm47v7a-4/lib/gcc/arm-islero-linux-gnueabi/4.7.3/crtbegin.o
                0x0002f234                __dso_handle
 .data          0x0002f238        0x0 C:/Program Files/TeliumSDK/SDK11.16.8.02/SDKTPLUS/HW_TETRA/gnu_473/startfiles/startup_tplusentry.o
 .data          0x0002f238        0x0 Obj/GNU_ARM_DEBUG_TETRA/Main.o
 .data          0x0002f238      0x108 Obj/GNU_ARM_DEBUG_TETRA/Entry.o
 .data          0x0002f340        0x0 Obj/GNU_ARM_DEBUG_TETRA/Menu.o
 .data          0x0002f340        0xc Obj/GNU_ARM_DEBUG_TETRA/ComGPRS.o
 .data          0x0002f34c        0x0 Obj/GNU_ARM_DEBUG_TETRA/Goal.o
 .data          0x0002f34c        0x0 Obj/GNU_ARM_DEBUG_TETRA/Mapapp.o
 .data          0x0002f34c        0x0 Obj/GNU_ARM_DEBUG_TETRA/FMG.o
 .data          0x0002f34c       0x14 Obj/GNU_ARM_DEBUG_TETRA/Utility.o
 .data          0x0002f360        0x0 Obj/GNU_ARM_DEBUG_TETRA/Timer.o
 .data          0x0002f360      0x400 Obj/GNU_ARM_DEBUG_TETRA/iso8583.o
 .data          0x0002f760        0x0 Obj/GNU_ARM_DEBUG_TETRA/transaction.o
 .data          0x0002f760        0x0 Obj/GNU_ARM_DEBUG_TETRA/globals.o
 .data          0x0002f760        0x0 Obj/GNU_ARM_DEBUG_TETRA/magnetic.o
 .data          0x0002f760        0xc Obj/GNU_ARM_DEBUG_TETRA/schemes.o
 .data          0x0002f76c        0x0 Obj/GNU_ARM_DEBUG_TETRA/amount.o
 .data          0x0002f76c        0x0 C:/Users/bkirii/Desktop/c/base_test_14/TRAINAPP/lib/FMG_TPlus.a(VGE_FMG.o)
 .data.rel.local
                0x0002f76c        0xc C:/Users/bkirii/Desktop/c/base_test_14/TRAINAPP/lib/FMG_TPlus.a(VGE_FMG.o)
                0x0002f76c                g_FileType
 .data          0x0002f778        0x0 C:/Users/bkirii/Desktop/c/base_test_14/TRAINAPP/lib/FMG_TPlus.a(md5.o)
 *fill*         0x0002f778        0x8 00
 .data          0x0002f780       0x10 C:/Program Files/TeliumSDK/SDK11.16.8.02/SDKTPLUS/HW_TETRA/gnu_473/lib/Platform/ExtraGPRS.lib(gprs_GetInformation.o)
 .data          0x0002f790       0x10 C:/Program Files/TeliumSDK/SDK11.16.8.02/SDKTPLUS/HW_TETRA/gnu_473/lib/Platform/ExtraGPRS.lib(gprs_SetPinModeFree.o)
 .data          0x0002f7a0       0x10 C:/Program Files/TeliumSDK/SDK11.16.8.02/SDKTPLUS/HW_TETRA/gnu_473/lib/Platform/ExtraGPRS.lib(gprs_SubmitPuk.o)
 .data          0x0002f7b0        0x0 C:/Program Files/TeliumSDK/SDK11.16.8.02/SDKTPLUS/HW_TETRA/gnu_473/lib/Platform/ExtraGPRS.lib(LIBGPRS_asm_link.o)
 .data          0x0002f7b0        0x0 C:/Program Files/TeliumSDK/SDK11.16.8.02/SDKTPLUS/HW_TETRA/gnu_473/lib/Platform/ExtraGPRS.lib(LIBGPRS_link.o)
 .data          0x0002f7b0       0x10 C:/Program Files/TeliumSDK/SDK11.16.8.02/SDKTPLUS/HW_TETRA/gnu_473/lib/Platform/liblinklayer.lib(LL_ClearReceiveBuffer.o)
 .data          0x0002f7c0       0x10 C:/Program Files/TeliumSDK/SDK11.16.8.02/SDKTPLUS/HW_TETRA/gnu_473/lib/Platform/liblinklayer.lib(LL_ClearSendBuffer.o)
 .data          0x0002f7d0       0x10 C:/Program Files/TeliumSDK/SDK11.16.8.02/SDKTPLUS/HW_TETRA/gnu_473/lib/Platform/liblinklayer.lib(LL_Configure.o)
 .data          0x0002f7e0       0x10 C:/Program Files/TeliumSDK/SDK11.16.8.02/SDKTPLUS/HW_TETRA/gnu_473/lib/Platform/liblinklayer.lib(LL_Connect.o)
 .data          0x0002f7f0       0x10 C:/Program Files/TeliumSDK/SDK11.16.8.02/SDKTPLUS/HW_TETRA/gnu_473/lib/Platform/liblinklayer.lib(LL_Disconnect.o)
 .data          0x0002f800       0x10 C:/Program Files/TeliumSDK/SDK11.16.8.02/SDKTPLUS/HW_TETRA/gnu_473/lib/Platform/liblinklayer.lib(LL_GetLastError.o)
 .data          0x0002f810       0x10 C:/Program Files/TeliumSDK/SDK11.16.8.02/SDKTPLUS/HW_TETRA/gnu_473/lib/Platform/liblinklayer.lib(LL_GPRS_Connect.o)
 .data          0x0002f820       0x10 C:/Program Files/TeliumSDK/SDK11.16.8.02/SDKTPLUS/HW_TETRA/gnu_473/lib/Platform/liblinklayer.lib(LL_GPRS_Start.o)
 .data          0x0002f830       0x10 C:/Program Files/TeliumSDK/SDK11.16.8.02/SDKTPLUS/HW_TETRA/gnu_473/lib/Platform/liblinklayer.lib(LL_GSM_Start.o)
 .data          0x0002f840       0x10 C:/Program Files/TeliumSDK/SDK11.16.8.02/SDKTPLUS/HW_TETRA/gnu_473/lib/Platform/liblinklayer.lib(LL_Network_GetStatus.o)
 .data          0x0002f850       0x10 C:/Program Files/TeliumSDK/SDK11.16.8.02/SDKTPLUS/HW_TETRA/gnu_473/lib/Platform/liblinklayer.lib(LL_Receive.o)
 .data          0x0002f860       0x10 C:/Program Files/TeliumSDK/SDK11.16.8.02/SDKTPLUS/HW_TETRA/gnu_473/lib/Platform/liblinklayer.lib(LL_Send.o)
 .data          0x0002f870        0x0 C:/Program Files/TeliumSDK/SDK11.16.8.02/SDKTPLUS/HW_TETRA/gnu_473/lib/Platform/liblinklayer.lib(LINKLAYER_asm_link.o)
 .data          0x0002f870        0x0 C:/Program Files/TeliumSDK/SDK11.16.8.02/SDKTPLUS/HW_TETRA/gnu_473/lib/Platform/liblinklayer.lib(LINKLAYER_link.o)
 .data          0x0002f870       0x10 C:/Program Files/TeliumSDK/SDK11.16.8.02/SDKTPLUS/HW_TETRA/gnu_473/lib/Platform/TlvTree.lib(TlvTree_AddChild.o)
 .data          0x0002f880       0x10 C:/Program Files/TeliumSDK/SDK11.16.8.02/SDKTPLUS/HW_TETRA/gnu_473/lib/Platform/TlvTree.lib(TlvTree_AddChildInteger.o)
 .data          0x0002f890       0x10 C:/Program Files/TeliumSDK/SDK11.16.8.02/SDKTPLUS/HW_TETRA/gnu_473/lib/Platform/TlvTree.lib(TlvTree_AddChildString.o)
 .data          0x0002f8a0       0x10 C:/Program Files/TeliumSDK/SDK11.16.8.02/SDKTPLUS/HW_TETRA/gnu_473/lib/Platform/TlvTree.lib(TlvTree_New.o)
 .data          0x0002f8b0       0x10 C:/Program Files/TeliumSDK/SDK11.16.8.02/SDKTPLUS/HW_TETRA/gnu_473/lib/Platform/TlvTree.lib(TlvTree_Release.o)
 .data          0x0002f8c0        0x0 C:/Program Files/TeliumSDK/SDK11.16.8.02/SDKTPLUS/HW_TETRA/gnu_473/lib/Platform/TlvTree.lib(TLV_TREE_DLL_asm_link.o)
 .data          0x0002f8c0        0x0 C:/Program Files/TeliumSDK/SDK11.16.8.02/SDKTPLUS/HW_TETRA/gnu_473/lib/Platform/TlvTree.lib(TLV_TREE_DLL_link.o)
 .data          0x0002f8c0        0x4 C:/Program Files/TeliumSDK/SDK11.16.8.02/SDKTPLUS/HW_TETRA/gnu_473/lib/Platform/libwrapper_tplus.lib(DLLExist.o)
 .data          0x0002f8c4        0x4 C:/Program Files/TeliumSDK/SDK11.16.8.02/SDKTPLUS/HW_TETRA/gnu_473/lib/Platform/libwrapper_tplus.lib(d_tolong.o)
 .data          0x0002f8c8        0x4 C:/Program Files/TeliumSDK/SDK11.16.8.02/SDKTPLUS/HW_TETRA/gnu_473/lib/Platform/libwrapper_tplus.lib(stdcam0.o)
 .data          0x0002f8cc        0x0 C:/Program Files/TeliumSDK/SDK11.16.8.02/SDKTPLUS/HW_TETRA/gnu_473/lib/Platform/libwrapper_tplus.lib(extenstp1.o)
 .data          0x0002f8cc        0x4 C:/Program Files/TeliumSDK/SDK11.16.8.02/SDKTPLUS/HW_TETRA/gnu_473/lib/Platform/libwrapper_tplus.lib(Telium_Fclose.o)
 .data          0x0002f8d0        0x4 C:/Program Files/TeliumSDK/SDK11.16.8.02/SDKTPLUS/HW_TETRA/gnu_473/lib/Platform/libwrapper_tplus.lib(Telium_Fopen.o)
 .data          0x0002f8d4        0x4 C:/Program Files/TeliumSDK/SDK11.16.8.02/SDKTPLUS/HW_TETRA/gnu_473/lib/Platform/libwrapper_tplus.lib(Telium_Getc.o)
 .data          0x0002f8d8        0x4 C:/Program Files/TeliumSDK/SDK11.16.8.02/SDKTPLUS/HW_TETRA/gnu_473/lib/Platform/libwrapper_tplus.lib(Telium_Is_iso1.o)
 .data          0x0002f8dc        0x4 C:/Program Files/TeliumSDK/SDK11.16.8.02/SDKTPLUS/HW_TETRA/gnu_473/lib/Platform/libwrapper_tplus.lib(Telium_Is_iso2.o)
 .data          0x0002f8e0        0x4 C:/Program Files/TeliumSDK/SDK11.16.8.02/SDKTPLUS/HW_TETRA/gnu_473/lib/Platform/libwrapper_tplus.lib(Telium_Is_iso3.o)
 .data          0x0002f8e4        0x4 C:/Program Files/TeliumSDK/SDK11.16.8.02/SDKTPLUS/HW_TETRA/gnu_473/lib/Platform/libwrapper_tplus.lib(Telium_Reset_buf.o)
 .data          0x0002f8e8        0x4 C:/Program Files/TeliumSDK/SDK11.16.8.02/SDKTPLUS/HW_TETRA/gnu_473/lib/Platform/libwrapper_tplus.lib(Telium_Status.o)
 .data          0x0002f8ec        0x4 C:/Program Files/TeliumSDK/SDK11.16.8.02/SDKTPLUS/HW_TETRA/gnu_473/lib/Platform/libwrapper_tplus.lib(Telium_Stdin.o)
 .data          0x0002f8f0        0x4 C:/Program Files/TeliumSDK/SDK11.16.8.02/SDKTPLUS/HW_TETRA/gnu_473/lib/Platform/libwrapper_tplus.lib(Telium_Stdout.o)
 .data          0x0002f8f4        0x4 C:/Program Files/TeliumSDK/SDK11.16.8.02/SDKTPLUS/HW_TETRA/gnu_473/lib/Platform/libwrapper_tplus.lib(Telium_Stdperif.o)
 .data          0x0002f8f8        0x4 C:/Program Files/TeliumSDK/SDK11.16.8.02/SDKTPLUS/HW_TETRA/gnu_473/lib/Platform/libwrapper_tplus.lib(Telium_Ttestall.o)
 .data          0x0002f8fc        0x4 C:/Program Files/TeliumSDK/SDK11.16.8.02/SDKTPLUS/HW_TETRA/gnu_473/lib/Platform/libwrapper_tplus.lib(buzzer.o)
 .data          0x0002f900        0x4 C:/Program Files/TeliumSDK/SDK11.16.8.02/SDKTPLUS/HW_TETRA/gnu_473/lib/Platform/libwrapper_tplus.lib(DrawExtendedString.o)
 .data          0x0002f904        0x4 C:/Program Files/TeliumSDK/SDK11.16.8.02/SDKTPLUS/HW_TETRA/gnu_473/lib/Platform/libwrapper_tplus.lib(InitContexteGraphique.o)
 .data          0x0002f908        0x4 C:/Program Files/TeliumSDK/SDK11.16.8.02/SDKTPLUS/HW_TETRA/gnu_473/lib/Platform/libwrapper_tplus.lib(PaintGraphics.o)
 .data          0x0002f90c        0x4 C:/Program Files/TeliumSDK/SDK11.16.8.02/SDKTPLUS/HW_TETRA/gnu_473/lib/Platform/libwrapper_tplus.lib(_DrawExtendedString.o)
 .data          0x0002f910        0x0 C:/Program Files/TeliumSDK/SDK11.16.8.02/SDKTPLUS/HW_TETRA/gnu_473/lib/Platform/libwrapper_tplus.lib(libgrtp1.o)
 .data          0x0002f910        0x4 C:/Program Files/TeliumSDK/SDK11.16.8.02/SDKTPLUS/HW_TETRA/gnu_473/lib/Platform/libwrapper_tplus.lib(PSQ_Est_pinpad.o)
 .data          0x0002f914        0x4 C:/Program Files/TeliumSDK/SDK11.16.8.02/SDKTPLUS/HW_TETRA/gnu_473/lib/Platform/libwrapper_tplus.lib(PSQ_donner_type_pinpad.o)
 .data          0x0002f918        0x0 C:/Program Files/TeliumSDK/SDK11.16.8.02/SDKTPLUS/HW_TETRA/gnu_473/lib/Platform/libwrapper_tplus.lib(paramtp1.o)
 .data          0x0002f918        0x4 C:/Program Files/TeliumSDK/SDK11.16.8.02/SDKTPLUS/HW_TETRA/gnu_473/lib/Platform/libwrapper_tplus.lib(IsPPSConnected.o)
 .data          0x0002f91c        0x4 C:/Program Files/TeliumSDK/SDK11.16.8.02/SDKTPLUS/HW_TETRA/gnu_473/lib/Platform/libwrapper_tplus.lib(PPS_SendTerminalRefRequestCommand.o)
 .data          0x0002f920        0x4 C:/Program Files/TeliumSDK/SDK11.16.8.02/SDKTPLUS/HW_TETRA/gnu_473/lib/Platform/libwrapper_tplus.lib(PPS_firstline.o)
 .data          0x0002f924        0x4 C:/Program Files/TeliumSDK/SDK11.16.8.02/SDKTPLUS/HW_TETRA/gnu_473/lib/Platform/libwrapper_tplus.lib(PPS_newline.o)
 .data          0x0002f928        0x0 C:/Program Files/TeliumSDK/SDK11.16.8.02/SDKTPLUS/HW_TETRA/gnu_473/lib/Platform/libwrapper_tplus.lib(pinpadtp1.o)
 .data          0x0002f928        0x4 C:/Program Files/TeliumSDK/SDK11.16.8.02/SDKTPLUS/HW_TETRA/gnu_473/lib/Platform/libwrapper_tplus.lib(PPS_Display.o)
 .data          0x0002f92c        0x4 C:/Program Files/TeliumSDK/SDK11.16.8.02/SDKTPLUS/HW_TETRA/gnu_473/lib/Platform/libwrapper_tplus.lib(Telium_Read_date.o)
 .data          0x0002f930        0x4 C:/Program Files/TeliumSDK/SDK11.16.8.02/SDKTPLUS/HW_TETRA/gnu_473/lib/Platform/libwrapper_tplus.lib(BoosterType.o)
 .data          0x0002f934        0x4 C:/Program Files/TeliumSDK/SDK11.16.8.02/SDKTPLUS/HW_TETRA/gnu_473/lib/Platform/libwrapper_tplus.lib(IsColorDisplay.o)
 .data          0x0002f938        0x4 C:/Program Files/TeliumSDK/SDK11.16.8.02/SDKTPLUS/HW_TETRA/gnu_473/lib/Platform/libwrapper_tplus.lib(IsISO1.o)
 .data          0x0002f93c        0x4 C:/Program Files/TeliumSDK/SDK11.16.8.02/SDKTPLUS/HW_TETRA/gnu_473/lib/Platform/libwrapper_tplus.lib(IsISO2.o)
 .data          0x0002f940        0x4 C:/Program Files/TeliumSDK/SDK11.16.8.02/SDKTPLUS/HW_TETRA/gnu_473/lib/Platform/libwrapper_tplus.lib(IsISO3.o)
 .data          0x0002f944        0x4 C:/Program Files/TeliumSDK/SDK11.16.8.02/SDKTPLUS/HW_TETRA/gnu_473/lib/Platform/libwrapper_tplus.lib(IsPrinter.o)
 .data          0x0002f948        0x4 C:/Program Files/TeliumSDK/SDK11.16.8.02/SDKTPLUS/HW_TETRA/gnu_473/lib/Platform/libwrapper_tplus.lib(Telium_ServiceRegister.o)
 .data          0x0002f94c        0x0 C:/Program Files/TeliumSDK/SDK11.16.8.02/SDKTPLUS/HW_TETRA/gnu_473/lib/Platform/libwrapper_tplus.lib(Telium_Pprintf.o)
 .data          0x0002f94c        0x0 C:/Program Files/TeliumSDK/SDK11.16.8.02/SDKTPLUS/HW_TETRA/gnu_473/lib/Platform/libwrapper_tplus.lib(Telium_Printf.o)