Archive member included because of file (symbol)

C:/Program Files/TeliumSDK/SDK11.16.8.02/SDKTPLUS/HW_T2/gnu_434/lib/eft30tplus.lib(DLLExist.o)
                              Obj/GNU_ARM_DEBUG_T2/schemes.o (DLLExist)
C:/Program Files/TeliumSDK/SDK11.16.8.02/SDKTPLUS/HW_T2/gnu_434/lib/eft30tplus.lib(d_tolong.o)
                              Obj/GNU_ARM_DEBUG_T2/globals.o (d_tolong)
C:/Program Files/TeliumSDK/SDK11.16.8.02/SDKTPLUS/HW_T2/gnu_434/lib/eft30tplus.lib(stdcam0.o)
                              Obj/GNU_ARM_DEBUG_T2/globals.o (stdcam0)
C:/Program Files/TeliumSDK/SDK11.16.8.02/SDKTPLUS/HW_T2/gnu_434/lib/eft30tplus.lib(extenstp1.o)
                              C:/Program Files/TeliumSDK/SDK11.16.8.02/SDKTPLUS/HW_T2/gnu_434/lib/eft30tplus.lib(DLLExist.o) (extenslib_open)
C:/Program Files/TeliumSDK/SDK11.16.8.02/SDKTPLUS/HW_T2/gnu_434/lib/eft30tplus.lib(DisplayFooter.o)
                              Obj/GNU_ARM_DEBUG_T2/Menu.o (DisplayFooter)
C:/Program Files/TeliumSDK/SDK11.16.8.02/SDKTPLUS/HW_T2/gnu_434/lib/eft30tplus.lib(DisplayHeader.o)
                              Obj/GNU_ARM_DEBUG_T2/Menu.o (DisplayHeader)
C:/Program Files/TeliumSDK/SDK11.16.8.02/SDKTPLUS/HW_T2/gnu_434/lib/eft30tplus.lib(DisplayLeds.o)
                              Obj/GNU_ARM_DEBUG_T2/Menu.o (DisplayLeds)
C:/Program Files/TeliumSDK/SDK11.16.8.02/SDKTPLUS/HW_T2/gnu_434/lib/eft30tplus.lib(IsFooter.o)
                              Obj/GNU_ARM_DEBUG_T2/ComGPRS.o (IsFooter)
C:/Program Files/TeliumSDK/SDK11.16.8.02/SDKTPLUS/HW_T2/gnu_434/lib/eft30tplus.lib(IsHeader.o)
                              Obj/GNU_ARM_DEBUG_T2/ComGPRS.o (IsHeader)
C:/Program Files/TeliumSDK/SDK11.16.8.02/SDKTPLUS/HW_T2/gnu_434/lib/eft30tplus.lib(DrawExtendedString.o)
                              Obj/GNU_ARM_DEBUG_T2/schemes.o (DrawExtendedString)
C:/Program Files/TeliumSDK/SDK11.16.8.02/SDKTPLUS/HW_T2/gnu_434/lib/eft30tplus.lib(InitContexteGraphique.o)
                              Obj/GNU_ARM_DEBUG_T2/schemes.o (InitContexteGraphique)
C:/Program Files/TeliumSDK/SDK11.16.8.02/SDKTPLUS/HW_T2/gnu_434/lib/eft30tplus.lib(PaintGraphics.o)
                              Obj/GNU_ARM_DEBUG_T2/schemes.o (PaintGraphics)
C:/Program Files/TeliumSDK/SDK11.16.8.02/SDKTPLUS/HW_T2/gnu_434/lib/eft30tplus.lib(_DrawExtendedString.o)
                              Obj/GNU_ARM_DEBUG_T2/schemes.o (_DrawExtendedString)
C:/Program Files/TeliumSDK/SDK11.16.8.02/SDKTPLUS/HW_T2/gnu_434/lib/eft30tplus.lib(libgrtp1.o)
                              C:/Program Files/TeliumSDK/SDK11.16.8.02/SDKTPLUS/HW_T2/gnu_434/lib/eft30tplus.lib(DrawExtendedString.o) (libgrlib_open)
C:/Program Files/TeliumSDK/SDK11.16.8.02/SDKTPLUS/HW_T2/gnu_434/lib/eft30tplus.lib(PSQ_Est_pinpad.o)
                              Obj/GNU_ARM_DEBUG_T2/schemes.o (PSQ_Est_pinpad)
C:/Program Files/TeliumSDK/SDK11.16.8.02/SDKTPLUS/HW_T2/gnu_434/lib/eft30tplus.lib(PSQ_donner_type_pinpad.o)
                              Obj/GNU_ARM_DEBUG_T2/schemes.o (PSQ_donner_type_pinpad)
C:/Program Files/TeliumSDK/SDK11.16.8.02/SDKTPLUS/HW_T2/gnu_434/lib/eft30tplus.lib(paramtp1.o)
                              C:/Program Files/TeliumSDK/SDK11.16.8.02/SDKTPLUS/HW_T2/gnu_434/lib/eft30tplus.lib(PSQ_Est_pinpad.o) (paramlib_open)
C:/Program Files/TeliumSDK/SDK11.16.8.02/SDKTPLUS/HW_T2/gnu_434/lib/eft30tplus.lib(IsPPSConnected.o)
                              Obj/GNU_ARM_DEBUG_T2/schemes.o (IsPPSConnected)
C:/Program Files/TeliumSDK/SDK11.16.8.02/SDKTPLUS/HW_T2/gnu_434/lib/eft30tplus.lib(PPS_SendTerminalRefRequestCommand.o)
                              Obj/GNU_ARM_DEBUG_T2/schemes.o (PPS_SendTerminalRefRequestCommand)
C:/Program Files/TeliumSDK/SDK11.16.8.02/SDKTPLUS/HW_T2/gnu_434/lib/eft30tplus.lib(PPS_firstline.o)
                              Obj/GNU_ARM_DEBUG_T2/schemes.o (PPS_firstline)
C:/Program Files/TeliumSDK/SDK11.16.8.02/SDKTPLUS/HW_T2/gnu_434/lib/eft30tplus.lib(PPS_newline.o)
                              Obj/GNU_ARM_DEBUG_T2/schemes.o (PPS_newline)
C:/Program Files/TeliumSDK/SDK11.16.8.02/SDKTPLUS/HW_T2/gnu_434/lib/eft30tplus.lib(pinpadtp1.o)
                              C:/Program Files/TeliumSDK/SDK11.16.8.02/SDKTPLUS/HW_T2/gnu_434/lib/eft30tplus.lib(IsPPSConnected.o) (pinpadlib_open)
C:/Program Files/TeliumSDK/SDK11.16.8.02/SDKTPLUS/HW_T2/gnu_434/lib/eft30tplus.lib(PPS_Display.o)
                              Obj/GNU_ARM_DEBUG_T2/schemes.o (PPS_Display)
C:/Program Files/TeliumSDK/SDK11.16.8.02/SDKTPLUS/HW_T2/gnu_434/lib/eft30tplus.lib(Telium_Read_date.o)
                              Obj/GNU_ARM_DEBUG_T2/Entry.o (Telium_Read_date)
C:/Program Files/TeliumSDK/SDK11.16.8.02/SDKTPLUS/HW_T2/gnu_434/lib/eft30tplus.lib(BoosterType.o)
                              Obj/GNU_ARM_DEBUG_T2/schemes.o (BoosterType)
C:/Program Files/TeliumSDK/SDK11.16.8.02/SDKTPLUS/HW_T2/gnu_434/lib/eft30tplus.lib(IsColorDisplay.o)
                              Obj/GNU_ARM_DEBUG_T2/ComGPRS.o (IsColorDisplay)
[...]
Memory Configuration

Name             Origin             Length             Attributes
*default*        0x00000000         0xffffffff

Linker script and memory map

                0x00000000                . = 0x0
                0x00000000                __text_start = .

.text           0x00000000    0x1ac8c
 *(.first)
 .first         0x00000000       0x8c C:/Program Files/TeliumSDK/SDK11.16.8.02/SDKTPLUS/HW_T2/gnu_434/startfiles/cstartupTplus.o
                0x00000000                _start
 *(.text .text.*)
 .text          0x0000008c      0x104 C:/Program Files/TeliumSDK/SDK11.16.8.02/SDKTPLUS/HW_T2/gnu_434/startfiles/cstartupTplus.o
                0x0000013c                __stack_chk_fail
 .text          0x00000190       0xc0 C:/Program Files/TeliumSDK/SDK11.16.8.02/SDKTPLUS/HW_T2/gnu_434/startfiles/libcpatch.o
                0x00000190                _calloc_r
                0x000001e0                _free_r
                0x000001fc                _malloc_r
                0x00000224                _realloc_r
 .text          0x00000250      0x290 Obj/GNU_ARM_DEBUG_T2/Main.o
                0x00000250                Main
 .text          0x000004e0     0x11a8 Obj/GNU_ARM_DEBUG_T2/Entry.o
                0x00000520                give_your_domain
                0x00000584                after_reset
                0x00000898                is_name
                0x00000934                is_state
                0x0000098c                idle_message
                0x00000a58                more_function
                0x00000a8c                keyboard_event
                0x00000af8                state
                0x00000bdc                consult
                0x00000c90                mcall
                0x00000d44                is_time_function
                0x00000d9c                time_function
                0x00000df8                is_change_init
                0x00000e88                modif_param
                0x00000f14                is_evol_pg
                0x00000f6c                is_delete
                0x00000fa4                file_received
                0x00001124                message_received
                0x000011dc                is_card_specific
                0x00001234                card_inside
                0x00001288                is_for_you_after
                0x00001428                debit_non_emv
                0x00001580                give_interface
                0x000015e4                entry
 .text          0x00001688      0x3e0 Obj/GNU_ARM_DEBUG_T2/Menu.o
                0x00001688                menuGoalDisplay
                0x000017f0                initUIContext
                0x0000191c                releaseUIContext
                0x000019d8                ResetPeripherals
 .text          0x00001a68     0x20c4 Obj/GNU_ARM_DEBUG_T2/ComGPRS.o
                0x00002aa8                PromptGPRS
                0x00003118                ComGPRS
 .text          0x00003b2c     0x29e0 Obj/GNU_ARM_DEBUG_T2/Goal.o
                0x00003c8c                GoalCreateScreen
                0x0000409c                GoalClrScreen
                0x000042d0                GoalRefreshScreen
                0x00004300                GoalDspLine
                0x00004774                GoalDspMultiLine
                0x00004958                GoalGetKey
                0x00004cd0                GoalDestroyScreen
                0x00004d04                GoalCreateDrawing
                0x00004f34                GoalClrDrawing
                0x00005068                GoalDrawLine
                0x000051f8                GoalDrawRect
                0x0000539c                GoalDrawEllipse
                0x00005540                GoalDrawText
                0x00005728                GoalDestroyDrawing
                0x0000575c                GoalCreatePicture
                0x000059b8                GoalClrPicture
                0x00005b38                GoalDspPicture
                0x00005e74                GoalDestroyPicture
                0x00005ea8                GoalCreateDocument
                0x00005f2c                GoalPrnLine
                0x0000616c                GoalPrnMultiLine
                0x000063bc                GoalPrnPicture
                0x0000647c                GoalPrnDocument
                0x000064d8                GoalDestroyDocument
 .text          0x0000650c      0x3b4 Obj/GNU_ARM_DEBUG_T2/Mapapp.o
                0x0000650c                getAppCmpDat
                0x00006538                getAppCmpTim
                0x00006564                appLen
                0x000065c4                appReset
                0x00006718                appPut
                0x000067e4                appGet
 .text          0x000068c0      0x9e0 Obj/GNU_ARM_DEBUG_T2/FMG.o
                0x000068c0                FMGCreateBatch
                0x000069a4                FMGDeleteBatch
                0x00006b1c                FMGAddDelTransactions
                0x00006f10                FMGReadTransactions
 .text          0x000072a0     0x1168 Obj/GNU_ARM_DEBUG_T2/Utility.o
                0x000072a0                FMG_ErrorMsg
                0x000073c0                LL_ErrorMsg
                0x00007a80                SEC_ErrorMsg
                0x00007cc4                OpenConverter
                0x00007ee8                SetParity
                0x0000801c                CheckParity
                0x0000812c                parseStr
                0x000081ac                UintToIp
                0x00008238                IpToUint
                0x00008350                ParamExist
                0x000083b8                AppliExist
 .text          0x00008408      0x3a0 Obj/GNU_ARM_DEBUG_T2/Timer.o
                0x00008408                TimerStart
                0x000084f8                TimerGet
                0x00008590                TimerStop
                0x000085e8                Timer
 .text          0x000087a8       0x78 Obj/GNU_ARM_DEBUG_T2/iso8583.o
                0x000087a8                isoFmt
                0x000087e4                isoFmt_Gateway
 .text          0x00008820      0xbe8 Obj/GNU_ARM_DEBUG_T2/transaction.o
                0x00008d38                getLen_
                0x00008dd0                getLen_fmt
                0x000090b4                reqBuild
                0x0000931c                doTransaction
 .text          0x00009408     0x4bf8 Obj/GNU_ARM_DEBUG_T2/globals.o
                0x00009408                bPtr
                0x00009440                wPtr
                0x00009478                cPtr
                0x000094ac                dPtr
                0x00009534                num2dec
                0x000096e4                dec2num
                0x00009828                num2hex
                0x00009944                hex2num
                0x00009a68                bin2hex
                0x00009b0c                hex2bin
                0x00009bf0                Hex2Text
                0x00009d2c                bin2num
                0x00009dac                num2bin
                0x00009e2c                tmrStart
                0x00009e9c                tmrGet
                0x00009f08                tmrStop
                0x00009f50                tmrPause
                0x00009f9c                bufReset
                0x00009fd8                bufInit
                0x0000a020                bufDim
                0x0000a04c                bufPtr
                0x0000a078                bufLen
                0x0000a0a4                bufSet
                0x0000a12c                bufIns
                0x0000a240                bufOwr
                0x0000a2dc                bufDel
                0x0000a37c                bufApp
                0x0000a3c8                bufCat
                0x0000a424                bufCpy
                0x0000a470                bufGet
                0x0000a4b4                queReset
                0x0000a4f8                queInit
                0x0000a52c                quePut
                0x0000a628                queNxt
                0x0000a6ac                queGet
                0x0000a75c                queLen
                0x0000a788                queRewind
                0x0000a7bc                quePutTag
                0x0000a810                quePutTlv
                0x0000a8b0                queGetTag
                0x0000a8fc                queGetTlv
                0x0000a95c                queFindTlv
                0x0000a9ec                queMergeTlv
                0x0000ab0c                bitOn
                0x0000ab80                bitOff
                0x0000abfc                bitTest
                0x0000ac68                tbxParity
                0x0000ad90                tbxCheckParity
                0x0000aea8                fmtSbs
                0x0000af14                fmtTok
                0x0000afa8                fmtPad
                0x0000b06c                fmtCnt
                0x0000b230                fmtIns
                0x0000b348                fmtAmt
                0x0000b588                fmtMut
                0x0000b6cc                fmtDel
                0x0000b7c4                fmtTcp
                0x0000b850                fmtDate
                0x0000b8e0                fmtTime
                0x0000b970                isSorted
                0x0000bd68                addStr
                0x0000be04                subStr
                0x0000bea8                stdPow
                0x0000bef4                stdLrc
                0x0000bf58                trk2Lrc
                0x0000bff0                stdGetAcc
                0x0000c0a0                stdLuhnCheck
                0x0000c1f4                stdArgMsgCrc16
                0x0000c278                stdCrc16
                0x0000c380                xor
                0x0000c3ec                stdParity
                0x0000ca5c                stdDES
                0x0000ca98                stdSED
                0x0000cad4                stdEDE
                0x0000cb34                stdDED
                0x0000cc0c                hashJerkinsBin
                0x0000ccd0                bmpWdt
                0x0000cd14                bmpHgt
                0x0000cd58                bmpDat
                0x0000cd84                Radix64Encode
                0x0000ceb4                Radix64Decode
                0x0000d1b4                BaseToDec
                0x0000d288                stdOWF
                0x0000d51c                ts2dt
                0x0000d618                dt2ts
                0x0000d738                count_chars
                0x0000d7a0                begKey
                0x0000d7f4                mapGet
                0x0000d87c                mapDatLen
                0x0000d8f0                mapPut
                0x0000da68                getDateTime
                0x0000dd0c                strFormatDatTim
                0x0000ddf4                message_RemoveCard
                0x0000dee8                strtouppercase
                0x0000df54                kbdKey
                0x0000dfb4                basename
 .text          0x0000e000      0x5ac Obj/GNU_ARM_DEBUG_T2/magnetic.o
                0x0000e000                IsoError
                0x0000e0c8                Magnetic
 .text          0x0000e5ac     0x2550 Obj/GNU_ARM_DEBUG_T2/schemes.o
                0x0000e8b0                GetPpdDisplay
                0x0000eff0                SetConfig
                0x0000f2a8                GetConfig
                0x0000fc50                CreateSecret
                0x0000fdb4                FreeSecret
                0x0000fe98                LoadIso9564Key
                0x0000fff0                LoadMacKey
                0x000101b8                Iso9564PinEntry
                0x00010638                MacCalculation
                0x00010ac0                LoadKeysAuto
 .text          0x00010afc       0xe4 Obj/GNU_ARM_DEBUG_T2/amount.o
                0x00010afc                amount
 .text          0x00010be0      0xc24 Obj/GNU_ARM_DEBUG_T2/printer.o
                0x00010be0                PrintDocument
 .text          0x00011804       0x60 C:/Program Files/TeliumSDK/SDK11.16.8.02/SDKTPLUS/HW_T2/gnu_434/lib/eft30tplus.lib(DLLExist.o)
                0x00011810                DLLExist
 .text          0x00011864       0x60 C:/Program Files/TeliumSDK/SDK11.16.8.02/SDKTPLUS/HW_T2/gnu_434/lib/eft30tplus.lib(d_tolong.o)
                0x00011870                d_tolong
 .text          0x000118c4       0x5c C:/Program Files/TeliumSDK/SDK11.16.8.02/SDKTPLUS/HW_T2/gnu_434/lib/eft30tplus.lib(stdcam0.o)
                0x000118cc                stdcam0
 .text          0x00011920       0x74 C:/Program Files/TeliumSDK/SDK11.16.8.02/SDKTPLUS/HW_T2/gnu_434/lib/eft30tplus.lib(extenstp1.o)
                0x00011920                extenslib_close
                0x00011934                extenslib_open
                0x00011970                GetProcAddressExtens
 .text          0x00011994       0x5c C:/Program Files/TeliumSDK/SDK11.16.8.02/SDKTPLUS/HW_T2/gnu_434/lib/eft30tplus.lib(DisplayFooter.o)
                0x000119a4                DisplayFooter
 .text          0x000119f0       0x5c C:/Program Files/TeliumSDK/SDK11.16.8.02/SDKTPLUS/HW_T2/gnu_434/lib/eft30tplus.lib(DisplayHeader.o)
                0x00011a00                DisplayHeader
 .text          0x00011a4c       0x58 C:/Program Files/TeliumSDK/SDK11.16.8.02/SDKTPLUS/HW_T2/gnu_434/lib/eft30tplus.lib(DisplayLeds.o)
                0x00011a58                DisplayLeds
 .text          0x00011aa4       0x54 C:/Program Files/TeliumSDK/SDK11.16.8.02/SDKTPLUS/HW_T2/gnu_434/lib/eft30tplus.lib(IsFooter.o)
                0x00011ab0                IsFooter
 .text          0x00011af8       0x5c C:/Program Files/TeliumSDK/SDK11.16.8.02/SDKTPLUS/HW_T2/gnu_434/lib/eft30tplus.lib(IsHeader.o)
                0x00011b0c                IsHeader
 .text          0x00011b54       0x64 C:/Program Files/TeliumSDK/SDK11.16.8.02/SDKTPLUS/HW_T2/gnu_434/lib/eft30tplus.lib(DrawExtendedString.o)
                0x00011b68                DrawExtendedString
 .text          0x00011bb8       0x5c C:/Program Files/TeliumSDK/SDK11.16.8.02/SDKTPLUS/HW_T2/gnu_434/lib/eft30tplus.lib(InitContexteGraphique.o)
                0x00011bd0                InitContexteGraphique
 .text          0x00011c14       0x58 C:/Program Files/TeliumSDK/SDK11.16.8.02/SDKTPLUS/HW_T2/gnu_434/lib/eft30tplus.lib(PaintGraphics.o)
                0x00011c24                PaintGraphics
 .text          0x00011c6c       0x64 C:/Program Files/TeliumSDK/SDK11.16.8.02/SDKTPLUS/HW_T2/gnu_434/lib/eft30tplus.lib(_DrawExtendedString.o)
                0x00011c80                _DrawExtendedString
 .text          0x00011cd0       0x74 C:/Program Files/TeliumSDK/SDK11.16.8.02/SDKTPLUS/HW_T2/gnu_434/lib/eft30tplus.lib(libgrtp1.o)
                0x00011cd0                libgrlib_close
                0x00011ce4                libgrlib_open
                0x00011d20                GetProcAddressLibgr
 .text          0x00011d44       0x64 C:/Program Files/TeliumSDK/SDK11.16.8.02/SDKTPLUS/HW_T2/gnu_434/lib/eft30tplus.lib(PSQ_Est_pinpad.o)
                0x00011d54                PSQ_Est_pinpad
 .text          0x00011da8       0x6c C:/Program Files/TeliumSDK/SDK11.16.8.02/SDKTPLUS/HW_T2/gnu_434/lib/eft30tplus.lib(PSQ_donner_type_pinpad.o)
                0x00011dc0                PSQ_donner_type_pinpad
 .text          0x00011e14       0x74 C:/Program Files/TeliumSDK/SDK11.16.8.02/SDKTPLUS/HW_T2/gnu_434/lib/eft30tplus.lib(paramtp1.o)
                0x00011e14                paramlib_close
                0x00011e28                paramlib_open
                0x00011e64                GetProcAddressParam
 .text          0x00011e88       0x64 C:/Program Files/TeliumSDK/SDK11.16.8.02/SDKTPLUS/HW_T2/gnu_434/lib/eft30tplus.lib(IsPPSConnected.o)
                0x00011e98                IsPPSConnected
 .text          0x00011eec       0x74 C:/Program Files/TeliumSDK/SDK11.16.8.02/SDKTPLUS/HW_T2/gnu_434/lib/eft30tplus.lib(PPS_SendTerminalRefRequestCommand.o)
                0x00011f0c                PPS_SendTerminalRefRequestCommand
 .text          0x00011f60       0x60 C:/Program Files/TeliumSDK/SDK11.16.8.02/SDKTPLUS/HW_T2/gnu_434/lib/eft30tplus.lib(PPS_firstline.o)
                0x00011f70                PPS_firstline
 .text          0x00011fc0       0x5c C:/Program Files/TeliumSDK/SDK11.16.8.02/SDKTPLUS/HW_T2/gnu_434/lib/eft30tplus.lib(PPS_newline.o)
                0x00011fcc                PPS_newline
 .text          0x0001201c       0x74 C:/Program Files/TeliumSDK/SDK11.16.8.02/SDKTPLUS/HW_T2/gnu_434/lib/eft30tplus.lib(pinpadtp1.o)
                0x0001201c                pinpadlib_close
                0x00012030                pinpadlib_open
                0x0001206c                GetProcAddressPinpad
 .text          0x00012090       0x68 C:/Program Files/TeliumSDK/SDK11.16.8.02/SDKTPLUS/HW_T2/gnu_434/lib/eft30tplus.lib(PPS_Display.o)
                0x000120a4                PPS_Display
 .text          0x000120f8       0x60 C:/Program Files/TeliumSDK/SDK11.16.8.02/SDKTPLUS/HW_T2/gnu_434/lib/eft30tplus.lib(Telium_Read_date.o)
                0x0001210c                Telium_Read_date
 .text          0x00012158       0x60 C:/Program Files/TeliumSDK/SDK11.16.8.02/SDKTPLUS/HW_T2/gnu_434/lib/eft30tplus.lib(BoosterType.o)
                0x00012164                BoosterType
 .text          0x000121b8       0x64 C:/Program Files/TeliumSDK/SDK11.16.8.02/SDKTPLUS/HW_T2/gnu_434/lib/eft30tplus.lib(IsColorDisplay.o)
                0x000121c8                IsColorDisplay
 .text          0x0001221c       0x5c C:/Program Files/TeliumSDK/SDK11.16.8.02/SDKTPLUS/HW_T2/gnu_434/lib/eft30tplus.lib(IsISO1.o)
                0x00012224                IsISO1
 .text          0x00012278       0x5c C:/Program Files/TeliumSDK/SDK11.16.8.02/SDKTPLUS/HW_T2/gnu_434/lib/eft30tplus.lib(IsISO2.o)
                0x00012280                IsISO2
 .text          0x000122d4       0x5c C:/Program Files/TeliumSDK/SDK11.16.8.02/SDKTPLUS/HW_T2/gnu_434/lib/eft30tplus.lib(IsISO3.o)
                0x000122dc                IsISO3
 .text          0x00012330       0x60 C:/Program Files/TeliumSDK/SDK11.16.8.02/SDKTPLUS/HW_T2/gnu_434/lib/eft30tplus.lib(IsPrinter.o)
                0x0001233c                IsPrinter
 .text          0x00012390       0x64 C:/Program Files/TeliumSDK/SDK11.16.8.02/SDKTPLUS/HW_T2/gnu_434/lib/eft30tplus.lib(Telium_ServiceRegister.o)
                0x000123a8                Telium_ServiceRegister
 .text          0x000123f4       0x50 C:/Program Files/TeliumSDK/SDK11.16.8.02/SDKTPLUS/HW_T2/gnu_434/lib/eft30tplus.lib(Telium_Atoi.o)
                0x000123f4                atol
                0x00012438                atoi
 .text          0x00012444       0x34 C:/Program Files/TeliumSDK/SDK11.16.8.02/SDKTPLUS/HW_T2/gnu_434/lib/eft30tplus.lib(Telium_Pprintf.o)
                0x00012444                Telium_Pprintf
 .text          0x00012478       0x24 C:/Program Files/TeliumSDK/SDK11.16.8.02/SDKTPLUS/HW_T2/gnu_434/lib/eft30tplus.lib(Telium_Printf.o)
                0x00012478                Telium_Printf
 .text          0x0001249c       0x20 C:/Program Files/TeliumSDK/SDK11.16.8.02/SDKTPLUS/HW_T2/gnu_434/lib/eft30tplus.lib(Telium_Stdprt.o)
                0x000124a4                Telium_Stdprt
 .text          0x000124bc       0x20 C:/Program Files/TeliumSDK/SDK11.16.8.02/SDKTPLUS/HW_T2/gnu_434/lib/eft30tplus.lib(Telium_Sprintf.o)
                0x000124bc                Telium_Sprintf
 .text          0x000124dc       0x20 C:/Program Files/TeliumSDK/SDK11.16.8.02/SDKTPLUS/HW_T2/gnu_434/lib/eft30tplus.lib(sprintf.o)
                0x000124dc                sprintf
 .text          0x000124fc       0x70 C:/Program Files/TeliumSDK/SDK11.16.8.02/SDKTPLUS/HW_T2/gnu_434/lib/eft30tplus.lib(TM_InitContexteGraphique.o)
                0x00012518                TM_InitContexteGraphique
 .text          0x0001256c       0x78 C:/Program Files/TeliumSDK/SDK11.16.8.02/SDKTPLUS/HW_T2/gnu_434/lib/eft30tplus.lib(toolstp1.o)
                0x0001256c                toolslib_close
                0x00012580                toolslib_open
                0x000125c0                GetProcAddressTools
 .text          0x000125e4        0xe C:/Program Files/TeliumSDK/SDK11.16.8.02/SDKTPLUS/HW_T2/gnu_434/lib/TRAP_TELIUM_PLUS.LIB(ApplicationGetCurrent.o)
                0x000125e4                ApplicationGetCurrent
 .text          0x000125f2        0xe C:/Program Files/TeliumSDK/SDK11.16.8.02/SDKTPLUS/HW_T2/gnu_434/lib/TRAP_TELIUM_PLUS.LIB(FS_close.o)
                0x000125f2                FS_close
 .text          0x00012600        0xe C:/Program Files/TeliumSDK/SDK11.16.8.02/SDKTPLUS/HW_T2/gnu_434/lib/TRAP_TELIUM_PLUS.LIB(FS_dskcreate.o)
                0x00012600                FS_dskcreate
 .text          0x0001260e        0xe C:/Program Files/TeliumSDK/SDK11.16.8.02/SDKTPLUS/HW_T2/gnu_434/lib/TRAP_TELIUM_PLUS.LIB(FS_length.o)
                0x0001260e                FS_length
 .text          0x0001261c        0xe C:/Program Files/TeliumSDK/SDK11.16.8.02/SDKTPLUS/HW_T2/gnu_434/lib/TRAP_TELIUM_PLUS.LIB(FS_mount.o)
                0x0001261c                FS_mount
 .text          0x0001262a        0xe C:/Program Files/TeliumSDK/SDK11.16.8.02/SDKTPLUS/HW_T2/gnu_434/lib/TRAP_TELIUM_PLUS.LIB(FS_open.o)
                0x0001262a                FS_open
 .text          0x00012638        0xe C:/Program Files/TeliumSDK/SDK11.16.8.02/SDKTPLUS/HW_T2/gnu_434/lib/TRAP_TELIUM_PLUS.LIB(FS_read.o)
                0x00012638                FS_read
 .text          0x00012646        0xe C:/Program Files/TeliumSDK/SDK11.16.8.02/SDKTPLUS/HW_T2/gnu_434/lib/TRAP_TELIUM_PLUS.LIB(FS_unmount.o)
                0x00012646                FS_unmount
 .text          0x00012654        0xe C:/Program Files/TeliumSDK/SDK11.16.8.02/SDKTPLUS/HW_T2/gnu_434/lib/TRAP_TELIUM_PLUS.LIB(ObjectGetDescriptor.o)
                0x00012654                ObjectGetDescriptor
 .text          0x00012662        0xe C:/Program Files/TeliumSDK/SDK11.16.8.02/SDKTPLUS/HW_T2/gnu_434/lib/TRAP_TELIUM_PLUS.LIB(ObjectGetInfo.o)
                0x00012662                ObjectGetInfo
 .text          0x00012670        0xe C:/Program Files/TeliumSDK/SDK11.16.8.02/SDKTPLUS/HW_T2/gnu_434/lib/TRAP_TELIUM_PLUS.LIB(Telium_Exit.o)
                0x00012670                Telium_Exit
 .text          0x0001267e        0xe C:/Program Files/TeliumSDK/SDK11.16.8.02/SDKTPLUS/HW_T2/gnu_434/lib/TRAP_TELIUM_PLUS.LIB(Telium_Fclose.o)
                0x0001267e                Telium_Fclose
 .text          0x0001268c        0xe C:/Program Files/TeliumSDK/SDK11.16.8.02/SDKTPLUS/HW_T2/gnu_434/lib/TRAP_TELIUM_PLUS.LIB(Telium_Fopen.o)
                0x0001268c                Telium_Fopen
 .text          0x0001269a        0xe C:/Program Files/TeliumSDK/SDK11.16.8.02/SDKTPLUS/HW_T2/gnu_434/lib/TRAP_TELIUM_PLUS.LIB(Telium_Getc.o)
                0x0001269a                Telium_Getc
 .text          0x000126a8        0xe C:/Program Files/TeliumSDK/SDK11.16.8.02/SDKTPLUS/HW_T2/gnu_434/lib/TRAP_TELIUM_PLUS.LIB(Telium_Is_iso1.o)
                0x000126a8                Telium_Is_iso1
 .text          0x000126b6        0xe C:/Program Files/TeliumSDK/SDK11.16.8.02/SDKTPLUS/HW_T2/gnu_434/lib/TRAP_TELIUM_PLUS.LIB(Telium_Is_iso2.o)
                0x000126b6                Telium_Is_iso2
 .text          0x000126c4        0xe C:/Program Files/TeliumSDK/SDK11.16.8.02/SDKTPLUS/HW_T2/gnu_434/lib/TRAP_TELIUM_PLUS.LIB(Telium_Is_iso3.o)
                0x000126c4                Telium_Is_iso3
 .text          0x000126d2        0xe C:/Program Files/TeliumSDK/SDK11.16.8.02/SDKTPLUS/HW_T2/gnu_434/lib/TRAP_TELIUM_PLUS.LIB(Telium_Reset_buf.o)
                0x000126d2                Telium_Reset_buf
 .text          0x000126e0        0xe C:/Program Files/TeliumSDK/SDK11.16.8.02/SDKTPLUS/HW_T2/gnu_434/lib/TRAP_TELIUM_PLUS.LIB(Telium_Status.o)
                0x000126e0                Telium_Status
 .text          0x000126ee        0xe C:/Program Files/TeliumSDK/SDK11.16.8.02/SDKTPLUS/HW_T2/gnu_434/lib/TRAP_TELIUM_PLUS.LIB(Telium_Stdin.o)
                0x000126ee                Telium_Stdin
 .text          0x000126fc        0xe C:/Program Files/TeliumSDK/SDK11.16.8.02/SDKTPLUS/HW_T2/gnu_434/lib/TRAP_TELIUM_PLUS.LIB(Telium_Stdout.o)
                0x000126fc                Telium_Stdout
 .text          0x0001270a        0xe C:/Program Files/TeliumSDK/SDK11.16.8.02/SDKTPLUS/HW_T2/gnu_434/lib/TRAP_TELIUM_PLUS.LIB(Telium_Stdperif.o)
                0x0001270a                Telium_Stdperif
 .text          0x00012718        0xe C:/Program Files/TeliumSDK/SDK11.16.8.02/SDKTPLUS/HW_T2/gnu_434/lib/TRAP_TELIUM_PLUS.LIB(Telium_Ttestall.o)
                0x00012718                Telium_Ttestall
 .text          0x00012726        0xe C:/Program Files/TeliumSDK/SDK11.16.8.02/SDKTPLUS/HW_T2/gnu_434/lib/TRAP_TELIUM_PLUS.LIB(Telium_Vfprintf.o)
                0x00012726                Telium_Vfprintf
 .text          0x00012734        0xe C:/Program Files/TeliumSDK/SDK11.16.8.02/SDKTPLUS/HW_T2/gnu_434/lib/TRAP_TELIUM_PLUS.LIB(Telium_Vsprintf.o)
                0x00012734                Telium_Vsprintf
 .text          0x00012742        0xe C:/Program Files/TeliumSDK/SDK11.16.8.02/SDKTPLUS/HW_T2/gnu_434/lib/TRAP_TELIUM_PLUS.LIB(buzzer.o)
                0x00012742                buzzer
 .text          0x00012750        0xe C:/Program Files/TeliumSDK/SDK11.16.8.02/SDKTPLUS/HW_T2/gnu_434/lib/TRAP_TELIUM_PLUS.LIB(first_init.o)
                0x00012750                first_init
 .text          0x0001275e        0xe C:/Program Files/TeliumSDK/SDK11.16.8.02/SDKTPLUS/HW_T2/gnu_434/lib/TRAP_TELIUM_PLUS.LIB(raz_init.o)
                0x0001275e                raz_init
 .text          0x0001276c        0xe C:/Program Files/TeliumSDK/SDK11.16.8.02/SDKTPLUS/HW_T2/gnu_434/lib/TRAP_TELIUM_PLUS.LIB(ufree.o)
                0x0001276c                ufree
 .text          0x0001277a        0xe C:/Program Files/TeliumSDK/SDK11.16.8.02/SDKTPLUS/HW_T2/gnu_434/lib/TRAP_TELIUM_PLUS.LIB(umalloc.o)
                0x0001277a                umalloc
 .text          0x00012788        0xe C:/Program Files/TeliumSDK/SDK11.16.8.02/SDKTPLUS/HW_T2/gnu_434/lib/TRAP_TELIUM_PLUS.LIB(urealloc.o)
                0x00012788                urealloc
 *fill*         0x00012796        0x2 00
 .text          0x00012798      0x128 C:/Program Files/TeliumSDK/SDK11.16.8.02/SDKTPLUS/HW_T2/gnu_434/lib/SECTPLUS.lib(SECLibOpenClose.o)
                0x00012798                SEClib_Version
                0x000127c0                SEClib_Close
                0x000127f8                SEClib_Open
 .text          0x000128c0       0x74 C:/Program Files/TeliumSDK/SDK11.16.8.02/SDKTPLUS/HW_T2/gnu_434/lib/SECTPLUS.lib(SEC1.o)
                0x000128c0                SEC_Version
 .text          0x00012934       0x74 C:/Program Files/TeliumSDK/SDK11.16.8.02/SDKTPLUS/HW_T2/gnu_434/lib/SECTPLUS.lib(SEC7.o)
                0x00012934                SEC_InitVar
 .text          0x000129a8       0x74 C:/Program Files/TeliumSDK/SDK11.16.8.02/SDKTPLUS/HW_T2/gnu_434/lib/SECTPLUS.lib(SEC8.o)
                0x000129a8                SEC_SetConfig
 .text          0x00012a1c       0x74 C:/Program Files/TeliumSDK/SDK11.16.8.02/SDKTPLUS/HW_T2/gnu_434/lib/SECTPLUS.lib(SEC9.o)
                0x00012a1c                SEC_GetConfig
 .text          0x00012a90       0x7c C:/Program Files/TeliumSDK/SDK11.16.8.02/SDKTPLUS/HW_T2/gnu_434/lib/SECTPLUS.lib(SEC10.o)
                0x00012a90                SEC_listSecureId
 .text          0x00012b0c       0x78 C:/Program Files/TeliumSDK/SDK11.16.8.02/SDKTPLUS/HW_T2/gnu_434/lib/SECTPLUS.lib(SEC11.o)
                0x00012b0c                SEC_isSecretArea
 .text          0x00012b84       0x80 C:/Program Files/TeliumSDK/SDK11.16.8.02/SDKTPLUS/HW_T2/gnu_434/lib/SECTPLUS.lib(SEC19.o)
                0x00012b84                SEC_CreateSecretArea
 .text          0x00012c04       0x78 C:/Program Files/TeliumSDK/SDK11.16.8.02/SDKTPLUS/HW_T2/gnu_434/lib/SECTPLUS.lib(SEC20.o)
                0x00012c04                SEC_FreeSecret
 .text          0x00012c7c       0x84 C:/Program Files/TeliumSDK/SDK11.16.8.02/SDKTPLUS/HW_T2/gnu_434/lib/SECTPLUS.lib(SEC21.o)
                0x00012c7c                SEC_LoadKey
 .text          0x00012d00       0x78 C:/Program Files/TeliumSDK/SDK11.16.8.02/SDKTPLUS/HW_T2/gnu_434/lib/SECTPLUS.lib(SEC22.o)
                0x00012d00                SEC_PinEntryInit
 .text          0x00012d78       0x78 C:/Program Files/TeliumSDK/SDK11.16.8.02/SDKTPLUS/HW_T2/gnu_434/lib/SECTPLUS.lib(SEC23.o)
                0x00012d78                SEC_PinEntry
 .text          0x00012df0       0x8c C:/Program Files/TeliumSDK/SDK11.16.8.02/SDKTPLUS/HW_T2/gnu_434/lib/SECTPLUS.lib(SEC24.o)
                0x00012df0                SEC_Iso9564
 .text          0x00012e7c       0x80 C:/Program Files/TeliumSDK/SDK11.16.8.02/SDKTPLUS/HW_T2/gnu_434/lib/SECTPLUS.lib(SEC34.o)
                0x00012e7c                SEC_ComputeMAC
 .text          0x00012efc       0x74 C:/Program Files/TeliumSDK/SDK11.16.8.02/SDKTPLUS/HW_T2/gnu_434/lib/SECTPLUS.lib(SEC37.o)
                0x00012efc                SEC_InitInstance
 .text          0x00012f70       0x80 C:/Program Files/TeliumSDK/SDK11.16.8.02/SDKTPLUS/HW_T2/gnu_434/lib/SECTPLUS.lib(SEC38.o)
                0x00012f70                SEC_KeyVerify
 .text          0x00012ff0       0x84 C:/Program Files/TeliumSDK/SDK11.16.8.02/SDKTPLUS/HW_T2/gnu_434/lib/SECTPLUS.lib(SEC54.o)
                0x00012ff0                SEC_listTLVKeys
 .text          0x00013074      0x78c C:/Program Files/TeliumSDK/SDK11.16.8.02/SDKTPLUS/HW_T2/gnu_434/lib/LinkLayerExeInterface_TPlus.lib(LinkLayerServices.o)
                0x00013074                LL_GSM_Stop
                0x000130b4                LL_GPRS_Stop
                0x000130f4                LL_Network_GetStatus
                0x00013144                LL_WaitEvent
                0x0001318c                LL_GetStatus
                0x000131d0                LL_GetLastError
                0x00013214                LL_ClearReceiveBuffer
                0x00013258                LL_ClearSendBuffer
                0x0001329c                LL_Disconnect
                0x000132e0                LL_Connect
                0x00013324                LL_GetHandle
                0x0001339c                LL_GSM_Start
                0x00013410                LL_GPRS_Connect
                0x000134a8                LL_GPRS_Start
                0x00013538                LL_Receive
                0x000135dc                LL_Send
                0x00013678                LL_GetInfo
                0x00013724                LL_Configure
 .text          0x00013800       0x24 C:/Program Files/TeliumSDK/SDK11.16.8.02/SDKTPLUS/HW_T2/gnu_434/lib/ExtraGPRS.lib(gprs_GetInformation.o)
                0x0001380c                gprs_GetInformation
 .text          0x00013824       0x24 C:/Program Files/TeliumSDK/SDK11.16.8.02/SDKTPLUS/HW_T2/gnu_434/lib/ExtraGPRS.lib(gprs_SetPinModeFree.o)
                0x00013830                gprs_SetPinModeFree
 .text          0x00013848       0x24 C:/Program Files/TeliumSDK/SDK11.16.8.02/SDKTPLUS/HW_T2/gnu_434/lib/ExtraGPRS.lib(gprs_SubmitPuk.o)
                0x00013854                gprs_SubmitPuk
 .text          0x0001386c       0x2c C:/Program Files/TeliumSDK/SDK11.16.8.02/SDKTPLUS/HW_T2/gnu_434/lib/ExtraGPRS.lib(EXTRA_GPRS_asm_link.o)
                0x0001386c                EXTRA_GPRS_InitFuncAndBranch
                0x0001387c                EXTRA_GPRS_Swi_ObjectLoad
                0x0001388a                EXTRA_GPRS_Swi_DllLink
 .text          0x00013898      0x114 C:/Program Files/TeliumSDK/SDK11.16.8.02/SDKTPLUS/HW_T2/gnu_434/lib/ExtraGPRS.lib(EXTRA_GPRS_link.o)
                0x00013898                EXTRA_GPRS_IsPresent
                0x000138d4                EXTRA_GPRS_GetProcAddressWithoutExit
                0x0001396c                EXTRA_GPRS_GetProcAddress
 .text          0x000139ac       0xa0 C:/Program Files/TeliumSDK/SDK11.16.8.02/SDKTPLUS/HW_T2/gnu_434/lib/GTL_TPlus.lib(GTL_StdTimer.o)
                0x000139ac                GTL_StdTimer_GetElapsed
                0x000139d8                GTL_StdTimer_GetRemaining
                0x00013a24                GTL_StdTimer_GetCurrent
 .text          0x00013a4c     0x2b3c C:/Program Files/TeliumSDK/SDK11.16.8.02/SDKTPLUS/HW_T2/gnu_434/lib/FMG_TPlus.lib(VGE_FMG.o)
                0x00013a4c                IsFileEmpty
                0x00013a98                FMG_GetFileDescription
                0x00013ad0                FMG_CalculMD5
                0x00013b20                FMG_CheckRecordCoherence
                0x00013b78                FMG_CheckFileCoherence
                0x00013cb0                DeleteFileFromTable
                0x00013d1c                SaveMangementFile
                0x00013da0                DeleteRecordEndWithCkecksum
                0x00013f68                DeleteRecordEnd
                0x00014144                DeleteRecordMiddleWithCkecksum
                0x000143a0                DeleteRecordMiddle
                0x00014594                DeleteRecordBeginWithCkecksum
                0x00014764                DeleteRecordBegin
                0x000148d8                AddModifyRecordEndWithCkecksum
                0x00014b48                AddModifyRecordEnd
                0x00014e5c                AddModifyRecordMiddleWithCkecksum
                0x0001512c                AddModifyRecordMiddle
                0x00015380                AddModifyRecordBeginWithCkecksum
                0x000155cc                AddModifyRecordBegin
                0x0001579c                ExtraireFileID
                0x00015808                FMG_DeleteRecord
                0x000159b8                FMG_ReadRecord
                0x00015c50                FMG_ModifyRecord
                0x00015e24                FMG_AddRecord
                0x00015ffc                CreateOrMountDisk
                0x0001605c                FMG_DeleteFileType
                0x00016114                FMG_CreateFileType
                0x00016270                FMG_DeleteFile
                0x0001630c                FMG_CreateFile
                0x00016430                FMG_Init
 .text          0x00016588      0x988 C:/Program Files/TeliumSDK/SDK11.16.8.02/SDKTPLUS/HW_T2/gnu_434/lib/FMG_TPlus.lib(md5.o)
                0x00016588                md5_init
                0x00016de4                md5_append
                0x00016e8c                md5_finish
 .text          0x00016f10      0x40c C:/Program Files/TeliumSDK/SDK11.16.8.02/SDKTPLUS/HW_T2/gnu_434/lib/TlvTree_TPlus.lib(Proxy.o)
                0x00016f10                TlvTree_Copy
                0x00016f38                TlvTree_SetTag
                0x00016f60                TlvTree_SetDataInteger
                0x00016f98                TlvTree_SetData
                0x00016fc0                TlvTree_SetDataString
                0x00016ff8                TlvTree_GetData
                0x00017020                TlvTree_GetLength
                0x00017048                TlvTree_GetTag
                0x00017070                TlvTree_GetNext
                0x00017098                TlvTree_GetParent
                0x000170c0                TlvTree_GetFirstChild
                0x000170e8                TlvTree_Iterate
                0x00017118                TlvTree_FindChildren
                0x00017140                TlvTree_Find
                0x00017168                TlvTree_Unserialize
                0x00017190                TlvTree_GetSerializationSize
                0x000171b8                TlvTree_Serialize
                0x000171e0                TlvTree_Release
                0x00017208                TlvTree_GraftChildren
                0x00017230                TlvTree_Graft
                0x00017258                TlvTree_AddChildString
                0x00017294                TlvTree_AddChildInteger
                0x000172cc                TlvTree_AddChild
                0x000172f4                TlvTree_New
 .text          0x0001731c       0xec C:/Program Files/TeliumSDK/SDK11.16.8.02/SDKTPLUS/HW_T2/gnu_434/lib/TlvTree_TPlus.lib(Serializer.o)
                0x0001731c                __TlvTree_GetSerializationSize
                0x00017358                __TlvTree_Unserialize
                0x000173c0                __TlvTree_Serialize
 .text          0x00017408      0x5cc C:/Program Files/TeliumSDK/SDK11.16.8.02/SDKTPLUS/HW_T2/gnu_434/lib/TlvTree_TPlus.lib(Internal.o)
                0x00017408                __TlvTree_SetTag
                0x0001742c                __TlvTree_Graft
                0x00017490                __TlvTree_GraftChildren
                0x000174fc                __TlvTree_FindChildren
                0x00017548                __TlvTree_GetFirstChild
                0x0001756c                __TlvTree_GetParent
                0x00017590                __TlvTree_GetNext
                0x000175b4                __TlvTree_GetTag
                0x000175d8                __TlvTree_GetLength
                0x00017608                __TlvTree_GetData
                0x0001762c                __TlvTree_RemoveChild
                0x00017690                __TlvTree_GetNextNode
                0x00017728                __TlvTree_Find
                0x00017784                __TlvTree_DeleteNode
                0x000177cc                __TlvTree_Release
                0x0001781c                __TlvTree_NewNode
                0x00017860                __TlvTree_New
                0x0001788c                __TlvTree_SetData
                0x000178fc                __TlvTree_AddChild
                0x00017950                __TlvTree_Copy
 .text          0x000179d4      0x38c C:/Program Files/TeliumSDK/SDK11.16.8.02/SDKTPLUS/HW_T2/gnu_434/lib/TlvTree_TPlus.lib(Serializer_Default.o)
                0x00017ab4                __TlvTree_Unserialize_Default
                0x00017bdc                __TlvTree_GetSerializationSize_Default
                0x00017c38                __TlvTree_Serialize_Default
 .text          0x00017d60      0x8a8 C:/Program Files/TeliumSDK/SDK11.16.8.02/SDKTPLUS/HW_T2/gnu_434/lib/TlvTree_TPlus.lib(Serializer_Xml.o)
                0x00017dec                __TlvTree_Unserialize_Xml
                0x00018254                __TlvTree_GetSerializationSize_Xml
                0x000182f8                __TlvTree_Serialize_Xml
 .text          0x00018608       0x24 C:/Program Files/TeliumSDK/SDK11.16.8.02/SDKTPLUS/HW_T2/gnu_434/lib/GRAPHICLIB.LIB(GL_Button_Create.o)
                0x00018614                GL_Button_Create
 .text          0x0001862c       0x24 C:/Program Files/TeliumSDK/SDK11.16.8.02/SDKTPLUS/HW_T2/gnu_434/lib/GRAPHICLIB.LIB(GL_Dialog_Amount.o)
                0x00018638                GL_Dialog_Amount
 .text          0x00018650       0x24 C:/Program Files/TeliumSDK/SDK11.16.8.02/SDKTPLUS/HW_T2/gnu_434/lib/GRAPHICLIB.LIB(GL_Dialog_Choice.o)
                0x0001865c                GL_Dialog_Choice
 .text          0x00018674       0x24 C:/Program Files/TeliumSDK/SDK11.16.8.02/SDKTPLUS/HW_T2/gnu_434/lib/GRAPHICLIB.LIB(GL_Dialog_Menu.o)
                0x00018680                GL_Dialog_Menu
 .text          0x00018698       0x24 C:/Program Files/TeliumSDK/SDK11.16.8.02/SDKTPLUS/HW_T2/gnu_434/lib/GRAPHICLIB.LIB(GL_Dialog_Message.o)
                0x000186a4                GL_Dialog_Message
 .text          0x000186bc       0x24 C:/Program Files/TeliumSDK/SDK11.16.8.02/SDKTPLUS/HW_T2/gnu_434/lib/GRAPHICLIB.LIB(GL_Dialog_Password.o)
                0x000186c8                GL_Dialog_Password
 .text          0x000186e0       0x24 C:/Program Files/TeliumSDK/SDK11.16.8.02/SDKTPLUS/HW_T2/gnu_434/lib/GRAPHICLIB.LIB(GL_Dialog_Progress.o)
                0x000186ec                GL_Dialog_Progress
 .text          0x00018704       0x24 C:/Program Files/TeliumSDK/SDK11.16.8.02/SDKTPLUS/HW_T2/gnu_434/lib/GRAPHICLIB.LIB(GL_Dialog_Text.o)
                0x00018710                GL_Dialog_Text
 .text          0x00018728       0x24 C:/Program Files/TeliumSDK/SDK11.16.8.02/SDKTPLUS/HW_T2/gnu_434/lib/GRAPHICLIB.LIB(GL_Dialog_VirtualKeyboard.o)
                0x00018734                GL_Dialog_VirtualKeyboard
 .text          0x0001874c       0x24 C:/Program Files/TeliumSDK/SDK11.16.8.02/SDKTPLUS/HW_T2/gnu_434/lib/GRAPHICLIB.LIB(GL_Document_Create.o)
                0x00018758                GL_Document_Create
 .text          0x00018770       0x24 C:/Program Files/TeliumSDK/SDK11.16.8.02/SDKTPLUS/HW_T2/gnu_434/lib/GRAPHICLIB.LIB(GL_Document_Print.o)
                0x0001877c                GL_Document_Print
 .text          0x00018794       0x24 C:/Program Files/TeliumSDK/SDK11.16.8.02/SDKTPLUS/HW_T2/gnu_434/lib/GRAPHICLIB.LIB(GL_Drawing_Clear.o)
                0x000187a0                GL_Drawing_Clear
 .text          0x000187b8       0x24 C:/Program Files/TeliumSDK/SDK11.16.8.02/SDKTPLUS/HW_T2/gnu_434/lib/GRAPHICLIB.LIB(GL_Drawing_Create.o)
                0x000187c4                GL_Drawing_Create
 .text          0x000187dc       0x24 C:/Program Files/TeliumSDK/SDK11.16.8.02/SDKTPLUS/HW_T2/gnu_434/lib/GRAPHICLIB.LIB(GL_Drawing_DrawEllipse.o)
                0x000187e8                GL_Drawing_DrawEllipse
 .text          0x00018800       0x24 C:/Program Files/TeliumSDK/SDK11.16.8.02/SDKTPLUS/HW_T2/gnu_434/lib/GRAPHICLIB.LIB(GL_Drawing_DrawLine.o)
                0x0001880c                GL_Drawing_DrawLine
 .text          0x00018824       0x24 C:/Program Files/TeliumSDK/SDK11.16.8.02/SDKTPLUS/HW_T2/gnu_434/lib/GRAPHICLIB.LIB(GL_Drawing_DrawRect.o)
                0x00018830                GL_Drawing_DrawRect
 .text          0x00018848       0x24 C:/Program Files/TeliumSDK/SDK11.16.8.02/SDKTPLUS/HW_T2/gnu_434/lib/GRAPHICLIB.LIB(GL_Drawing_DrawText.o)
                0x00018854                GL_Drawing_DrawText
 .text          0x0001886c       0x24 C:/Program Files/TeliumSDK/SDK11.16.8.02/SDKTPLUS/HW_T2/gnu_434/lib/GRAPHICLIB.LIB(GL_Drawing_SetBrush.o)
                0x00018878                GL_Drawing_SetBrush
 .text          0x00018890       0x24 C:/Program Files/TeliumSDK/SDK11.16.8.02/SDKTPLUS/HW_T2/gnu_434/lib/GRAPHICLIB.LIB(GL_Drawing_SetFont.o)
                0x0001889c                GL_Drawing_SetFont
 .text          0x000188b4       0x24 C:/Program Files/TeliumSDK/SDK11.16.8.02/SDKTPLUS/HW_T2/gnu_434/lib/GRAPHICLIB.LIB(GL_Drawing_SetPen.o)
                0x000188c0                GL_Drawing_SetPen
 .text          0x000188d8       0x24 C:/Program Files/TeliumSDK/SDK11.16.8.02/SDKTPLUS/HW_T2/gnu_434/lib/GRAPHICLIB.LIB(GL_GraphicLib_BindSingleKey.o)
                0x000188e4                GL_GraphicLib_BindSingleKey
 .text          0x000188fc       0xbc C:/Program Files/TeliumSDK/SDK11.16.8.02/SDKTPLUS/HW_T2/gnu_434/lib/GRAPHICLIB.LIB(GL_GraphicLib_Create.o)
                0x000188fc                GL_GraphicLib_Create
                0x00018978                GL_GraphicLib_Create_Init
 .text          0x000189b8       0x24 C:/Program Files/TeliumSDK/SDK11.16.8.02/SDKTPLUS/HW_T2/gnu_434/lib/GRAPHICLIB.LIB(GL_GraphicLib_IsTouchPresent.o)
                0x000189c4                GL_GraphicLib_IsTouchPresent
 .text          0x000189dc       0x24 C:/Program Files/TeliumSDK/SDK11.16.8.02/SDKTPLUS/HW_T2/gnu_434/lib/GRAPHICLIB.LIB(GL_GraphicLib_SetCharset.o)
                0x000189e8                GL_GraphicLib_SetCharset
 .text          0x00018a00       0x24 C:/Program Files/TeliumSDK/SDK11.16.8.02/SDKTPLUS/HW_T2/gnu_434/lib/GRAPHICLIB.LIB(GL_GraphicLib_UnbindKey.o)
                0x00018a0c                GL_GraphicLib_UnbindKey
 .text          0x00018a24       0x24 C:/Program Files/TeliumSDK/SDK11.16.8.02/SDKTPLUS/HW_T2/gnu_434/lib/GRAPHICLIB.LIB(GL_Label_Create.o)
                0x00018a30                GL_Label_Create
 .text          0x00018a48       0x24 C:/Program Files/TeliumSDK/SDK11.16.8.02/SDKTPLUS/HW_T2/gnu_434/lib/GRAPHICLIB.LIB(GL_Layout_Create.o)
                0x00018a54                GL_Layout_Create
 .text          0x00018a6c       0x24 C:/Program Files/TeliumSDK/SDK11.16.8.02/SDKTPLUS/HW_T2/gnu_434/lib/GRAPHICLIB.LIB(GL_Message_GetKey.o)
                0x00018a78                GL_Message_GetKey
 .text          0x00018a90       0x24 C:/Program Files/TeliumSDK/SDK11.16.8.02/SDKTPLUS/HW_T2/gnu_434/lib/GRAPHICLIB.LIB(GL_Message_GetWidget.o)
                0x00018a9c                GL_Message_GetWidget
 .text          0x00018ab4       0x24 C:/Program Files/TeliumSDK/SDK11.16.8.02/SDKTPLUS/HW_T2/gnu_434/lib/GRAPHICLIB.LIB(GL_Message_SetResult.o)
                0x00018ac0                GL_Message_SetResult
 .text          0x00018ad8       0x24 C:/Program Files/TeliumSDK/SDK11.16.8.02/SDKTPLUS/HW_T2/gnu_434/lib/GRAPHICLIB.LIB(GL_Message_SetUserData.o)
                0x00018ae4                GL_Message_SetUserData
 .text          0x00018afc       0x24 C:/Program Files/TeliumSDK/SDK11.16.8.02/SDKTPLUS/HW_T2/gnu_434/lib/GRAPHICLIB.LIB(GL_Picture_Create.o)
                0x00018b08                GL_Picture_Create
 .text          0x00018b20       0x24 C:/Program Files/TeliumSDK/SDK11.16.8.02/SDKTPLUS/HW_T2/gnu_434/lib/GRAPHICLIB.LIB(GL_Print_Create.o)
                0x00018b2c                GL_Print_Create
 .text          0x00018b44       0x24 C:/Program Files/TeliumSDK/SDK11.16.8.02/SDKTPLUS/HW_T2/gnu_434/lib/GRAPHICLIB.LIB(GL_Timer_Create.o)
                0x00018b50                GL_Timer_Create
 .text          0x00018b68       0x24 C:/Program Files/TeliumSDK/SDK11.16.8.02/SDKTPLUS/HW_T2/gnu_434/lib/GRAPHICLIB.LIB(GL_Timer_SetInterval.o)
                0x00018b74                GL_Timer_SetInterval
 .text          0x00018b8c       0x24 C:/Program Files/TeliumSDK/SDK11.16.8.02/SDKTPLUS/HW_T2/gnu_434/lib/GRAPHICLIB.LIB(GL_Timer_Stop.o)
                0x00018b98                GL_Timer_Stop
 .text          0x00018bb0       0x24 C:/Program Files/TeliumSDK/SDK11.16.8.02/SDKTPLUS/HW_T2/gnu_434/lib/GRAPHICLIB.LIB(GL_Widget_Destroy.o)
                0x00018bbc                GL_Widget_Destroy
 .text          0x00018bd4       0x24 C:/Program Files/TeliumSDK/SDK11.16.8.02/SDKTPLUS/HW_T2/gnu_434/lib/GRAPHICLIB.LIB(GL_Widget_GetUserData.o)
                0x00018be0                GL_Widget_GetUserData
 .text          0x00018bf8       0x24 C:/Program Files/TeliumSDK/SDK11.16.8.02/SDKTPLUS/HW_T2/gnu_434/lib/GRAPHICLIB.LIB(GL_Widget_RegisterCallback.o)
                0x00018c04                GL_Widget_RegisterCallback
 .text          0x00018c1c       0x24 C:/Program Files/TeliumSDK/SDK11.16.8.02/SDKTPLUS/HW_T2/gnu_434/lib/GRAPHICLIB.LIB(GL_Widget_SearchId.o)
                0x00018c28                GL_Widget_SearchId
 .text          0x00018c40       0x24 C:/Program Files/TeliumSDK/SDK11.16.8.02/SDKTPLUS/HW_T2/gnu_434/lib/GRAPHICLIB.LIB(GL_Widget_SetBackAlign.o)
                0x00018c4c                GL_Widget_SetBackAlign
 .text          0x00018c64       0x24 C:/Program Files/TeliumSDK/SDK11.16.8.02/SDKTPLUS/HW_T2/gnu_434/lib/GRAPHICLIB.LIB(GL_Widget_SetBackColor.o)
                0x00018c70                GL_Widget_SetBackColor
 .text          0x00018c88       0x24 C:/Program Files/TeliumSDK/SDK11.16.8.02/SDKTPLUS/HW_T2/gnu_434/lib/GRAPHICLIB.LIB(GL_Widget_SetBorders.o)
                0x00018c94                GL_Widget_SetBorders
 .text          0x00018cac       0x24 C:/Program Files/TeliumSDK/SDK11.16.8.02/SDKTPLUS/HW_T2/gnu_434/lib/GRAPHICLIB.LIB(GL_Widget_SetExpand.o)
                0x00018cb8                GL_Widget_SetExpand
 .text          0x00018cd0       0x24 C:/Program Files/TeliumSDK/SDK11.16.8.02/SDKTPLUS/HW_T2/gnu_434/lib/GRAPHICLIB.LIB(GL_Widget_SetFocusable.o)
                0x00018cdc                GL_Widget_SetFocusable
 .text          0x00018cf4       0x24 C:/Program Files/TeliumSDK/SDK11.16.8.02/SDKTPLUS/HW_T2/gnu_434/lib/GRAPHICLIB.LIB(GL_Widget_SetFontName.o)
                0x00018d00                GL_Widget_SetFontName
 .text          0x00018d18       0x24 C:/Program Files/TeliumSDK/SDK11.16.8.02/SDKTPLUS/HW_T2/gnu_434/lib/GRAPHICLIB.LIB(GL_Widget_SetFontScale.o)
                0x00018d24                GL_Widget_SetFontScale
 .text          0x00018d3c       0x24 C:/Program Files/TeliumSDK/SDK11.16.8.02/SDKTPLUS/HW_T2/gnu_434/lib/GRAPHICLIB.LIB(GL_Widget_SetFontStyle.o)
                0x00018d48                GL_Widget_SetFontStyle
 .text          0x00018d60       0x24 C:/Program Files/TeliumSDK/SDK11.16.8.02/SDKTPLUS/HW_T2/gnu_434/lib/GRAPHICLIB.LIB(GL_Widget_SetForeColor.o)
                0x00018d6c                GL_Widget_SetForeColor
 .text          0x00018d84       0x24 C:/Program Files/TeliumSDK/SDK11.16.8.02/SDKTPLUS/HW_T2/gnu_434/lib/GRAPHICLIB.LIB(GL_Widget_SetGrow.o)
                0x00018d90                GL_Widget_SetGrow
 .text          0x00018da8       0x24 C:/Program Files/TeliumSDK/SDK11.16.8.02/SDKTPLUS/HW_T2/gnu_434/lib/GRAPHICLIB.LIB(GL_Widget_SetId.o)
                0x00018db4                GL_Widget_SetId
 .text          0x00018dcc       0x24 C:/Program Files/TeliumSDK/SDK11.16.8.02/SDKTPLUS/HW_T2/gnu_434/lib/GRAPHICLIB.LIB(GL_Widget_SetItem.o)
                0x00018dd8                GL_Widget_SetItem
 .text          0x00018df0       0x24 C:/Program Files/TeliumSDK/SDK11.16.8.02/SDKTPLUS/HW_T2/gnu_434/lib/GRAPHICLIB.LIB(GL_Widget_SetMargins.o)
                0x00018dfc                GL_Widget_SetMargins
 .text          0x00018e14       0x24 C:/Program Files/TeliumSDK/SDK11.16.8.02/SDKTPLUS/HW_T2/gnu_434/lib/GRAPHICLIB.LIB(GL_Widget_SetMinSize.o)
                0x00018e20                GL_Widget_SetMinSize
 .text          0x00018e38       0x24 C:/Program Files/TeliumSDK/SDK11.16.8.02/SDKTPLUS/HW_T2/gnu_434/lib/GRAPHICLIB.LIB(GL_Widget_SetShortcut.o)
                0x00018e44                GL_Widget_SetShortcut
 .text          0x00018e5c       0x24 C:/Program Files/TeliumSDK/SDK11.16.8.02/SDKTPLUS/HW_T2/gnu_434/lib/GRAPHICLIB.LIB(GL_Widget_SetShrink.o)
                0x00018e68                GL_Widget_SetShrink
 .text          0x00018e80       0x24 C:/Program Files/TeliumSDK/SDK11.16.8.02/SDKTPLUS/HW_T2/gnu_434/lib/GRAPHICLIB.LIB(GL_Widget_SetSize.o)
                0x00018e8c                GL_Widget_SetSize
 .text          0x00018ea4       0x24 C:/Program Files/TeliumSDK/SDK11.16.8.02/SDKTPLUS/HW_T2/gnu_434/lib/GRAPHICLIB.LIB(GL_Widget_SetSource.o)
                0x00018eb0                GL_Widget_SetSource
 .text          0x00018ec8       0x24 C:/Program Files/TeliumSDK/SDK11.16.8.02/SDKTPLUS/HW_T2/gnu_434/lib/GRAPHICLIB.LIB(GL_Widget_SetText.o)
                0x00018ed4                GL_Widget_SetText
 .text          0x00018eec       0x24 C:/Program Files/TeliumSDK/SDK11.16.8.02/SDKTPLUS/HW_T2/gnu_434/lib/GRAPHICLIB.LIB(GL_Widget_SetTextAlign.o)
                0x00018ef8                GL_Widget_SetTextAlign
 .text          0x00018f10       0x24 C:/Program Files/TeliumSDK/SDK11.16.8.02/SDKTPLUS/HW_T2/gnu_434/lib/GRAPHICLIB.LIB(GL_Widget_SetTextPaddings.o)
                0x00018f1c                GL_Widget_SetTextPaddings
 .text          0x00018f34       0x24 C:/Program Files/TeliumSDK/SDK11.16.8.02/SDKTPLUS/HW_T2/gnu_434/lib/GRAPHICLIB.LIB(GL_Widget_SetTransformation.o)
                0x00018f40                GL_Widget_SetTransformation
 .text          0x00018f58       0x24 C:/Program Files/TeliumSDK/SDK11.16.8.02/SDKTPLUS/HW_T2/gnu_434/lib/GRAPHICLIB.LIB(GL_Widget_SetVisible.o)
                0x00018f64                GL_Widget_SetVisible
 .text          0x00018f7c       0x24 C:/Program Files/TeliumSDK/SDK11.16.8.02/SDKTPLUS/HW_T2/gnu_434/lib/GRAPHICLIB.LIB(GL_Widget_SetWrap.o)
                0x00018f88                GL_Widget_SetWrap
 .text          0x00018fa0       0x24 C:/Program Files/TeliumSDK/SDK11.16.8.02/SDKTPLUS/HW_T2/gnu_434/lib/GRAPHICLIB.LIB(GL_Widget_UnregisterCallback.o)
                0x00018fac                GL_Widget_UnregisterCallback
 .text          0x00018fc4       0x24 C:/Program Files/TeliumSDK/SDK11.16.8.02/SDKTPLUS/HW_T2/gnu_434/lib/GRAPHICLIB.LIB(GL_Window_Create.o)
                0x00018fd0                GL_Window_Create
 .text          0x00018fe8       0x24 C:/Program Files/TeliumSDK/SDK11.16.8.02/SDKTPLUS/HW_T2/gnu_434/lib/GRAPHICLIB.LIB(GL_Window_Dispatch.o)
                0x00018ff4                GL_Window_Dispatch
 .text          0x0001900c       0x24 C:/Program Files/TeliumSDK/SDK11.16.8.02/SDKTPLUS/HW_T2/gnu_434/lib/GRAPHICLIB.LIB(GL_Window_GetResult.o)
                0x00019018                GL_Window_GetResult
 .text          0x00019030       0x24 C:/Program Files/TeliumSDK/SDK11.16.8.02/SDKTPLUS/HW_T2/gnu_434/lib/GRAPHICLIB.LIB(GL_Window_MainLoop.o)
                0x0001903c                GL_Window_MainLoop
 .text          0x00019054      0x114 C:/Program Files/TeliumSDK/SDK11.16.8.02/SDKTPLUS/HW_T2/gnu_434/lib/GRAPHICLIB.LIB(GL_link.o)
                0x00019054                GL_IsPresent
                0x00019090                GL_GetProcAddressWithoutExit
                0x00019128                GL_GetProcAddress
 .text          0x00019168       0x2c C:/Program Files/TeliumSDK/SDK11.16.8.02/SDKTPLUS/HW_T2/gnu_434/lib/GRAPHICLIB.LIB(gl_asm_link.o)
                0x00019168                GL_InitFuncAndBranch
                0x00019178                GL_Swi_ObjectLoad
                0x00019186                GL_Swi_DllLink
 .text          0x00019194        0xc C:/Program Files/TeliumSDK/SDK11.16.8.02/SDKTPLUS/HW_T2/gnu_434/lib/OSLAYER.LIB(OSL_Dll_Close.o)
                0x00019194                OSL_Dll_Close
 .text          0x000191a0        0xc C:/Program Files/TeliumSDK/SDK11.16.8.02/SDKTPLUS/HW_T2/gnu_434/lib/OSLAYER.LIB(OSL_Dll_GetSymbolByName.o)
                0x000191a0                OSL_Dll_GetSymbolByName
 .text          0x000191ac        0xc C:/Program Files/TeliumSDK/SDK11.16.8.02/SDKTPLUS/HW_T2/gnu_434/lib/OSLAYER.LIB(OSL_Dll_Open.o)
                0x000191ac                OSL_Dll_Open
 .text          0x000191b8        0xc C:/Program Files/TeliumSDK/SDK11.16.8.02/SDKTPLUS/HW_T2/gnu_434/lib/OSLAYER.LIB(OSL_Dll_OpenByAppliType.o)
                0x000191b8                OSL_Dll_OpenByAppliType
 .text          0x000191c4        0xe C:/Program Files/TeliumSDK/SDK11.16.8.02/SDKTPLUS/HW_T2/gnu_434/lib/OSLAYER.LIB(OSL_TimeStp_ElapsedMs.o)
                0x000191c4                OSL_TimeStp_ElapsedMs
 .text          0x000191d2        0xc C:/Program Files/TeliumSDK/SDK11.16.8.02/SDKTPLUS/HW_T2/gnu_434/lib/OSLAYER.LIB(OSL_TimeStp_Now.o)
                0x000191d2                OSL_TimeStp_Now
 *fill*         0x000191de        0x2 00
 .text          0x000191e0       0x60 C:/Program Files/TeliumSDK/SDK11.16.8.02/SDKTPLUS/HW_T2/gnu_434/lib/eft30tplus.lib(Telium_ServiceCall.o)
                0x000191f4                Telium_ServiceCall
 .text          0x00019240        0xe C:/Program Files/TeliumSDK/SDK11.16.8.02/SDKTPLUS/HW_T2/gnu_434/lib/TRAP_TELIUM_PLUS.LIB(FS_exist.o)
                0x00019240                FS_exist
 .text          0x0001924e        0xe C:/Program Files/TeliumSDK/SDK11.16.8.02/SDKTPLUS/HW_T2/gnu_434/lib/TRAP_TELIUM_PLUS.LIB(FS_rename.o)
                0x0001924e                FS_rename
 .text          0x0001925c        0xe C:/Program Files/TeliumSDK/SDK11.16.8.02/SDKTPLUS/HW_T2/gnu_434/lib/TRAP_TELIUM_PLUS.LIB(FS_seek.o)
                0x0001925c                FS_seek
 .text          0x0001926a        0xe C:/Program Files/TeliumSDK/SDK11.16.8.02/SDKTPLUS/HW_T2/gnu_434/lib/TRAP_TELIUM_PLUS.LIB(FS_unlink.o)
                0x0001926a                FS_unlink
 .text          0x00019278        0xe C:/Program Files/TeliumSDK/SDK11.16.8.02/SDKTPLUS/HW_T2/gnu_434/lib/TRAP_TELIUM_PLUS.LIB(FS_write.o)
                0x00019278                FS_write
 .text          0x00019286        0xe C:/Program Files/TeliumSDK/SDK11.16.8.02/SDKTPLUS/HW_T2/gnu_434/lib/TRAP_TELIUM_PLUS.LIB(ObjectLoad.o)
                0x00019286                ObjectLoad
 .text          0x00019294        0xe C:/Program Files/TeliumSDK/SDK11.16.8.02/SDKTPLUS/HW_T2/gnu_434/lib/TRAP_TELIUM_PLUS.LIB(PageAlloc.o)
                0x00019294                PageAlloc
 .text          0x000192a2        0xe C:/Program Files/TeliumSDK/SDK11.16.8.02/SDKTPLUS/HW_T2/gnu_434/lib/TRAP_TELIUM_PLUS.LIB(PageFree.o)
                0x000192a2                PageFree
 .text          0x000192b0        0xe C:/Program Files/TeliumSDK/SDK11.16.8.02/SDKTPLUS/HW_T2/gnu_434/lib/TRAP_TELIUM_PLUS.LIB(TMT_Retrieve_Clock.o)
                0x000192b0                TMT_Retrieve_Clock
 .text          0x000192be        0xe C:/Program Files/TeliumSDK/SDK11.16.8.02/SDKTPLUS/HW_T2/gnu_434/lib/TRAP_TELIUM_PLUS.LIB(upload_diagnostic_txt.o)
                0x000192be                upload_diagnostic_txt
 .text          0x000192cc      0x14c C:/Program Files/TeliumSDK/SDK11.16.8.02/SDKTPLUS/HW_T2/gnu_434/lib/XMLs_TPlus.lib(XMLs_Attributes.o)
                0x000192cc                XMLs_Attributes_GetCount
                0x000192fc                XMLs_Attributes_GetByIndex
                0x000193ac                XMLs_Attributes_GetByName
 .text          0x00019418      0x134 C:/Program Files/TeliumSDK/SDK11.16.8.02/SDKTPLUS/HW_T2/gnu_434/lib/XMLs_TPlus.lib(XMLs_Common.o)
                0x00019418                XMLs_CheckHandle
                0x0001944c                XMLs_Abort
                0x00019494                XMLs_SetUserData
                0x000194dc                XMLs_GetUserData
                0x00019520                XMLstr_Set
 .text          0x0001954c       0xc0 C:/Program Files/TeliumSDK/SDK11.16.8.02/SDKTPLUS/HW_T2/gnu_434/lib/XMLs_TPlus.lib(XMLs_Options.o)
                0x0001954c                XMLs_GetOption
                0x000195a8                XMLs_SetOption
 .text          0x0001960c      0x278 C:/Program Files/TeliumSDK/SDK11.16.8.02/SDKTPLUS/HW_T2/gnu_434/lib/XMLs_TPlus.lib(XMLs_ProcessData.o)
                0x0001960c                XMLs_ProcessData
 .text          0x00019884      0x234 C:/Program Files/TeliumSDK/SDK11.16.8.02/SDKTPLUS/HW_T2/gnu_434/lib/XMLs_TPlus.lib(XMLs.o)
                0x00019884                XMLs_ParseStream
                0x00019934                XMLs_ParseBuffer
                0x000199f4                XMLs_Destroy
                0x00019a60                XMLs_Create
 .text          0x00019ab8      0x20c C:/Program Files/TeliumSDK/SDK11.16.8.02/SDKTPLUS/HW_T2/gnu_434/lib/XMLs_TPlus.lib(XMLs_Buffer.o)
                0x00019ab8                XMLs_Buffer_GetC
                0x00019af8                XMLs_Buffer_Tell
                0x00019b1c                XMLs_Buffer_Seek
                0x00019b4c                XMLs_Buffer_Fill
                0x00019bbc                XMLs_Buffer_New
                0x00019c00                XMLs_Buffer_Clear
                0x00019c88                XMLs_Buffer_Release
 .text          0x00019cc4      0x8dc C:/Program Files/TeliumSDK/SDK11.16.8.02/SDKTPLUS/HW_T2/gnu_434/lib/XMLs_TPlus.lib(XMLs_Parser.o)
                0x00019cc4                XMLs_Attributes_Close
                0x00019d88                XMLs_Attributes_Open
                0x0001a008                XMLgr_Document
 .text          0x0001a5a0      0x13c C:/Program Files/TeliumSDK/SDK11.16.8.02/SDKTPLUS/HW_T2/gnu_434/lib/XMLs_TPlus.lib(XMLs_Stream.o)
                0x0001a5a0                XMLs_STREAM_SetUserData
                0x0001a5dc                XMLs_STREAM_SetOption
                0x0001a644                XMLs_STREAM_Destroy
                0x0001a688                XMLs_STREAM_Create
 .text          0x0001a6dc       0x28 E:/IngeDev_8.18.0.5/toolchains/gnuArm4/arm-elf/lib/thumb/soft/interwork/libc.a(lib_a-memcmp.o)
                0x0001a6dc                memcmp
 .text          0x0001a704       0x1c E:/IngeDev_8.18.0.5/toolchains/gnuArm4/arm-elf/lib/thumb/soft/interwork/libc.a(lib_a-memcpy.o)
                0x0001a704                memcpy
 .text          0x0001a720       0x3c E:/IngeDev_8.18.0.5/toolchains/gnuArm4/arm-elf/lib/thumb/soft/interwork/libc.a(lib_a-memmove.o)
                0x0001a720                memmove
 .text          0x0001a75c       0x10 E:/IngeDev_8.18.0.5/toolchains/gnuArm4/arm-elf/lib/thumb/soft/interwork/libc.a(lib_a-memset.o)
                0x0001a75c                memset
 .text          0x0001a76c       0x4c E:/IngeDev_8.18.0.5/toolchains/gnuArm4/arm-elf/lib/thumb/soft/interwork/libc.a(lib_a-strcasecmp.o)
                0x0001a76c                strcasecmp
 .text          0x0001a7b8       0x24 E:/IngeDev_8.18.0.5/toolchains/gnuArm4/arm-elf/lib/thumb/soft/interwork/libc.a(lib_a-strcat.o)
                0x0001a7b8                strcat
 .text          0x0001a7dc       0x1c E:/IngeDev_8.18.0.5/toolchains/gnuArm4/arm-elf/lib/thumb/soft/interwork/libc.a(lib_a-strchr.o)
                0x0001a7dc                strchr
 .text          0x0001a7f8       0x14 E:/IngeDev_8.18.0.5/toolchains/gnuArm4/arm-elf/lib/thumb/soft/interwork/libc.a(lib_a-strcmp.o)
                0x0001a7f8                strcmp
 .text          0x0001a80c       0x10 E:/IngeDev_8.18.0.5/toolchains/gnuArm4/arm-elf/lib/thumb/soft/interwork/libc.a(lib_a-strcpy.o)
                0x0001a80c                strcpy
 .text          0x0001a81c       0x10 E:/IngeDev_8.18.0.5/toolchains/gnuArm4/arm-elf/lib/thumb/soft/interwork/libc.a(lib_a-strlen.o)
                0x0001a81c                strlen
 .text          0x0001a82c       0x34 E:/IngeDev_8.18.0.5/toolchains/gnuArm4/arm-elf/lib/thumb/soft/interwork/libc.a(lib_a-strncpy.o)
                0x0001a82c                strncpy
 .text          0x0001a860       0x30 E:/IngeDev_8.18.0.5/toolchains/gnuArm4/arm-elf/lib/thumb/soft/interwork/libc.a(lib_a-strrchr.o)
                0x0001a860                strrchr
 .text          0x0001a890      0x128 E:/IngeDev_8.18.0.5/toolchains/gnuArm4/arm-elf/lib/thumb/soft/interwork/libc.a(lib_a-strtoul.o)
                0x0001a890                _strtoul_r
                0x0001a998                strtoul
 .text          0x0001a9b8        0x0 E:/IngeDev_8.18.0.5/toolchains/gnuArm4/arm-elf/lib/thumb/soft/interwork/libc.a(lib_a-ctype_.o)
 .text          0x0001a9b8        0x0 E:/IngeDev_8.18.0.5/toolchains/gnuArm4/arm-elf/lib/thumb/soft/interwork/libc.a(lib_a-impure.o)
 .text          0x0001a9b8       0x8c E:/IngeDev_8.18.0.5/toolchains/gnuArm4/lib/gcc/arm-elf/4.3.4/thumb/soft/interwork/libgcc.a(_udivsi3.o)
                0x0001a9b8                __udivsi3
                0x0001a9b8                __aeabi_uidiv
                0x0001aa34                __aeabi_uidivmod
 .text          0x0001aa44       0xa4 E:/IngeDev_8.18.0.5/toolchains/gnuArm4/lib/gcc/arm-elf/4.3.4/thumb/soft/interwork/libgcc.a(_divsi3.o)
                0x0001aa44                __aeabi_idiv
                0x0001aa44                __divsi3
                0x0001aad8                __aeabi_idivmod
 .text          0x0001aae8       0xc8 E:/IngeDev_8.18.0.5/toolchains/gnuArm4/lib/gcc/arm-elf/4.3.4/thumb/soft/interwork/libgcc.a(_umodsi3.o)
                0x0001aae8                __umodsi3
 .text          0x0001abb0       0xd8 E:/IngeDev_8.18.0.5/toolchains/gnuArm4/lib/gcc/arm-elf/4.3.4/thumb/soft/interwork/libgcc.a(_modsi3.o)
                0x0001abb0                __modsi3
 .text          0x0001ac88        0x4 E:/IngeDev_8.18.0.5/toolchains/gnuArm4/lib/gcc/arm-elf/4.3.4/thumb/soft/interwork/libgcc.a(_dvmd_tls.o)
                0x0001ac88                __aeabi_ldiv0
                0x0001ac88                __div0
                0x0001ac88                __aeabi_idiv0
 *(.gnu.linkonce.t.*)
 *(.strings .strings.*)
 *(.glue_7)
 .glue_7        0x00000000        0x0 linker stubs
 *(.glue_7t)
 .glue_7t       0x00000000        0x0 linker stubs
 *(.gcc_except_table)

.vfp11_veneer   0x0001ac8c        0x0
 .vfp11_veneer  0x00000000        0x0 linker stubs

.v4_bx          0x0001ac8c        0x0
 .v4_bx         0x00000000        0x0 linker stubs

.eh_frame
 *(.eh_frame)

.jcr
 *(.jcr)

.ctors          0x0001ac8c        0x0
                0x0001ac8c                __ctors_start = .
 *(SORT(.ctors.*))
 *(.ctors)
                0x0001ac8c                __ctors_end = .

.dtors          0x0001ac8c        0x0
                0x0001ac8c                __dtors_start = .
 *(SORT(.dtors.*))
 *(.dtors)
                0x0001ac8c                __dtors_end = .

.rodata         0x0001ac8c     0x3ccc
 *(.rodata .rodata.*)
 .rodata        0x0001ac8c       0x18 C:/Program Files/TeliumSDK/SDK11.16.8.02/SDKTPLUS/HW_T2/gnu_434/startfiles/cstartupTplus.o
 .rodata        0x0001aca4       0xb0 Obj/GNU_ARM_DEBUG_T2/Main.o
 .rodata        0x0001ad54      0x3d0 Obj/GNU_ARM_DEBUG_T2/Entry.o
 .rodata        0x0001b124      0x154 Obj/GNU_ARM_DEBUG_T2/Menu.o
 .rodata        0x0001b278      0x630 Obj/GNU_ARM_DEBUG_T2/ComGPRS.o
 .rodata        0x0001b8a8       0xb0 Obj/GNU_ARM_DEBUG_T2/Goal.o
 .rodata        0x0001b958      0x1bc Obj/GNU_ARM_DEBUG_T2/Mapapp.o
 .rodata        0x0001bb14      0x800 Obj/GNU_ARM_DEBUG_T2/FMG.o
 .rodata        0x0001c314      0x874 Obj/GNU_ARM_DEBUG_T2/Utility.o
 .rodata        0x0001cb88      0x174 Obj/GNU_ARM_DEBUG_T2/Timer.o
 .rodata        0x0001ccfc       0xf8 Obj/GNU_ARM_DEBUG_T2/transaction.o
 .rodata        0x0001cdf4      0x4a4 Obj/GNU_ARM_DEBUG_T2/globals.o
 .rodata        0x0001d298      0x464 Obj/GNU_ARM_DEBUG_T2/magnetic.o
 .rodata        0x0001d6fc      0xbc0 Obj/GNU_ARM_DEBUG_T2/schemes.o
                0x0001db48                zRootKeyPlainText
                0x0001db5c                zIso9564PinKey
                0x0001db70                zMacKey
 .rodata        0x0001e2bc       0x28 Obj/GNU_ARM_DEBUG_T2/amount.o
 .rodata        0x0001e2e4      0x19c Obj/GNU_ARM_DEBUG_T2/printer.o
 .rodata.str1.1
                0x00000000        0x0 C:/Program Files/TeliumSDK/SDK11.16.8.02/SDKTPLUS/HW_T2/gnu_434/lib/eft30tplus.lib(extenstp1.o)
                                  0x8 (size before relaxing)
 .rodata.str1.1
                0x00000000        0x8 C:/Program Files/TeliumSDK/SDK11.16.8.02/SDKTPLUS/HW_T2/gnu_434/lib/eft30tplus.lib(libgrtp1.o)
 .rodata.str1.1
                0x00000000        0x8 C:/Program Files/TeliumSDK/SDK11.16.8.02/SDKTPLUS/HW_T2/gnu_434/lib/eft30tplus.lib(paramtp1.o)
 .rodata.str1.1
                0x00000000        0x8 C:/Program Files/TeliumSDK/SDK11.16.8.02/SDKTPLUS/HW_T2/gnu_434/lib/eft30tplus.lib(pinpadtp1.o)
 .rodata.str1.1
                0x00000000        0x8 C:/Program Files/TeliumSDK/SDK11.16.8.02/SDKTPLUS/HW_T2/gnu_434/lib/eft30tplus.lib(toolstp1.o)
 .rodata.str1.1
                0x0001e480        0x5 C:/Program Files/TeliumSDK/SDK11.16.8.02/SDKTPLUS/HW_T2/gnu_434/lib/SECTPLUS.lib(SECLibOpenClose.o)
                                  0xd (size before relaxing)
 .rodata        0x0001e485        0xc C:/Program Files/TeliumSDK/SDK11.16.8.02/SDKTPLUS/HW_T2/gnu_434/lib/SECTPLUS.lib(SECLibOpenClose.o)
 .rodata.str1.1
                0x0001e491        0xc C:/Program Files/TeliumSDK/SDK11.16.8.02/SDKTPLUS/HW_T2/gnu_434/lib/SECTPLUS.lib(SEC1.o)
 .rodata.str1.1
                0x0001e49d        0xc C:/Program Files/TeliumSDK/SDK11.16.8.02/SDKTPLUS/HW_T2/gnu_434/lib/SECTPLUS.lib(SEC7.o)
 .rodata.str1.1
                0x0001e4a9        0xe C:/Program Files/TeliumSDK/SDK11.16.8.02/SDKTPLUS/HW_T2/gnu_434/lib/SECTPLUS.lib(SEC8.o)
 .rodata.str1.1
                0x0001e4b7        0xe C:/Program Files/TeliumSDK/SDK11.16.8.02/SDKTPLUS/HW_T2/gnu_434/lib/SECTPLUS.lib(SEC9.o)
 .rodata.str1.1
                0x0001e4c5       0x11 C:/Program Files/TeliumSDK/SDK11.16.8.02/SDKTPLUS/HW_T2/gnu_434/lib/SECTPLUS.lib(SEC10.o)
 .rodata.str1.1
                0x0001e4d6       0x11 C:/Program Files/TeliumSDK/SDK11.16.8.02/SDKTPLUS/HW_T2/gnu_434/lib/SECTPLUS.lib(SEC11.o)
 .rodata.str1.1
                0x0001e4e7       0x15 C:/Program Files/TeliumSDK/SDK11.16.8.02/SDKTPLUS/HW_T2/gnu_434/lib/SECTPLUS.lib(SEC19.o)
 .rodata.str1.1
                0x0001e4fc        0xf C:/Program Files/TeliumSDK/SDK11.16.8.02/SDKTPLUS/HW_T2/gnu_434/lib/SECTPLUS.lib(SEC20.o)
 .rodata.str1.1
                0x0001e50b        0xc C:/Program Files/TeliumSDK/SDK11.16.8.02/SDKTPLUS/HW_T2/gnu_434/lib/SECTPLUS.lib(SEC21.o)
 .rodata.str1.1
                0x0001e517       0x11 C:/Program Files/TeliumSDK/SDK11.16.8.02/SDKTPLUS/HW_T2/gnu_434/lib/SECTPLUS.lib(SEC22.o)
 .rodata.str1.1
                0x0001e528        0xd C:/Program Files/TeliumSDK/SDK11.16.8.02/SDKTPLUS/HW_T2/gnu_434/lib/SECTPLUS.lib(SEC23.o)
 .rodata.str1.1
                0x0001e535        0xc C:/Program Files/TeliumSDK/SDK11.16.8.02/SDKTPLUS/HW_T2/gnu_434/lib/SECTPLUS.lib(SEC24.o)
 .rodata.str1.1
                0x0001e541        0xf C:/Program Files/TeliumSDK/SDK11.16.8.02/SDKTPLUS/HW_T2/gnu_434/lib/SECTPLUS.lib(SEC34.o)
 .rodata.str1.1
                0x0001e550       0x11 C:/Program Files/TeliumSDK/SDK11.16.8.02/SDKTPLUS/HW_T2/gnu_434/lib/SECTPLUS.lib(SEC37.o)
 .rodata.str1.1
                0x0001e561        0xe C:/Program Files/TeliumSDK/SDK11.16.8.02/SDKTPLUS/HW_T2/gnu_434/lib/SECTPLUS.lib(SEC38.o)
 .rodata.str1.1
                0x0001e56f       0x10 C:/Program Files/TeliumSDK/SDK11.16.8.02/SDKTPLUS/HW_T2/gnu_434/lib/SECTPLUS.lib(SEC54.o)
 .rodata.str1.1
                0x0001e57f       0xbf C:/Program Files/TeliumSDK/SDK11.16.8.02/SDKTPLUS/HW_T2/gnu_434/lib/LinkLayerExeInterface_TPlus.lib(LinkLayerServices.o)
                                 0xc0 (size before relaxing)
 .rodata.str1.1
                0x0001e63e       0x5b C:/Program Files/TeliumSDK/SDK11.16.8.02/SDKTPLUS/HW_T2/gnu_434/lib/ExtraGPRS.lib(EXTRA_GPRS_link.o)
 .rodata.str1.1
                0x0001e699       0x59 C:/Program Files/TeliumSDK/SDK11.16.8.02/SDKTPLUS/HW_T2/gnu_434/lib/FMG_TPlus.lib(VGE_FMG.o)
                                 0x5e (size before relaxing)
 *fill*         0x0001e6f2        0x2 00
 .rodata        0x0001e6f4       0x44 C:/Program Files/TeliumSDK/SDK11.16.8.02/SDKTPLUS/HW_T2/gnu_434/lib/FMG_TPlus.lib(md5.o)
 .rodata.str1.1
                0x0001e738       0x96 C:/Program Files/TeliumSDK/SDK11.16.8.02/SDKTPLUS/HW_T2/gnu_434/lib/TlvTree_TPlus.lib(Serializer_Xml.o)
                                 0xa7 (size before relaxing)
 .rodata.str1.1
                0x0001e7ce       0x59 C:/Program Files/TeliumSDK/SDK11.16.8.02/SDKTPLUS/HW_T2/gnu_434/lib/GRAPHICLIB.LIB(GL_link.o)
                                 0x6a (size before relaxing)
 .rodata.str1.1
                0x0001e827       0x14 C:/Program Files/TeliumSDK/SDK11.16.8.02/SDKTPLUS/HW_T2/gnu_434/lib/XMLs_TPlus.lib(XMLs_ProcessData.o)
 .rodata.str1.1
                0x00000000        0x1 C:/Program Files/TeliumSDK/SDK11.16.8.02/SDKTPLUS/HW_T2/gnu_434/lib/XMLs_TPlus.lib(XMLs_Parser.o)
 *fill*         0x0001e83b        0x1 00
 .rodata        0x0001e83c       0x14 C:/Program Files/TeliumSDK/SDK11.16.8.02/SDKTPLUS/HW_T2/gnu_434/lib/XMLs_TPlus.lib(XMLs_Stream.o)
 .rodata        0x0001e850      0x101 E:/IngeDev_8.18.0.5/toolchains/gnuArm4/arm-elf/lib/thumb/soft/interwork/libc.a(lib_a-ctype_.o)
                0x0001e850                _ctype_
 *fill*         0x0001e951        0x3 00
 .rodata        0x0001e954        0x4 E:/IngeDev_8.18.0.5/toolchains/gnuArm4/arm-elf/lib/thumb/soft/interwork/libc.a(lib_a-impure.o)
                0x0001e954                _global_impure_ptr
 .rodata.str1.1
                0x00000000       0x14 E:/IngeDev_8.18.0.5/toolchains/gnuArm4/arm-elf/lib/thumb/soft/interwork/libc.a(lib_a-impure.o)
                                  0x2 (size before relaxing)
 *(.gnu.linkonce.r.*)
                0x0001e958                __text_end = .
                0x00200000                . = 0x200000

.data           0x00200000      0xe70 load address 0x0001e958
                0x00200000                __data_start = .
 *(.data .data.*)
 .data          0x00200000        0x8 C:/Program Files/TeliumSDK/SDK11.16.8.02/SDKTPLUS/HW_T2/gnu_434/startfiles/cstartupTplus.o
                0x00200000                __stack_chk_guard
                0x00200004                __dso_handle
 .data          0x00200008        0x0 C:/Program Files/TeliumSDK/SDK11.16.8.02/SDKTPLUS/HW_T2/gnu_434/startfiles/libcpatch.o
 .data          0x00200008        0x0 Obj/GNU_ARM_DEBUG_T2/Main.o
 .data          0x00200008      0x108 Obj/GNU_ARM_DEBUG_T2/Entry.o
 .data          0x00200110        0x0 Obj/GNU_ARM_DEBUG_T2/Menu.o
 .data          0x00200110        0xc Obj/GNU_ARM_DEBUG_T2/ComGPRS.o
 .data          0x0020011c        0x0 Obj/GNU_ARM_DEBUG_T2/Goal.o
 .data          0x0020011c        0x0 Obj/GNU_ARM_DEBUG_T2/Mapapp.o
 .data          0x0020011c        0x0 Obj/GNU_ARM_DEBUG_T2/FMG.o
 .data          0x0020011c       0x14 Obj/GNU_ARM_DEBUG_T2/Utility.o
 .data          0x00200130        0x0 Obj/GNU_ARM_DEBUG_T2/Timer.o
 .data          0x00200130      0x400 Obj/GNU_ARM_DEBUG_T2/iso8583.o
 .data          0x00200530        0x0 Obj/GNU_ARM_DEBUG_T2/transaction.o
 .data          0x00200530        0x0 Obj/GNU_ARM_DEBUG_T2/globals.o
 .data          0x00200530        0x0 Obj/GNU_ARM_DEBUG_T2/magnetic.o
 .data          0x00200530        0xc Obj/GNU_ARM_DEBUG_T2/schemes.o
 .data          0x0020053c        0x0 Obj/GNU_ARM_DEBUG_T2/amount.o
 .data          0x0020053c        0x0 Obj/GNU_ARM_DEBUG_T2/printer.o
 .data          0x0020053c        0x4 C:/Program Files/TeliumSDK/SDK11.16.8.02/SDKTPLUS/HW_T2/gnu_434/lib/eft30tplus.lib(DLLExist.o)
 .data          0x00200540        0x4 C:/Program Files/TeliumSDK/SDK11.16.8.02/SDKTPLUS/HW_T2/gnu_434/lib/eft30tplus.lib(d_tolong.o)
 .data          0x00200544        0x4 C:/Program Files/TeliumSDK/SDK11.16.8.02/SDKTPLUS/HW_T2/gnu_434/lib/eft30tplus.lib(stdcam0.o)
 .data          0x00200548        0x0 C:/Program Files/TeliumSDK/SDK11.16.8.02/SDKTPLUS/HW_T2/gnu_434/lib/eft30tplus.lib(extenstp1.o)
 .data          0x00200548        0x4 C:/Program Files/TeliumSDK/SDK11.16.8.02/SDKTPLUS/HW_T2/gnu_434/lib/eft30tplus.lib(DisplayFooter.o)
 .data          0x0020054c        0x4 C:/Program Files/TeliumSDK/SDK11.16.8.02/SDKTPLUS/HW_T2/gnu_434/lib/eft30tplus.lib(DisplayHeader.o)
 .data          0x00200550        0x4 C:/Program Files/TeliumSDK/SDK11.16.8.02/SDKTPLUS/HW_T2/gnu_434/lib/eft30tplus.lib(DisplayLeds.o)
 .data          0x00200554        0x4 C:/Program Files/TeliumSDK/SDK11.16.8.02/SDKTPLUS/HW_T2/gnu_434/lib/eft30tplus.lib(IsFooter.o)
 .data          0x00200558        0x4 C:/Program Files/TeliumSDK/SDK11.16.8.02/SDKTPLUS/HW_T2/gnu_434/lib/eft30tplus.lib(IsHeader.o)
 .data          0x0020055c        0x4 C:/Program Files/TeliumSDK/SDK11.16.8.02/SDKTPLUS/HW_T2/gnu_434/lib/eft30tplus.lib(DrawExtendedString.o)
 .data          0x00200560        0x4 C:/Program Files/TeliumSDK/SDK11.16.8.02/SDKTPLUS/HW_T2/gnu_434/lib/eft30tplus.lib(InitContexteGraphique.o)
 .data          0x00200564        0x4 C:/Program Files/TeliumSDK/SDK11.16.8.02/SDKTPLUS/HW_T2/gnu_434/lib/eft30tplus.lib(PaintGraphics.o)
 .data          0x00200568        0x4 C:/Program Files/TeliumSDK/SDK11.16.8.02/SDKTPLUS/HW_T2/gnu_434/lib/eft30tplus.lib(_DrawExtendedString.o)
 .data          0x0020056c        0x0 C:/Program Files/TeliumSDK/SDK11.16.8.02/SDKTPLUS/HW_T2/gnu_434/lib/eft30tplus.lib(libgrtp1.o)
 .data          0x0020056c        0x4 C:/Program Files/TeliumSDK/SDK11.16.8.02/SDKTPLUS/HW_T2/gnu_434/lib/eft30tplus.lib(PSQ_Est_pinpad.o)
 .data          0x00200570        0x4 C:/Program Files/TeliumSDK/SDK11.16.8.02/SDKTPLUS/HW_T2/gnu_434/lib/eft30tplus.lib(PSQ_donner_type_pinpad.o)
 .data          0x00200574        0x0 C:/Program Files/TeliumSDK/SDK11.16.8.02/SDKTPLUS/HW_T2/gnu_434/lib/eft30tplus.lib(paramtp1.o)
 .data          0x00200574        0x4 C:/Program Files/TeliumSDK/SDK11.16.8.02/SDKTPLUS/HW_T2/gnu_434/lib/eft30tplus.lib(IsPPSConnected.o)
 .data          0x00200578        0x4 C:/Program Files/TeliumSDK/SDK11.16.8.02/SDKTPLUS/HW_T2/gnu_434/lib/eft30tplus.lib(PPS_SendTerminalRefRequestCommand.o)
 .data          0x0020057c        0x4 C:/Program Files/TeliumSDK/SDK11.16.8.02/SDKTPLUS/HW_T2/gnu_434/lib/eft30tplus.lib(PPS_firstline.o)
 .data          0x00200580        0x4 C:/Program Files/TeliumSDK/SDK11.16.8.02/SDKTPLUS/HW_T2/gnu_434/lib/eft30tplus.lib(PPS_newline.o)
 .data          0x00200584        0x0 C:/Program Files/TeliumSDK/SDK11.16.8.02/SDKTPLUS/HW_T2/gnu_434/lib/eft30tplus.lib(pinpadtp1.o)
 .data          0x00200584        0x4 C:/Program Files/TeliumSDK/SDK11.16.8.02/SDKTPLUS/HW_T2/gnu_434/lib/eft30tplus.lib(PPS_Display.o)
 .data          0x00200588        0x4 C:/Program Files/TeliumSDK/SDK11.16.8.02/SDKTPLUS/HW_T2/gnu_434/lib/eft30tplus.lib(Telium_Read_date.o)
 .data          0x0020058c        0x4 C:/Program Files/TeliumSDK/SDK11.16.8.02/SDKTPLUS/HW_T2/gnu_434/lib/eft30tplus.lib(BoosterType.o)
 .data          0x00200590        0x4 C:/Program Files/TeliumSDK/SDK11.16.8.02/SDKTPLUS/HW_T2/gnu_434/lib/eft30tplus.lib(IsColorDisplay.o)
 .data          0x00200594        0x4 C:/Program Files/TeliumSDK/SDK11.16.8.02/SDKTPLUS/HW_T2/gnu_434/lib/eft30tplus.lib(IsISO1.o)
 .data          0x00200598        0x4 C:/Program Files/TeliumSDK/SDK11.16.8.02/SDKTPLUS/HW_T2/gnu_434/lib/eft30tplus.lib(IsISO2.o)
 .data          0x0020059c        0x4 C:/Program Files/TeliumSDK/SDK11.16.8.02/SDKTPLUS/HW_T2/gnu_434/lib/eft30tplus.lib(IsISO3.o)
 .data          0x002005a0        0x4 C:/Program Files/TeliumSDK/SDK11.16.8.02/SDKTPLUS/HW_T2/gnu_434/lib/eft30tplus.lib(IsPrinter.o)
 .data          0x002005a4        0x4 C:/Program Files/TeliumSDK/SDK11.16.8.02/SDKTPLUS/HW_T2/gnu_434/lib/eft30tplus.lib(Telium_ServiceRegister.o)
 .data          0x002005a8        0x0 C:/Program Files/TeliumSDK/SDK11.16.8.02/SDKTPLUS/HW_T2/gnu_434/lib/eft30tplus.lib(Telium_Atoi.o)
 .data          0x002005a8        0x0 C:/Program Files/TeliumSDK/SDK11.16.8.02/SDKTPLUS/HW_T2/gnu_434/lib/eft30tplus.lib(Telium_Pprintf.o)
 .data          0x002005a8        0x0 C:/Program Files/TeliumSDK/SDK11.16.8.02/SDKTPLUS/HW_T2/gnu_434/lib/eft30tplus.lib(Telium_Printf.o)
 .data          0x002005a8        0x0 C:/Program Files/TeliumSDK/SDK11.16.8.02/SDKTPLUS/HW_T2/gnu_434/lib/eft30tplus.lib(Telium_Stdprt.o)
 .data          0x002005a8        0x0 C:/Program Files/TeliumSDK/SDK11.16.8.02/SDKTPLUS/HW_T2/gnu_434/lib/eft30tplus.lib(Telium_Sprintf.o)
 .data          0x002005a8        0x0 C:/Program Files/TeliumSDK/SDK11.16.8.02/SDKTPLUS/HW_T2/gnu_434/lib/eft30tplus.lib(sprintf.o)
 .data          0x002005a8        0x4 C:/Program Files/TeliumSDK/SDK11.16.8.02/SDKTPLUS/HW_T2/gnu_434/lib/eft30tplus.lib(TM_InitContexteGraphique.o)
 .data          0x002005ac        0x0 C:/Program Files/TeliumSDK/SDK11.16.8.02/SDKTPLUS/HW_T2/gnu_434/lib/eft30tplus.lib(toolstp1.o)
 .data          0x002005ac        0x0 C:/Program Files/TeliumSDK/SDK11.16.8.02/SDKTPLUS/HW_T2/gnu_434/lib/TRAP_TELIUM_PLUS.LIB(ApplicationGetCurrent.o)
 .data          0x002005ac        0x0 C:/Program Files/TeliumSDK/SDK11.16.8.02/SDKTPLUS/HW_T2/gnu_434/lib/TRAP_TELIUM_PLUS.LIB(FS_close.o)
 .data          0x002005ac        0x0 C:/Program Files/TeliumSDK/SDK11.16.8.02/SDKTPLUS/HW_T2/gnu_434/lib/TRAP_TELIUM_PLUS.LIB(FS_dskcreate.o)
 .data          0x002005ac        0x0 C:/Program Files/TeliumSDK/SDK11.16.8.02/SDKTPLUS/HW_T2/gnu_434/lib/TRAP_TELIUM_PLUS.LIB(FS_length.o)
 .data          0x002005ac        0x0 C:/Program Files/TeliumSDK/SDK11.16.8.02/SDKTPLUS/HW_T2/gnu_434/lib/TRAP_TELIUM_PLUS.LIB(FS_mount.o)
 .data          0x002005ac        0x0 C:/Program Files/TeliumSDK/SDK11.16.8.02/SDKTPLUS/HW_T2/gnu_434/lib/TRAP_TELIUM_PLUS.LIB(FS_open.o)
 .data          0x002005ac        0x0 C:/Program Files/TeliumSDK/SDK11.16.8.02/SDKTPLUS/HW_T2/gnu_434/lib/TRAP_TELIUM_PLUS.LIB(FS_read.o)
 .data          0x002005ac        0x0 C:/Program Files/TeliumSDK/SDK11.16.8.02/SDKTPLUS/HW_T2/gnu_434/lib/TRAP_TELIUM_PLUS.LIB(FS_unmount.o)
 .data          0x002005ac        0x0 C:/Program Files/TeliumSDK/SDK11.16.8.02/SDKTPLUS/HW_T2/gnu_434/lib/TRAP_TELIUM_PLUS.LIB(ObjectGetDescriptor.o)
 .data          0x002005ac        0x0 C:/Program Files/TeliumSDK/SDK11.16.8.02/SDKTPLUS/HW_T2/gnu_434/lib/TRAP_TELIUM_PLUS.LIB(ObjectGetInfo.o)
 .data          0x002005ac        0x0 C:/Program Files/TeliumSDK/SDK11.16.8.02/SDKTPLUS/HW_T2/gnu_434/lib/TRAP_TELIUM_PLUS.LIB(Telium_Exit.o)
 .data          0x002005ac        0x0 C:/Program Files/TeliumSDK/SDK11.16.8.02/SDKTPLUS/HW_T2/gnu_434/lib/TRAP_TELIUM_PLUS.LIB(Telium_Fclose.o)
 .data          0x002005ac        0x0 C:/Program Files/TeliumSDK/SDK11.16.8.02/SDKTPLUS/HW_T2/gnu_434/lib/TRAP_TELIUM_PLUS.LIB(Telium_Fopen.o)
 .data          0x002005ac        0x0 C:/Program Files/TeliumSDK/SDK11.16.8.02/SDKTPLUS/HW_T2/gnu_434/lib/TRAP_TELIUM_PLUS.LIB(Telium_Getc.o)
 .data          0x002005ac        0x0 C:/Program Files/TeliumSDK/SDK11.16.8.02/SDKTPLUS/HW_T2/gnu_434/lib/TRAP_TELIUM_PLUS.LIB(Telium_Is_iso1.o)
 .data          0x002005ac        0x0 C:/Program Files/TeliumSDK/SDK11.16.8.02/SDKTPLUS/HW_T2/gnu_434/lib/TRAP_TELIUM_PLUS.LIB(Telium_Is_iso2.o)
 .data          0x002005ac        0x0 C:/Program Files/TeliumSDK/SDK11.16.8.02/SDKTPLUS/HW_T2/gnu_434/lib/TRAP_TELIUM_PLUS.LIB(Telium_Is_iso3.o)
 .data          0x002005ac        0x0 C:/Program Files/TeliumSDK/SDK11.16.8.02/SDKTPLUS/HW_T2/gnu_434/lib/TRAP_TELIUM_PLUS.LIB(Telium_Reset_buf.o)
 .data          0x002005ac        0x0 C:/Program Files/TeliumSDK/SDK11.16.8.02/SDKTPLUS/HW_T2/gnu_434/lib/TRAP_TELIUM_PLUS.LIB(Telium_Status.o)
 .data          0x002005ac        0x0 C:/Program Files/TeliumSDK/SDK11.16.8.02/SDKTPLUS/HW_T2/gnu_434/lib/TRAP_TELIUM_PLUS.LIB(Telium_Stdin.o)
 .data          0x002005ac        0x0 C:/Program Files/TeliumSDK/SDK11.16.8.02/SDKTPLUS/HW_T2/gnu_434/lib/TRAP_TELIUM_PLUS.LIB(Telium_Stdout.o)
 .data          0x002005ac        0x0 C:/Program Files/TeliumSDK/SDK11.16.8.02/SDKTPLUS/HW_T2/gnu_434/lib/TRAP_TELIUM_PLUS.LIB(Telium_Stdperif.o)
 .data          0x002005ac        0x0 C:/Program Files/TeliumSDK/SDK11.16.8.02/SDKTPLUS/HW_T2/gnu_434/lib/TRAP_TELIUM_PLUS.LIB(Telium_Ttestall.o)
 .data          0x002005ac        0x0 C:/Program Files/TeliumSDK/SDK11.16.8.02/SDKTPLUS/HW_T2/gnu_434/lib/TRAP_TELIUM_PLUS.LIB(Telium_Vfprintf.o)
 .data          0x002005ac        0x0 C:/Program Files/TeliumSDK/SDK11.16.8.02/SDKTPLUS/HW_T2/gnu_434/lib/TRAP_TELIUM_PLUS.LIB(Telium_Vsprintf.o)
 .data          0x002005ac        0x0 C:/Program Files/TeliumSDK/SDK11.16.8.02/SDKTPLUS/HW_T2/gnu_434/lib/TRAP_TELIUM_PLUS.LIB(buzzer.o)
 .data          0x002005ac        0x0 C:/Program Files/TeliumSDK/SDK11.16.8.02/SDKTPLUS/HW_T2/gnu_434/lib/TRAP_TELIUM_PLUS.LIB(first_init.o)
 .data          0x002005ac        0x0 C:/Program Files/TeliumSDK/SDK11.16.8.02/SDKTPLUS/HW_T2/gnu_434/lib/TRAP_TELIUM_PLUS.LIB(raz_init.o)
 .data          0x002005ac        0x0 C:/Program Files/TeliumSDK/SDK11.16.8.02/SDKTPLUS/HW_T2/gnu_434/lib/TRAP_TELIUM_PLUS.LIB(ufree.o)
 .data          0x002005ac        0x0 C:/Program Files/TeliumSDK/SDK11.16.8.02/SDKTPLUS/HW_T2/gnu_434/lib/TRAP_TELIUM_PLUS.LIB(umalloc.o)
 .data          0x002005ac        0x0 C:/Program Files/TeliumSDK/SDK11.16.8.02/SDKTPLUS/HW_T2/gnu_434/lib/TRAP_TELIUM_PLUS.LIB(urealloc.o)
 .data          0x002005ac        0x0 C:/Program Files/TeliumSDK/SDK11.16.8.02/SDKTPLUS/HW_T2/gnu_434/lib/SECTPLUS.lib(SECLibOpenClose.o)
 .data          0x002005ac        0x0 C:/Program Files/TeliumSDK/SDK11.16.8.02/SDKTPLUS/HW_T2/gnu_434/lib/SECTPLUS.lib(SEC1.o)
 .data          0x002005ac        0x0 C:/Program Files/TeliumSDK/SDK11.16.8.02/SDKTPLUS/HW_T2/gnu_434/lib/SECTPLUS.lib(SEC7.o)
 .data          0x002005ac        0x0 C:/Program Files/TeliumSDK/SDK11.16.8.02/SDKTPLUS/HW_T2/gnu_434/lib/SECTPLUS.lib(SEC8.o)
 .data          0x002005ac        0x0 C:/Program Files/TeliumSDK/SDK11.16.8.02/SDKTPLUS/HW_T2/gnu_434/lib/SECTPLUS.lib(SEC9.o)
 .data          0x002005ac        0x0 C:/Program Files/TeliumSDK/SDK11.16.8.02/SDKTPLUS/HW_T2/gnu_434/lib/SECTPLUS.lib(SEC10.o)
 .data          0x002005ac        0x0 C:/Program Files/TeliumSDK/SDK11.16.8.02/SDKTPLUS/HW_T2/gnu_434/lib/SECTPLUS.lib(SEC11.o)
 .data          0x002005ac        0x0 C:/Program Files/TeliumSDK/SDK11.16.8.02/SDKTPLUS/HW_T2/gnu_434/lib/SECTPLUS.lib(SEC19.o)
 .data          0x002005ac        0x0 C:/Program Files/TeliumSDK/SDK11.16.8.02/SDKTPLUS/HW_T2/gnu_434/lib/SECTPLUS.lib(SEC20.o)
 .data          0x002005ac        0x0 C:/Program Files/TeliumSDK/SDK11.16.8.02/SDKTPLUS/HW_T2/gnu_434/lib/SECTPLUS.lib(SEC21.o)
 .data          0x002005ac        0x0 C:/Program Files/TeliumSDK/SDK11.16.8.02/SDKTPLUS/HW_T2/gnu_434/lib/SECTPLUS.lib(SEC22.o)
 .data          0x002005ac        0x0 C:/Program Files/TeliumSDK/SDK11.16.8.02/SDKTPLUS/HW_T2/gnu_434/lib/SECTPLUS.lib(SEC23.o)
 .data          0x002005ac        0x0 C:/Program Files/TeliumSDK/SDK11.16.8.02/SDKTPLUS/HW_T2/gnu_434/lib/SECTPLUS.lib(SEC24.o)
 .data          0x002005ac        0x0 C:/Program Files/TeliumSDK/SDK11.16.8.02/SDKTPLUS/HW_T2/gnu_434/lib/SECTPLUS.lib(SEC34.o)
 .data          0x002005ac        0x0 C:/Program Files/TeliumSDK/SDK11.16.8.02/SDKTPLUS/HW_T2/gnu_434/lib/SECTPLUS.lib(SEC37.o)
 .data          0x002005ac        0x0 C:/Program Files/TeliumSDK/SDK11.16.8.02/SDKTPLUS/HW_T2/gnu_434/lib/SECTPLUS.lib(SEC38.o)
 .data          0x002005ac        0x0 C:/Program Files/TeliumSDK/SDK11.16.8.02/SDKTPLUS/HW_T2/gnu_434/lib/SECTPLUS.lib(SEC54.o)
 .data          0x002005ac        0x0 C:/Program Files/TeliumSDK/SDK11.16.8.02/SDKTPLUS/HW_T2/gnu_434/lib/LinkLayerExeInterface_TPlus.lib(LinkLayerServices.o)
 *fill*         0x002005ac        0x4 00
 .data          0x002005b0       0x10 C:/Program Files/TeliumSDK/SDK11.16.8.02/SDKTPLUS/HW_T2/gnu_434/lib/ExtraGPRS.lib(gprs_GetInformation.o)
 .data          0x002005c0       0x10 C:/Program Files/TeliumSDK/SDK11.16.8.02/SDKTPLUS/HW_T2/gnu_434/lib/ExtraGPRS.lib(gprs_SetPinModeFree.o)
 .data          0x002005d0       0x10 C:/Program Files/TeliumSDK/SDK11.16.8.02/SDKTPLUS/HW_T2/gnu_434/lib/ExtraGPRS.lib(gprs_SubmitPuk.o)
 .data          0x002005e0        0x0 C:/Program Files/TeliumSDK/SDK11.16.8.02/SDKTPLUS/HW_T2/gnu_434/lib/ExtraGPRS.lib(EXTRA_GPRS_asm_link.o)
 .data          0x002005e0        0x0 C:/Program Files/TeliumSDK/SDK11.16.8.02/SDKTPLUS/HW_T2/gnu_434/lib/ExtraGPRS.lib(EXTRA_GPRS_link.o)
 .data          0x002005e0        0x0 C:/Program Files/TeliumSDK/SDK11.16.8.02/SDKTPLUS/HW_T2/gnu_434/lib/GTL_TPlus.lib(GTL_StdTimer.o)
 .data          0x002005e0        0xc C:/Program Files/TeliumSDK/SDK11.16.8.02/SDKTPLUS/HW_T2/gnu_434/lib/FMG_TPlus.lib(VGE_FMG.o)
                0x002005e0                g_FileType
 .data          0x002005ec        0x0 C:/Program Files/TeliumSDK/SDK11.16.8.02/SDKTPLUS/HW_T2/gnu_434/lib/FMG_TPlus.lib(md5.o)
 .data          0x002005ec        0x0 C:/Program Files/TeliumSDK/SDK11.16.8.02/SDKTPLUS/HW_T2/gnu_434/lib/TlvTree_TPlus.lib(Proxy.o)
 .data          0x002005ec        0x0 C:/Program Files/TeliumSDK/SDK11.16.8.02/SDKTPLUS/HW_T2/gnu_434/lib/TlvTree_TPlus.lib(Serializer.o)
 .data          0x002005ec        0x0 C:/Program Files/TeliumSDK/SDK11.16.8.02/SDKTPLUS/HW_T2/gnu_434/lib/TlvTree_TPlus.lib(Internal.o)
 .data          0x002005ec        0x0 C:/Program Files/TeliumSDK/SDK11.16.8.02/SDKTPLUS/HW_T2/gnu_434/lib/TlvTree_TPlus.lib(Serializer_Default.o)
 .data          0x002005ec        0x0 C:/Program Files/TeliumSDK/SDK11.16.8.02/SDKTPLUS/HW_T2/gnu_434/lib/TlvTree_TPlus.lib(Serializer_Xml.o)
 *fill*         0x002005ec        0x4 00
 .data          0x002005f0       0x10 C:/Program Files/TeliumSDK/SDK11.16.8.02/SDKTPLUS/HW_T2/gnu_434/lib/GRAPHICLIB.LIB(GL_Button_Create.o)
 .data          0x00200600       0x10 C:/Program Files/TeliumSDK/SDK11.16.8.02/SDKTPLUS/HW_T2/gnu_434/lib/GRAPHICLIB.LIB(GL_Dialog_Amount.o)
 .data          0x00200610       0x10 C:/Program Files/TeliumSDK/SDK11.16.8.02/SDKTPLUS/HW_T2/gnu_434/lib/GRAPHICLIB.LIB(GL_Dialog_Choice.o)
 .data          0x00200620       0x10 C:/Program Files/TeliumSDK/SDK11.16.8.02/SDKTPLUS/HW_T2/gnu_434/lib/GRAPHICLIB.LIB(GL_Dialog_Menu.o)
 .data          0x00200630       0x10 C:/Program Files/TeliumSDK/SDK11.16.8.02/SDKTPLUS/HW_T2/gnu_434/lib/GRAPHICLIB.LIB(GL_Dialog_Message.o)
 .data          0x00200640       0x10 C:/Program Files/TeliumSDK/SDK11.16.8.02/SDKTPLUS/HW_T2/gnu_434/lib/GRAPHICLIB.LIB(GL_Dialog_Password.o)
 .data          0x00200650       0x10 C:/Program Files/TeliumSDK/SDK11.16.8.02/SDKTPLUS/HW_T2/gnu_434/lib/GRAPHICLIB.LIB(GL_Dialog_Progress.o)
 .data          0x00200660       0x10 C:/Program Files/TeliumSDK/SDK11.16.8.02/SDKTPLUS/HW_T2/gnu_434/lib/GRAPHICLIB.LIB(GL_Dialog_Text.o)
 .data          0x00200670       0x10 C:/Program Files/TeliumSDK/SDK11.16.8.02/SDKTPLUS/HW_T2/gnu_434/lib/GRAPHICLIB.LIB(GL_Dialog_VirtualKeyboard.o)
 .data          0x00200680       0x10 C:/Program Files/TeliumSDK/SDK11.16.8.02/SDKTPLUS/HW_T2/gnu_434/lib/GRAPHICLIB.LIB(GL_Document_Create.o)
 .data          0x00200690       0x10 C:/Program Files/TeliumSDK/SDK11.16.8.02/SDKTPLUS/HW_T2/gnu_434/lib/GRAPHICLIB.LIB(GL_Document_Print.o)
 .data          0x002006a0       0x10 C:/Program Files/TeliumSDK/SDK11.16.8.02/SDKTPLUS/HW_T2/gnu_434/lib/GRAPHICLIB.LIB(GL_Drawing_Clear.o)
 .data          0x002006b0       0x10 C:/Program Files/TeliumSDK/SDK11.16.8.02/SDKTPLUS/HW_T2/gnu_434/lib/GRAPHICLIB.LIB(GL_Drawing_Create.o)
 .data          0x002006c0       0x10 C:/Program Files/TeliumSDK/SDK11.16.8.02/SDKTPLUS/HW_T2/gnu_434/lib/GRAPHICLIB.LIB(GL_Drawing_DrawEllipse.o)
 .data          0x002006d0       0x10 C:/Program Files/TeliumSDK/SDK11.16.8.02/SDKTPLUS/HW_T2/gnu_434/lib/GRAPHICLIB.LIB(GL_Drawing_DrawLine.o)
 .data          0x002006e0       0x10 C:/Program Files/TeliumSDK/SDK11.16.8.02/SDKTPLUS/HW_T2/gnu_434/lib/GRAPHICLIB.LIB(GL_Drawing_DrawRect.o)
 .data          0x002006f0       0x10 C:/Program Files/TeliumSDK/SDK11.16.8.02/SDKTPLUS/HW_T2/gnu_434/lib/GRAPHICLIB.LIB(GL_Drawing_DrawText.o)
 .data          0x00200700       0x10 C:/Program Files/TeliumSDK/SDK11.16.8.02/SDKTPLUS/HW_T2/gnu_434/lib/GRAPHICLIB.LIB(GL_Drawing_SetBrush.o)
 .data          0x00200710       0x10 C:/Program Files/TeliumSDK/SDK11.16.8.02/SDKTPLUS/HW_T2/gnu_434/lib/GRAPHICLIB.LIB(GL_Drawing_SetFont.o)
 .data          0x00200720       0x10 C:/Program Files/TeliumSDK/SDK11.16.8.02/SDKTPLUS/HW_T2/gnu_434/lib/GRAPHICLIB.LIB(GL_Drawing_SetPen.o)
 .data          0x00200730       0x10 C:/Program Files/TeliumSDK/SDK11.16.8.02/SDKTPLUS/HW_T2/gnu_434/lib/GRAPHICLIB.LIB(GL_GraphicLib_BindSingleKey.o)
 .data          0x00200740        0x4 C:/Program Files/TeliumSDK/SDK11.16.8.02/SDKTPLUS/HW_T2/gnu_434/lib/GRAPHICLIB.LIB(GL_GraphicLib_Create.o)
 *fill*         0x00200744        0xc 00
 .data          0x00200750       0x10 C:/Program Files/TeliumSDK/SDK11.16.8.02/SDKTPLUS/HW_T2/gnu_434/lib/GRAPHICLIB.LIB(GL_GraphicLib_IsTouchPresent.o)
 .data          0x00200760       0x10 C:/Program Files/TeliumSDK/SDK11.16.8.02/SDKTPLUS/HW_T2/gnu_434/lib/GRAPHICLIB.LIB(GL_GraphicLib_SetCharset.o)
 .data          0x00200770       0x10 C:/Program Files/TeliumSDK/SDK11.16.8.02/SDKTPLUS/HW_T2/gnu_434/lib/GRAPHICLIB.LIB(GL_GraphicLib_UnbindKey.o)
 .data          0x00200780       0x10 C:/Program Files/TeliumSDK/SDK11.16.8.02/SDKTPLUS/HW_T2/gnu_434/lib/GRAPHICLIB.LIB(GL_Label_Create.o)
 .data          0x00200790       0x10 C:/Program Files/TeliumSDK/SDK11.16.8.02/SDKTPLUS/HW_T2/gnu_434/lib/GRAPHICLIB.LIB(GL_Layout_Create.o)
 .data          0x002007a0       0x10 C:/Program Files/TeliumSDK/SDK11.16.8.02/SDKTPLUS/HW_T2/gnu_434/lib/GRAPHICLIB.LIB(GL_Message_GetKey.o)
 .data          0x002007b0       0x10 C:/Program Files/TeliumSDK/SDK11.16.8.02/SDKTPLUS/HW_T2/gnu_434/lib/GRAPHICLIB.LIB(GL_Message_GetWidget.o)
 .data          0x002007c0       0x10 C:/Program Files/TeliumSDK/SDK11.16.8.02/SDKTPLUS/HW_T2/gnu_434/lib/GRAPHICLIB.LIB(GL_Message_SetResult.o)
 .data          0x002007d0       0x10 C:/Program Files/TeliumSDK/SDK11.16.8.02/SDKTPLUS/HW_T2/gnu_434/lib/GRAPHICLIB.LIB(GL_Message_SetUserData.o)
 .data          0x002007e0       0x10 C:/Program Files/TeliumSDK/SDK11.16.8.02/SDKTPLUS/HW_T2/gnu_434/lib/GRAPHICLIB.LIB(GL_Picture_Create.o)
 .data          0x002007f0       0x10 C:/Program Files/TeliumSDK/SDK11.16.8.02/SDKTPLUS/HW_T2/gnu_434/lib/GRAPHICLIB.LIB(GL_Print_Create.o)
 .data          0x00200800       0x10 C:/Program Files/TeliumSDK/SDK11.16.8.02/SDKTPLUS/HW_T2/gnu_434/lib/GRAPHICLIB.LIB(GL_Timer_Create.o)
 .data          0x00200810       0x10 C:/Program Files/TeliumSDK/SDK11.16.8.02/SDKTPLUS/HW_T2/gnu_434/lib/GRAPHICLIB.LIB(GL_Timer_SetInterval.o)
 .data          0x00200820       0x10 C:/Program Files/TeliumSDK/SDK11.16.8.02/SDKTPLUS/HW_T2/gnu_434/lib/GRAPHICLIB.LIB(GL_Timer_Stop.o)
 .data          0x00200830       0x10 C:/Program Files/TeliumSDK/SDK11.16.8.02/SDKTPLUS/HW_T2/gnu_434/lib/GRAPHICLIB.LIB(GL_Widget_Destroy.o)
 .data          0x00200840       0x10 C:/Program Files/TeliumSDK/SDK11.16.8.02/SDKTPLUS/HW_T2/gnu_434/lib/GRAPHICLIB.LIB(GL_Widget_GetUserData.o)
 .data          0x00200850       0x10 C:/Program Files/TeliumSDK/SDK11.16.8.02/SDKTPLUS/HW_T2/gnu_434/lib/GRAPHICLIB.LIB(GL_Widget_RegisterCallback.o)
 .data          0x00200860       0x10 C:/Program Files/TeliumSDK/SDK11.16.8.02/SDKTPLUS/HW_T2/gnu_434/lib/GRAPHICLIB.LIB(GL_Widget_SearchId.o)
 .data          0x00200870       0x10 C:/Program Files/TeliumSDK/SDK11.16.8.02/SDKTPLUS/HW_T2/gnu_434/lib/GRAPHICLIB.LIB(GL_Widget_SetBackAlign.o)
 .data          0x00200880       0x10 C:/Program Files/TeliumSDK/SDK11.16.8.02/SDKTPLUS/HW_T2/gnu_434/lib/GRAPHICLIB.LIB(GL_Widget_SetBackColor.o)
 .data          0x00200890       0x10 C:/Program Files/TeliumSDK/SDK11.16.8.02/SDKTPLUS/HW_T2/gnu_434/lib/GRAPHICLIB.LIB(GL_Widget_SetBorders.o)
 .data          0x002008a0       0x10 C:/Program Files/TeliumSDK/SDK11.16.8.02/SDKTPLUS/HW_T2/gnu_434/lib/GRAPHICLIB.LIB(GL_Widget_SetExpand.o)
 .data          0x002008b0       0x10 C:/Program Files/TeliumSDK/SDK11.16.8.02/SDKTPLUS/HW_T2/gnu_434/lib/GRAPHICLIB.LIB(GL_Widget_SetFocusable.o)
 .data          0x002008c0       0x10 C:/Program Files/TeliumSDK/SDK11.16.8.02/SDKTPLUS/HW_T2/gnu_434/lib/GRAPHICLIB.LIB(GL_Widget_SetFontName.o)
 .data          0x002008d0       0x10 C:/Program Files/TeliumSDK/SDK11.16.8.02/SDKTPLUS/HW_T2/gnu_434/lib/GRAPHICLIB.LIB(GL_Widget_SetFontScale.o)